Archive member included to satisfy reference by file (symbol)

C:/devkitPro/libnx/lib\libnx.a(applet.o)
                              app.o (appletRequestLaunchApplication)
C:/devkitPro/libnx/lib\libnx.a(ns.o)
                              main.o (nsInitialize)
C:/devkitPro/libnx/lib\libnx.a(sm.o)
                              C:/devkitPro/libnx/lib\libnx.a(applet.o) (smGetServiceWrapper)
C:/devkitPro/libnx/lib\libnx.a(diag.o)
                              C:/devkitPro/libnx/lib\libnx.a(applet.o) (diagAbortWithResult)
C:/devkitPro/libnx/lib\libnx.a(env.o)
                              C:/devkitPro/libnx/lib\libnx.a(applet.o) (envIsNso)
C:/devkitPro/libnx/lib\libnx.a(hosversion.o)
                              C:/devkitPro/libnx/lib\libnx.a(applet.o) (hosversionGet)
C:/devkitPro/libnx/lib\libnx.a(pad.o)
                              main.o (padConfigureInput)
C:/devkitPro/libnx/lib\libnx.a(console.o)
                              main.o (consoleInit)
C:/devkitPro/libnx/lib\libnx.a(console_sw.o)
                              C:/devkitPro/libnx/lib\libnx.a(console.o) (getDefaultConsoleRenderer)
C:/devkitPro/libnx/lib\libnx.a(svc.o)
                              C:/devkitPro/libnx/lib\libnx.a(applet.o) (svcExitProcess)
C:/devkitPro/libnx/lib\libnx.a(switch_crt0.o)
                              (_start)
C:/devkitPro/libnx/lib\libnx.a(default_font.bin.o)
                              C:/devkitPro/libnx/lib\libnx.a(console.o) (default_font_bin)
C:/devkitPro/libnx/lib\libnx.a(event.o)
                              C:/devkitPro/libnx/lib\libnx.a(applet.o) (eventLoadRemote)
C:/devkitPro/libnx/lib\libnx.a(mutex.o)
                              C:/devkitPro/libnx/lib\libnx.a(applet.o) (mutexLock)
C:/devkitPro/libnx/lib\libnx.a(tmem.o)
                              C:/devkitPro/libnx/lib\libnx.a(applet.o) (tmemCreate)
C:/devkitPro/libnx/lib\libnx.a(virtmem.o)
                              C:/devkitPro/libnx/lib\libnx.a(tmem.o) (virtmemLock)
C:/devkitPro/libnx/lib\libnx.a(wait.o)
                              C:/devkitPro/libnx/lib\libnx.a(applet.o) (waitObjects)
C:/devkitPro/libnx/lib\libnx.a(apm.o)
                              C:/devkitPro/libnx/lib\libnx.a(applet.o) (apmInitialize)
C:/devkitPro/libnx/lib\libnx.a(hid.o)
                              C:/devkitPro/libnx/lib\libnx.a(pad.o) (hidGetNpadStyleSet)
C:/devkitPro/libnx/lib\libnx.a(nifm.o)
                              C:/devkitPro/libnx/lib\libnx.a(ns.o) (nifmGetClientId)
C:/devkitPro/libnx/lib\libnx.a(default_window.o)
                              C:/devkitPro/libnx/lib\libnx.a(console_sw.o) (nwindowGetDefault)
C:/devkitPro/libnx/lib\libnx.a(framebuffer.o)
                              C:/devkitPro/libnx/lib\libnx.a(console_sw.o) (framebufferMakeLinear)
C:/devkitPro/libnx/lib\libnx.a(native_window.o)
                              C:/devkitPro/libnx/lib\libnx.a(framebuffer.o) (nwindowIsValid)
C:/devkitPro/libnx/lib\libnx.a(alloc.o)
                              C:/devkitPro/libnx/lib\libnx.a(virtmem.o) (__libnx_alloc)
C:/devkitPro/libnx/lib\libnx.a(argv.o)
                              C:/devkitPro/libnx/lib\libnx.a(switch_crt0.o) (__system_argc)
C:/devkitPro/libnx/lib\libnx.a(dynamic.o)
                              C:/devkitPro/libnx/lib\libnx.a(switch_crt0.o) (__nx_dynamic)
C:/devkitPro/libnx/lib\libnx.a(init.o)
                              C:/devkitPro/libnx/lib\libnx.a(switch_crt0.o) (__libnx_init)
C:/devkitPro/libnx/lib\libnx.a(newlib.o)
                              C:/devkitPro/libnx/lib\libnx.a(init.o) (__libnx_init_time)
C:/devkitPro/libnx/lib\libnx.a(nxlink.o)
                              C:/devkitPro/libnx/lib\libnx.a(argv.o) (nxlinkSetup)
C:/devkitPro/libnx/lib\libnx.a(fs_dev.o)
                              C:/devkitPro/libnx/lib\libnx.a(init.o) (fsdevMountSdmc)
C:/devkitPro/libnx/lib\libnx.a(path_buf.o)
                              C:/devkitPro/libnx/lib\libnx.a(fs_dev.o) (__nx_dev_path_buf)
C:/devkitPro/libnx/lib\libnx.a(decode_utf8.o)
                              C:/devkitPro/libnx/lib\libnx.a(fs_dev.o) (decode_utf8)
C:/devkitPro/libnx/lib\libnx.a(cache.o)
                              C:/devkitPro/libnx/lib\libnx.a(framebuffer.o) (armDCacheFlush)
C:/devkitPro/libnx/lib\libnx.a(exception.o)
                              C:/devkitPro/libnx/lib\libnx.a(switch_crt0.o) (__libnx_exception_entry)
C:/devkitPro/libnx/lib\libnx.a(readtp.o)
                              C:/devkitPro/libnx/lib\libnx.a(fs_dev.o) (__aarch64_read_tp)
C:/devkitPro/libnx/lib\libnx.a(condvar.o)
                              C:/devkitPro/libnx/lib\libnx.a(newlib.o) (condvarWaitTimeout)
C:/devkitPro/libnx/lib\libnx.a(random.o)
                              C:/devkitPro/libnx/lib\libnx.a(virtmem.o) (randomGet64)
C:/devkitPro/libnx/lib\libnx.a(shmem.o)
                              C:/devkitPro/libnx/lib\libnx.a(hid.o) (shmemLoadRemote)
C:/devkitPro/libnx/lib\libnx.a(thread.o)
[...]
Memory Configuration

Name             Origin             Length             Attributes
*default*        0x0000000000000000 0xffffffffffffffff

Linker script and memory map

                0x0000000000000000                PROVIDE (__start__ = 0x0)
                0x0000000000000000                . = __start__
                [!provide]                        PROVIDE (__code_start = .)

.text           0x0000000000000000    0x34b48
 *(.crt0)
 .crt0          0x0000000000000000      0x124 C:/devkitPro/libnx/lib\libnx.a(switch_crt0.o)
                0x0000000000000000                _start
                0x00000000000000e0                __nx_exit
                0x00000000000000f0                __nx_mod0
 *(.text.unlikely .text.*_unlikely .text.unlikely.*)
 .text.unlikely._ZSt19__throw_logic_errorPKc
                0x0000000000000124       0x50 C:/devkitPro/devkitA64/bin/../lib/gcc/aarch64-none-elf/15.1.0/../../../../aarch64-none-elf/lib/pic\libstdc++.a(functexcept.o)
                0x0000000000000124                std::__throw_logic_error(char const*)
 .text.unlikely._ZSt20__throw_length_errorPKc
                0x0000000000000174       0x50 C:/devkitPro/devkitA64/bin/../lib/gcc/aarch64-none-elf/15.1.0/../../../../aarch64-none-elf/lib/pic\libstdc++.a(functexcept.o)
                0x0000000000000174                std::__throw_length_error(char const*)
 .text.unlikely._ZN9__gnu_cxx30__throw_concurrence_lock_errorEv
                0x00000000000001c4       0x34 C:/devkitPro/devkitA64/bin/../lib/gcc/aarch64-none-elf/15.1.0/../../../../aarch64-none-elf/lib/pic\libstdc++.a(eh_alloc.o)
                0x00000000000001c4                __gnu_cxx::__throw_concurrence_lock_error()
 .text.unlikely._ZN9__gnu_cxx32__throw_concurrence_unlock_errorEv
                0x00000000000001f8       0x34 C:/devkitPro/devkitA64/bin/../lib/gcc/aarch64-none-elf/15.1.0/../../../../aarch64-none-elf/lib/pic\libstdc++.a(eh_alloc.o)
                0x00000000000001f8                __gnu_cxx::__throw_concurrence_unlock_error()
 .text.unlikely._ZSt9terminatev
                0x000000000000022c       0x10 C:/devkitPro/devkitA64/bin/../lib/gcc/aarch64-none-elf/15.1.0/../../../../aarch64-none-elf/lib/pic\libstdc++.a(eh_terminate.o)
                0x000000000000022c                std::terminate()
 .text.unlikely._ZSt10unexpectedv
                0x000000000000023c       0x10 C:/devkitPro/devkitA64/bin/../lib/gcc/aarch64-none-elf/15.1.0/../../../../aarch64-none-elf/lib/pic\libstdc++.a(eh_terminate.o)
                0x000000000000023c                std::unexpected()
 .text.unlikely.__cxa_call_terminate
                0x000000000000024c       0x44 C:/devkitPro/devkitA64/bin/../lib/gcc/aarch64-none-elf/15.1.0/../../../../aarch64-none-elf/lib/pic\libstdc++.a(eh_call.o)
                0x000000000000024c                __cxa_call_terminate
 *(.text.exit .text.exit.*)
 *fill*         0x0000000000000290       0x10 
 .text.exit._GLOBAL__sub_D_eh_globals.cc
                0x00000000000002a0       0x34 C:/devkitPro/devkitA64/bin/../lib/gcc/aarch64-none-elf/15.1.0/../../../../aarch64-none-elf/lib/pic\libstdc++.a(eh_globals.o)
 *fill*         0x00000000000002d4        0xc 
 .text.exit     0x00000000000002e0       0x34 C:/devkitPro/devkitA64/bin/../lib/gcc/aarch64-none-elf/15.1.0/../../../../aarch64-none-elf/lib/pic\libg.a(libc_a-exit.o)
                0x00000000000002e0                exit
 *(.text.startup .text.startup.*)
 *fill*         0x0000000000000314        0xc 
 .text.startup.main
                0x0000000000000320      0x2d8 main.o
                0x0000000000000320                main
 *fill*         0x00000000000005f8        0x8 
 .text.startup._GLOBAL__sub_I_eh_alloc.cc
                0x0000000000000600      0x1f0 C:/devkitPro/devkitA64/bin/../lib/gcc/aarch64-none-elf/15.1.0/../../../../aarch64-none-elf/lib/pic\libstdc++.a(eh_alloc.o)
 *fill*         0x00000000000007f0       0x10 
 .text.startup._GLOBAL__sub_I_eh_globals.cc
                0x0000000000000800       0x38 C:/devkitPro/devkitA64/bin/../lib/gcc/aarch64-none-elf/15.1.0/../../../../aarch64-none-elf/lib/pic\libstdc++.a(eh_globals.o)
 *(.text.hot .text.hot.*)
 *(.text .stub .text.* .gnu.linkonce.t.*)
 *fill*         0x0000000000000838        0x8 
 .text.__do_global_dtors_aux
                0x0000000000000840       0x50 C:/devkitPro/devkitA64/bin/../lib/gcc/aarch64-none-elf/15.1.0/pic/crtbegin.o
 *fill*         0x0000000000000890       0x10 
 .text.frame_dummy
                0x00000000000008a0       0x24 C:/devkitPro/devkitA64/bin/../lib/gcc/aarch64-none-elf/15.1.0/pic/crtbegin.o
 *fill*         0x00000000000008c4        0xc 
 .text._ZNK3App7getNameB5cxx11Ev
                0x00000000000008d0       0xb4 app.o
                0x00000000000008d0                App::getName[abi:cxx11]() const
 *fill*         0x0000000000000984        0xc 
 .text._ZNK3App6launchEv
                0x0000000000000990       0x48 app.o
                0x0000000000000990                App::launch() const
 *fill*         0x00000000000009d8        0x8 
 .text._ZNSt7__cxx1112basic_stringIcSt11char_traitsIcESaIcEE12_M_constructILb1EEEvPKcm
                0x00000000000009e0       0xa0 app.o
                0x00000000000009e0                void std::__cxx11::basic_string<char, std::char_traits<char>, std::allocator<char> >::_M_construct<true>(char const*, unsigned long)
 .text._ZN3AppC2EmRKNSt7__cxx1112basic_stringIcSt11char_traitsIcESaIcEEES7_S7_PKh
                0x0000000000000a80       0x94 app.o
                0x0000000000000a80                App::App(unsigned long, std::__cxx11::basic_string<char, std::char_traits<char>, std::allocator<char> > const&, std::__cxx11::basic_string<char, std::char_traits<char>, std::allocator<char> > const&, std::__cxx11::basic_string<char, std::char_traits<char>, std::allocator<char> > const&, unsigned char const*)
                0x0000000000000a80                App::App(unsigned long, std::__cxx11::basic_string<char, std::char_traits<char>, std::allocator<char> > const&, std::__cxx11::basic_string<char, std::char_traits<char>, std::allocator<char> > const&, std::__cxx11::basic_string<char, std::char_traits<char>, std::allocator<char> > const&, unsigned char const*)
 *fill*         0x0000000000000b14        0xc 
 .text._ZNSt7__cxx1112basic_stringIcSt11char_traitsIcESaIcEE12_M_constructIPKcEEvT_S8_St20forward_iterator_tag.isra.0
                0x0000000000000b20       0xb4 util.o
 *fill*         0x0000000000000bd4        0xc 
 .text._ZN4util16getInstalledAppsEv
                0x0000000000000be0      0x488 util.o
                0x0000000000000be0                util::getInstalledApps()
 *fill*         0x0000000000001068        0x8 
 .text._appletInfiniteSleepLoop
                0x0000000000001070       0x18 C:/devkitPro/libnx/lib\libnx.a(applet.o)
 *fill*         0x0000000000001088        0x8 
 .text._appletCmdGetSession
                0x0000000000001090      0x108 C:/devkitPro/libnx/lib\libnx.a(applet.o)
 *fill*         0x0000000000001198        0x8 
 .text._appletCmdInU8NoOut
                0x00000000000011a0       0xcc C:/devkitPro/libnx/lib\libnx.a(applet.o)
 *fill*         0x000000000000126c        0x4 
 .text._appletCmdInU32NoOut
                0x0000000000001270       0xcc C:/devkitPro/libnx/lib\libnx.a(applet.o)
 *fill*         0x000000000000133c        0x4 
 .text._appletCmdInU64NoOut
                0x0000000000001340       0xcc C:/devkitPro/libnx/lib\libnx.a(applet.o)
 *fill*         0x000000000000140c        0x4 
 .text._appletCmdGetSessionInU64
                0x0000000000001410      0x114 C:/devkitPro/libnx/lib\libnx.a(applet.o)
 *fill*         0x0000000000001524        0xc 
 .text._appletCreateApplicationAndPushAndRequestToStart
                0x0000000000001530       0xd4 C:/devkitPro/libnx/lib\libnx.a(applet.o)
 *fill*         0x0000000000001604        0xc 
 .text._appletGetSessionProxy.constprop.0
                0x0000000000001610      0x12c C:/devkitPro/libnx/lib\libnx.a(applet.o)
 *fill*         0x000000000000173c        0x4 
 .text._appletOpenLibraryAppletProxy.constprop.0
                0x0000000000001740      0x148 C:/devkitPro/libnx/lib\libnx.a(applet.o)
 *fill*         0x0000000000001888        0x8 
 .text._appletCmdGetEvent
                0x0000000000001890       0xf8 C:/devkitPro/libnx/lib\libnx.a(applet.o)
 *fill*         0x0000000000001988        0x8 
 .text._appletCmdNoInOutU8.isra.0
                0x0000000000001990       0xd4 C:/devkitPro/libnx/lib\libnx.a(applet.o)
 *fill*         0x0000000000001a64        0xc 
 .text._appletCmdNoInOutU32.isra.0
                0x0000000000001a70       0xd4 C:/devkitPro/libnx/lib\libnx.a(applet.o)
 *fill*         0x0000000000001b44        0xc 
 .text._appletCmdNoInOutU64.isra.0
                0x0000000000001b50       0xd4 C:/devkitPro/libnx/lib\libnx.a(applet.o)
 *fill*         0x0000000000001c24        0xc 
 .text._appletCmdNoIO.isra.0
                0x0000000000001c30       0xc0 C:/devkitPro/libnx/lib\libnx.a(applet.o)
 .text.appletGetAppletType
                0x0000000000001cf0       0x10 C:/devkitPro/libnx/lib\libnx.a(applet.o)
                0x0000000000001cf0                appletGetAppletType
 .text.appletSetFocusHandlingMode
                0x0000000000001d00      0x1b8 C:/devkitPro/libnx/lib\libnx.a(applet.o)
                0x0000000000001d00                appletSetFocusHandlingMode
 *fill*         0x0000000000001eb8        0x8 
 .text.appletSetCpuBoostMode
                0x0000000000001ec0       0x5c C:/devkitPro/libnx/lib\libnx.a(applet.o)
                0x0000000000001ec0                appletSetCpuBoostMode
 *fill*         0x0000000000001f1c        0x4 
 .text.appletCreateManagedDisplayLayer
                0x0000000000001f20       0x2c C:/devkitPro/libnx/lib\libnx.a(applet.o)
                0x0000000000001f20                appletCreateManagedDisplayLayer
 *fill*         0x0000000000001f4c        0x4 
 .text.appletGetAppletResourceUserId
                0x0000000000001f50        0xc C:/devkitPro/libnx/lib\libnx.a(applet.o)
                0x0000000000001f50                appletGetAppletResourceUserId
 *fill*         0x0000000000001f5c        0x4 
 .text._appletHolderCreateState
                0x0000000000001f60      0x138 C:/devkitPro/libnx/lib\libnx.a(applet.o)
 *fill*         0x0000000000002098        0x8 
 .text.appletHolderClose
                0x00000000000020a0       0xb0 C:/devkitPro/libnx/lib\libnx.a(applet.o)
                0x00000000000020a0                appletHolderClose
 .text.appletHolderGetLibraryAppletInfo
                0x0000000000002150       0x24 C:/devkitPro/libnx/lib\libnx.a(applet.o)
                0x0000000000002150                appletHolderGetLibraryAppletInfo
 *fill*         0x0000000000002174        0xc 
 .text.appletCreateStorage
                0x0000000000002180       0x28 C:/devkitPro/libnx/lib\libnx.a(applet.o)
                0x0000000000002180                appletCreateStorage
 *fill*         0x00000000000021a8        0x8 
 .text.appletStorageClose
                0x00000000000021b0       0x90 C:/devkitPro/libnx/lib\libnx.a(applet.o)
                0x00000000000021b0                appletStorageClose
 .text.appletRequestLaunchApplication
                0x0000000000002240      0x19c C:/devkitPro/libnx/lib\libnx.a(applet.o)
                0x0000000000002240                appletRequestLaunchApplication
 *fill*         0x00000000000023dc        0x4 
 .text.appletNotifyRunning
                0x00000000000023e0       0x90 C:/devkitPro/libnx/lib\libnx.a(applet.o)
                0x00000000000023e0                appletNotifyRunning
 .text.appletSetGamePlayRecordingState
                0x0000000000002470       0x78 C:/devkitPro/libnx/lib\libnx.a(applet.o)
                0x0000000000002470                appletSetGamePlayRecordingState
 *fill*         0x00000000000024e8        0x8 
 .text._appletCleanup
                0x00000000000024f0      0xad4 C:/devkitPro/libnx/lib\libnx.a(applet.o)
 *fill*         0x0000000000002fc4        0xc 
 .text.appletExit
                0x0000000000002fd0       0x48 C:/devkitPro/libnx/lib\libnx.a(applet.o)
                0x0000000000002fd0                appletExit
 *fill*         0x0000000000003018        0x8 
 .text.appletGetLibraryAppletInfo
                0x0000000000003020       0x40 C:/devkitPro/libnx/lib\libnx.a(applet.o)
                0x0000000000003020                appletGetLibraryAppletInfo
 .text.appletInitialize
                0x0000000000003060      0xc14 C:/devkitPro/libnx/lib\libnx.a(applet.o)
                0x0000000000003060                appletInitialize
 *fill*         0x0000000000003c74        0xc 
 .text._appletExitProcess
                0x0000000000003c80       0x24 C:/devkitPro/libnx/lib\libnx.a(applet.o)
 *fill*         0x0000000000003ca4        0xc 
 .text.appletGetMessage
                0x0000000000003cb0       0x74 C:/devkitPro/libnx/lib\libnx.a(applet.o)
                0x0000000000003cb0                appletGetMessage
 *fill*         0x0000000000003d24        0xc 
 .text.appletProcessMessage
                0x0000000000003d30      0x264 C:/devkitPro/libnx/lib\libnx.a(applet.o)
                0x0000000000003d30                appletProcessMessage
 *fill*         0x0000000000003f94        0xc 
 .text.appletMainLoop
                0x0000000000003fa0       0x34 C:/devkitPro/libnx/lib\libnx.a(applet.o)
                0x0000000000003fa0                appletMainLoop
 *fill*         0x0000000000003fd4        0xc 
 .text._nsCleanup
                0x0000000000003fe0       0xc8 C:/devkitPro/libnx/lib\libnx.a(ns.o)
 *fill*         0x00000000000040a8        0x8 
 .text._nsGetSession.isra.0
                0x00000000000040b0       0xf4 C:/devkitPro/libnx/lib\libnx.a(ns.o)
 *fill*         0x00000000000041a4        0xc 
 .text.nsInitialize
                0x00000000000041b0      0x284 C:/devkitPro/libnx/lib\libnx.a(ns.o)
                0x00000000000041b0                nsInitialize
 *fill*         0x0000000000004434        0xc 
 .text.nsExit   0x0000000000004440       0x48 C:/devkitPro/libnx/lib\libnx.a(ns.o)
                0x0000000000004440                nsExit
 *fill*         0x0000000000004488        0x8 
 .text.nsGetReadOnlyApplicationControlDataInterface
                0x0000000000004490       0x5c C:/devkitPro/libnx/lib\libnx.a(ns.o)
                0x0000000000004490                nsGetReadOnlyApplicationControlDataInterface
 *fill*         0x00000000000044ec        0x4 
 .text.nsGetApplicationManagerInterface
                0x00000000000044f0       0x58 C:/devkitPro/libnx/lib\libnx.a(ns.o)
                0x00000000000044f0                nsGetApplicationManagerInterface
 *fill*         0x0000000000004548        0x8 
 .text.nsGetApplicationControlData
                0x0000000000004550      0x204 C:/devkitPro/libnx/lib\libnx.a(ns.o)
                0x0000000000004550                nsGetApplicationControlData
 *fill*         0x0000000000004754        0xc 
 .text.nsListApplicationRecord
                0x0000000000004760      0x1a8 C:/devkitPro/libnx/lib\libnx.a(ns.o)
                0x0000000000004760                nsListApplicationRecord
 *fill*         0x0000000000004908        0x8 
 .text._smCmifCmdInPid
                0x0000000000004910       0xcc C:/devkitPro/libnx/lib\libnx.a(sm.o)
 *fill*         0x00000000000049dc        0x4 
 .text._smCleanup
                0x00000000000049e0       0x78 C:/devkitPro/libnx/lib\libnx.a(sm.o)
 *fill*         0x0000000000004a58        0x8 
 .text.smAddOverrideHandle
                0x0000000000004a60       0x48 C:/devkitPro/libnx/lib\libnx.a(sm.o)
                0x0000000000004a60                smAddOverrideHandle
 *fill*         0x0000000000004aa8        0x8 
 .text.smGetServiceOverride
                0x0000000000004ab0       0x54 C:/devkitPro/libnx/lib\libnx.a(sm.o)
                0x0000000000004ab0                smGetServiceOverride
 *fill*         0x0000000000004b04        0xc 
 .text.smInitialize
                0x0000000000004b10      0x1ac C:/devkitPro/libnx/lib\libnx.a(sm.o)
                0x0000000000004b10                smInitialize
 *fill*         0x0000000000004cbc        0x4 
 .text.smExit   0x0000000000004cc0       0x48 C:/devkitPro/libnx/lib\libnx.a(sm.o)
                0x0000000000004cc0                smExit
 *fill*         0x0000000000004d08        0x8 
 .text.smGetServiceOriginal
                0x0000000000004d10       0xd0 C:/devkitPro/libnx/lib\libnx.a(sm.o)
                0x0000000000004d10                smGetServiceOriginal
 .text.smGetServiceWrapper
                0x0000000000004de0      0x120 C:/devkitPro/libnx/lib\libnx.a(sm.o)
                0x0000000000004de0                smGetServiceWrapper
 .text.diagAbortWithResult
                0x0000000000004f00       0x1c C:/devkitPro/libnx/lib\libnx.a(diag.o)
                0x0000000000004f00                diagAbortWithResult
 *fill*         0x0000000000004f1c        0x4 
 .text.envSetup
                0x0000000000004f20      0x208 C:/devkitPro/libnx/lib\libnx.a(env.o)
                0x0000000000004f20                envSetup
 *fill*         0x0000000000005128        0x8 
 .text.envGetMainThreadHandle
                0x0000000000005130       0x20 C:/devkitPro/libnx/lib\libnx.a(env.o)
                0x0000000000005130                envGetMainThreadHandle
 .text.envIsNso
                0x0000000000005150        0xc C:/devkitPro/libnx/lib\libnx.a(env.o)
                0x0000000000005150                envIsNso
 *fill*         0x000000000000515c        0x4 
 .text.envHasHeapOverride
                0x0000000000005160       0x14 C:/devkitPro/libnx/lib\libnx.a(env.o)
                0x0000000000005160                envHasHeapOverride
 *fill*         0x0000000000005174        0xc 
 .text.envGetHeapOverrideAddr
                0x0000000000005180        0xc C:/devkitPro/libnx/lib\libnx.a(env.o)
                0x0000000000005180                envGetHeapOverrideAddr
 *fill*         0x000000000000518c        0x4 
 .text.envGetHeapOverrideSize
                0x0000000000005190        0xc C:/devkitPro/libnx/lib\libnx.a(env.o)
                0x0000000000005190                envGetHeapOverrideSize
 *fill*         0x000000000000519c        0x4 
 .text.envHasArgv
                0x00000000000051a0       0x14 C:/devkitPro/libnx/lib\libnx.a(env.o)
                0x00000000000051a0                envHasArgv
 *fill*         0x00000000000051b4        0xc 
 .text.envGetArgv
                0x00000000000051c0        0xc C:/devkitPro/libnx/lib\libnx.a(env.o)
                0x00000000000051c0                envGetArgv
 *fill*         0x00000000000051cc        0x4 
 .text.envGetExitFuncPtr
                0x00000000000051d0        0xc C:/devkitPro/libnx/lib\libnx.a(env.o)
                0x00000000000051d0                envGetExitFuncPtr
 *fill*         0x00000000000051dc        0x4 
 .text.envSetExitFuncPtr
                0x00000000000051e0        0xc C:/devkitPro/libnx/lib\libnx.a(env.o)
                0x00000000000051e0                envSetExitFuncPtr
 *fill*         0x00000000000051ec        0x4 
 .text.envHasRandomSeed
                0x00000000000051f0        0xc C:/devkitPro/libnx/lib\libnx.a(env.o)
                0x00000000000051f0                envHasRandomSeed
 *fill*         0x00000000000051fc        0x4 
 .text.envGetRandomSeed
                0x0000000000005200       0x10 C:/devkitPro/libnx/lib\libnx.a(env.o)
                0x0000000000005200                envGetRandomSeed
 .text.hosversionGet
                0x0000000000005210       0x14 C:/devkitPro/libnx/lib\libnx.a(hosversion.o)
                0x0000000000005210                hosversionGet
 *fill*         0x0000000000005224        0xc 
 .text.hosversionSet
                0x0000000000005230       0x10 C:/devkitPro/libnx/lib\libnx.a(hosversion.o)
                0x0000000000005230                hosversionSet
 .text.padConfigureInput
                0x0000000000005240       0x9c C:/devkitPro/libnx/lib\libnx.a(pad.o)
                0x0000000000005240                padConfigureInput
 *fill*         0x00000000000052dc        0x4 
 .text.padInitializeWithMask
                0x00000000000052e0       0x24 C:/devkitPro/libnx/lib\libnx.a(pad.o)
                0x00000000000052e0                padInitializeWithMask
 *fill*         0x0000000000005304        0xc 
 .text.padUpdate
                0x0000000000005310      0x294 C:/devkitPro/libnx/lib\libnx.a(pad.o)
                0x0000000000005310                padUpdate
 *fill*         0x00000000000055a4        0xc 
 .text.consoleDrawChar
                0x00000000000055b0       0x48 C:/devkitPro/libnx/lib\libnx.a(console.o)
 *fill*         0x00000000000055f8        0x8 
 .text.parseColor
                0x0000000000005600      0x21c C:/devkitPro/libnx/lib\libnx.a(console.o)
 *fill*         0x000000000000581c        0x4 
 .text.consoleNewRow
                0x0000000000005820       0xb4 C:/devkitPro/libnx/lib\libnx.a(console.o)
 *fill*         0x00000000000058d4        0xc 
 .text.con_write
                0x00000000000058e0      0xbf8 C:/devkitPro/libnx/lib\libnx.a(console.o)
 *fill*         0x00000000000064d8        0x8 
 .text.consoleInit
                0x00000000000064e0      0x154 C:/devkitPro/libnx/lib\libnx.a(console.o)
                0x00000000000064e0                consoleInit
 *fill*         0x0000000000006634        0xc 
 .text.consoleExit
                0x0000000000006640       0x44 C:/devkitPro/libnx/lib\libnx.a(console.o)
                0x0000000000006640                consoleExit
 *fill*         0x0000000000006684        0xc 
 .text.consoleUpdate
                0x0000000000006690       0x2c C:/devkitPro/libnx/lib\libnx.a(console.o)
                0x0000000000006690                consoleUpdate
 *fill*         0x00000000000066bc        0x4 
 .text.consoleClear
                0x00000000000066c0       0x84 C:/devkitPro/libnx/lib\libnx.a(console.o)
                0x00000000000066c0                consoleClear
 *fill*         0x0000000000006744        0xc 
 .text.ConsoleSwRenderer_drawChar
                0x0000000000006750      0x1bc C:/devkitPro/libnx/lib\libnx.a(console_sw.o)
 *fill*         0x000000000000690c        0x4 
 .text.ConsoleSwRenderer_init
                0x0000000000006910       0xe8 C:/devkitPro/libnx/lib\libnx.a(console_sw.o)
 *fill*         0x00000000000069f8        0x8 
 .text.ConsoleSwRenderer_flushAndSwap
                0x0000000000006a00       0x78 C:/devkitPro/libnx/lib\libnx.a(console_sw.o)
 *fill*         0x0000000000006a78        0x8 
 .text.ConsoleSwRenderer_scrollWindow
                0x0000000000006a80       0xd4 C:/devkitPro/libnx/lib\libnx.a(console_sw.o)
 *fill*         0x0000000000006b54        0xc 
 .text.ConsoleSwRenderer_deinit
                0x0000000000006b60       0x50 C:/devkitPro/libnx/lib\libnx.a(console_sw.o)
 .text.getDefaultConsoleRenderer
                0x0000000000006bb0        0xc C:/devkitPro/libnx/lib\libnx.a(console_sw.o)
                0x0000000000006bb0                getDefaultConsoleRenderer
 .text.svcSetHeapSize
                0x0000000000006bbc       0x14 C:/devkitPro/libnx/lib\libnx.a(svc.o)
                0x0000000000006bbc                svcSetHeapSize
 .text.svcSetMemoryPermission
                0x0000000000006bd0        0x8 C:/devkitPro/libnx/lib\libnx.a(svc.o)
                0x0000000000006bd0                svcSetMemoryPermission
 .text.svcSetMemoryAttribute
                0x0000000000006bd8        0x8 C:/devkitPro/libnx/lib\libnx.a(svc.o)
                0x0000000000006bd8                svcSetMemoryAttribute
 .text.svcUnmapMemory
                0x0000000000006be0        0x8 C:/devkitPro/libnx/lib\libnx.a(svc.o)
                0x0000000000006be0                svcUnmapMemory
 .text.svcQueryMemory
                0x0000000000006be8       0x14 C:/devkitPro/libnx/lib\libnx.a(svc.o)
                0x0000000000006be8                svcQueryMemory
 .text.svcExitProcess
                0x0000000000006bfc        0x8 C:/devkitPro/libnx/lib\libnx.a(svc.o)
                0x0000000000006bfc                svcExitProcess
 .text.svcSleepThread
                0x0000000000006c04        0x8 C:/devkitPro/libnx/lib\libnx.a(svc.o)
                0x0000000000006c04                svcSleepThread
 .text.svcMapSharedMemory
                0x0000000000006c0c        0x8 C:/devkitPro/libnx/lib\libnx.a(svc.o)
                0x0000000000006c0c                svcMapSharedMemory
 .text.svcUnmapSharedMemory
                0x0000000000006c14        0x8 C:/devkitPro/libnx/lib\libnx.a(svc.o)
                0x0000000000006c14                svcUnmapSharedMemory
 .text.svcCreateTransferMemory
                0x0000000000006c1c       0x14 C:/devkitPro/libnx/lib\libnx.a(svc.o)
                0x0000000000006c1c                svcCreateTransferMemory
 .text.svcCloseHandle
                0x0000000000006c30        0x8 C:/devkitPro/libnx/lib\libnx.a(svc.o)
                0x0000000000006c30                svcCloseHandle
 .text.svcResetSignal
                0x0000000000006c38        0x8 C:/devkitPro/libnx/lib\libnx.a(svc.o)
                0x0000000000006c38                svcResetSignal
 .text.svcWaitSynchronization
                0x0000000000006c40       0x14 C:/devkitPro/libnx/lib\libnx.a(svc.o)
                0x0000000000006c40                svcWaitSynchronization
 .text.svcArbitrateLock
                0x0000000000006c54        0x8 C:/devkitPro/libnx/lib\libnx.a(svc.o)
                0x0000000000006c54                svcArbitrateLock
 .text.svcArbitrateUnlock
                0x0000000000006c5c        0x8 C:/devkitPro/libnx/lib\libnx.a(svc.o)
                0x0000000000006c5c                svcArbitrateUnlock
 .text.svcWaitProcessWideKeyAtomic
                0x0000000000006c64        0x8 C:/devkitPro/libnx/lib\libnx.a(svc.o)
                0x0000000000006c64                svcWaitProcessWideKeyAtomic
 .text.svcSignalProcessWideKey
                0x0000000000006c6c        0x8 C:/devkitPro/libnx/lib\libnx.a(svc.o)
                0x0000000000006c6c                svcSignalProcessWideKey
 .text.svcConnectToNamedPort
                0x0000000000006c74       0x14 C:/devkitPro/libnx/lib\libnx.a(svc.o)
                0x0000000000006c74                svcConnectToNamedPort
 .text.svcSendSyncRequest
                0x0000000000006c88        0x8 C:/devkitPro/libnx/lib\libnx.a(svc.o)
                0x0000000000006c88                svcSendSyncRequest
 .text.svcBreak
                0x0000000000006c90        0x8 C:/devkitPro/libnx/lib\libnx.a(svc.o)
                0x0000000000006c90                svcBreak
 .text.svcReturnFromException
                0x0000000000006c98        0x8 C:/devkitPro/libnx/lib\libnx.a(svc.o)
                0x0000000000006c98                svcReturnFromException
 .text.svcGetInfo
                0x0000000000006ca0       0x14 C:/devkitPro/libnx/lib\libnx.a(svc.o)
                0x0000000000006ca0                svcGetInfo
 .text.svcUnmapTransferMemory
                0x0000000000006cb4        0x8 C:/devkitPro/libnx/lib\libnx.a(svc.o)
                0x0000000000006cb4                svcUnmapTransferMemory
 *fill*         0x0000000000006cbc        0x4 
 .text.eventLoadRemote
                0x0000000000006cc0        0xc C:/devkitPro/libnx/lib\libnx.a(event.o)
                0x0000000000006cc0                eventLoadRemote
 *fill*         0x0000000000006ccc        0x4 
 .text.eventWait
                0x0000000000006cd0       0x34 C:/devkitPro/libnx/lib\libnx.a(event.o)
                0x0000000000006cd0                eventWait
 *fill*         0x0000000000006d04        0xc 
 .text.eventClose
                0x0000000000006d10       0x54 C:/devkitPro/libnx/lib\libnx.a(event.o)
                0x0000000000006d10                eventClose
 *fill*         0x0000000000006d64        0xc 
 .text.mutexLock
                0x0000000000006d70       0xc8 C:/devkitPro/libnx/lib\libnx.a(mutex.o)
                0x0000000000006d70                mutexLock
 *fill*         0x0000000000006e38        0x8 
 .text.mutexUnlock
                0x0000000000006e40       0x68 C:/devkitPro/libnx/lib\libnx.a(mutex.o)
                0x0000000000006e40                mutexUnlock
 *fill*         0x0000000000006ea8        0x8 
 .text.mutexIsLockedByCurrentThread
                0x0000000000006eb0       0x1c C:/devkitPro/libnx/lib\libnx.a(mutex.o)
                0x0000000000006eb0                mutexIsLockedByCurrentThread
 *fill*         0x0000000000006ecc        0x4 
 .text.rmutexLock
                0x0000000000006ed0       0x58 C:/devkitPro/libnx/lib\libnx.a(mutex.o)
                0x0000000000006ed0                rmutexLock
 *fill*         0x0000000000006f28        0x8 
 .text.rmutexUnlock
                0x0000000000006f30       0x1c C:/devkitPro/libnx/lib\libnx.a(mutex.o)
                0x0000000000006f30                rmutexUnlock
 *fill*         0x0000000000006f4c        0x4 
 .text.tmemCreate
                0x0000000000006f50       0xa8 C:/devkitPro/libnx/lib\libnx.a(tmem.o)
                0x0000000000006f50                tmemCreate
 *fill*         0x0000000000006ff8        0x8 
 .text.tmemUnmap
                0x0000000000007000       0x34 C:/devkitPro/libnx/lib\libnx.a(tmem.o)
                0x0000000000007000                tmemUnmap
 *fill*         0x0000000000007034        0xc 
 .text.tmemCloseHandle
                0x0000000000007040       0x30 C:/devkitPro/libnx/lib\libnx.a(tmem.o)
                0x0000000000007040                tmemCloseHandle
 .text.tmemWaitForPermission
                0x0000000000007070       0x9c C:/devkitPro/libnx/lib\libnx.a(tmem.o)
                0x0000000000007070                tmemWaitForPermission
 *fill*         0x000000000000710c        0x4 
 .text.tmemClose
                0x0000000000007110       0x50 C:/devkitPro/libnx/lib\libnx.a(tmem.o)
                0x0000000000007110                tmemClose
 .text._memregionInitWithInfo
                0x0000000000007160       0x64 C:/devkitPro/libnx/lib\libnx.a(virtmem.o)
 *fill*         0x00000000000071c4        0xc 
 .text.__libnx_virtmem_rng
                0x00000000000071d0        0x4 C:/devkitPro/libnx/lib\libnx.a(virtmem.o)
                0x00000000000071d0                __libnx_virtmem_rng
 *fill*         0x00000000000071d4        0xc 
 .text._memregionFindRandom
                0x00000000000071e0      0x164 C:/devkitPro/libnx/lib\libnx.a(virtmem.o)
 *fill*         0x0000000000007344        0xc 
 .text.virtmemSetup
                0x0000000000007350      0x140 C:/devkitPro/libnx/lib\libnx.a(virtmem.o)
                0x0000000000007350                virtmemSetup
 .text.virtmemLock
                0x0000000000007490        0xc C:/devkitPro/libnx/lib\libnx.a(virtmem.o)
                0x0000000000007490                virtmemLock
 *fill*         0x000000000000749c        0x4 
 .text.virtmemUnlock
                0x00000000000074a0        0xc C:/devkitPro/libnx/lib\libnx.a(virtmem.o)
                0x00000000000074a0                virtmemUnlock
 *fill*         0x00000000000074ac        0x4 
 .text.virtmemFindAslr
                0x00000000000074b0       0x50 C:/devkitPro/libnx/lib\libnx.a(virtmem.o)
                0x00000000000074b0                virtmemFindAslr
 .text.waitObjects
                0x0000000000007500      0x57c C:/devkitPro/libnx/lib\libnx.a(wait.o)
                0x0000000000007500                waitObjects
 *fill*         0x0000000000007a7c        0x4 
 .text._apmCleanup
                0x0000000000007a80       0xd4 C:/devkitPro/libnx/lib\libnx.a(apm.o)
 *fill*         0x0000000000007b54        0xc 
 .text.apmInitialize
                0x0000000000007b60      0x194 C:/devkitPro/libnx/lib\libnx.a(apm.o)
                0x0000000000007b60                apmInitialize
 *fill*         0x0000000000007cf4        0xc 
 .text.apmExit  0x0000000000007d00       0x48 C:/devkitPro/libnx/lib\libnx.a(apm.o)
                0x0000000000007d00                apmExit
 *fill*         0x0000000000007d48        0x8 
 .text.apmSetPerformanceConfiguration
                0x0000000000007d50       0xc8 C:/devkitPro/libnx/lib\libnx.a(apm.o)
                0x0000000000007d50                apmSetPerformanceConfiguration
 *fill*         0x0000000000007e18        0x8 
 .text._hidCleanup
                0x0000000000007e20      0x12c C:/devkitPro/libnx/lib\libnx.a(hid.o)
 *fill*         0x0000000000007f4c        0x4 
 .text._hidCmdInAruidNoOut
                0x0000000000007f50       0xd4 C:/devkitPro/libnx/lib\libnx.a(hid.o)
 *fill*         0x0000000000008024        0xc 
 .text._hidCmdInU32AruidNoOut
                0x0000000000008030       0xe0 C:/devkitPro/libnx/lib\libnx.a(hid.o)
 .text._hidGetStates
                0x0000000000008110      0x194 C:/devkitPro/libnx/lib\libnx.a(hid.o)
 *fill*         0x00000000000082a4        0xc 
 .text.hidInitialize
                0x00000000000082b0      0x26c C:/devkitPro/libnx/lib\libnx.a(hid.o)
                0x00000000000082b0                hidInitialize
 *fill*         0x000000000000851c        0x4 
 .text.hidExit  0x0000000000008520       0x48 C:/devkitPro/libnx/lib\libnx.a(hid.o)
                0x0000000000008520                hidExit
 *fill*         0x0000000000008568        0x8 
 .text.hidGetSharedmemAddr
                0x0000000000008570        0xc C:/devkitPro/libnx/lib\libnx.a(hid.o)
                0x0000000000008570                hidGetSharedmemAddr
 *fill*         0x000000000000857c        0x4 
 .text.hidGetNpadStyleSet
                0x0000000000008580       0x90 C:/devkitPro/libnx/lib\libnx.a(hid.o)
                0x0000000000008580                hidGetNpadStyleSet
 .text.hidInitializeNpad
                0x0000000000008610       0x84 C:/devkitPro/libnx/lib\libnx.a(hid.o)
                0x0000000000008610                hidInitializeNpad
 *fill*         0x0000000000008694        0xc 
 .text.hidGetNpadStatesFullKey
                0x00000000000086a0       0xa4 C:/devkitPro/libnx/lib\libnx.a(hid.o)
                0x00000000000086a0                hidGetNpadStatesFullKey
 *fill*         0x0000000000008744        0xc 
 .text.hidGetNpadStatesHandheld
                0x0000000000008750       0xa4 C:/devkitPro/libnx/lib\libnx.a(hid.o)
                0x0000000000008750                hidGetNpadStatesHandheld
 *fill*         0x00000000000087f4        0xc 
 .text.hidGetNpadStatesJoyDual
                0x0000000000008800       0xa4 C:/devkitPro/libnx/lib\libnx.a(hid.o)
                0x0000000000008800                hidGetNpadStatesJoyDual
 *fill*         0x00000000000088a4        0xc 
 .text.hidGetNpadStatesJoyLeft
                0x00000000000088b0       0xa4 C:/devkitPro/libnx/lib\libnx.a(hid.o)
                0x00000000000088b0                hidGetNpadStatesJoyLeft
 *fill*         0x0000000000008954        0xc 
 .text.hidGetNpadStatesJoyRight
                0x0000000000008960       0xa4 C:/devkitPro/libnx/lib\libnx.a(hid.o)
                0x0000000000008960                hidGetNpadStatesJoyRight
 *fill*         0x0000000000008a04        0xc 
 .text.hidGetNpadStatesGc
                0x0000000000008a10      0x144 C:/devkitPro/libnx/lib\libnx.a(hid.o)
                0x0000000000008a10                hidGetNpadStatesGc
 *fill*         0x0000000000008b54        0xc 
 .text.hidGetNpadStatesSystemExt
                0x0000000000008b60       0xa8 C:/devkitPro/libnx/lib\libnx.a(hid.o)
                0x0000000000008b60                hidGetNpadStatesSystemExt
 *fill*         0x0000000000008c08        0x8 
 .text.hidSetSupportedNpadStyleSet
                0x0000000000008c10        0x8 C:/devkitPro/libnx/lib\libnx.a(hid.o)
                0x0000000000008c10                hidSetSupportedNpadStyleSet
 *fill*         0x0000000000008c18        0x8 
 .text.hidSetSupportedNpadIdType
                0x0000000000008c20      0x100 C:/devkitPro/libnx/lib\libnx.a(hid.o)
                0x0000000000008c20                hidSetSupportedNpadIdType
 .text.nwindowGetDefault
                0x0000000000008d20        0xc C:/devkitPro/libnx/lib\libnx.a(default_window.o)
                0x0000000000008d20                nwindowGetDefault
 *fill*         0x0000000000008d2c        0x4 
 .text.__nx_win_init
                0x0000000000008d30       0xa4 C:/devkitPro/libnx/lib\libnx.a(default_window.o)
                0x0000000000008d30                __nx_win_init
 *fill*         0x0000000000008dd4        0xc 
 .text.__nx_win_exit
                0x0000000000008de0       0x34 C:/devkitPro/libnx/lib\libnx.a(default_window.o)
                0x0000000000008de0                __nx_win_exit
 *fill*         0x0000000000008e14        0xc 
 .text.framebufferMakeLinear
                0x0000000000008e20       0x8c C:/devkitPro/libnx/lib\libnx.a(framebuffer.o)
                0x0000000000008e20                framebufferMakeLinear
 *fill*         0x0000000000008eac        0x4 
 .text.framebufferClose
                0x0000000000008eb0       0x84 C:/devkitPro/libnx/lib\libnx.a(framebuffer.o)
                0x0000000000008eb0                framebufferClose
 *fill*         0x0000000000008f34        0xc 
 .text.framebufferCreate
                0x0000000000008f40      0x290 C:/devkitPro/libnx/lib\libnx.a(framebuffer.o)
                0x0000000000008f40                framebufferCreate
 .text.framebufferBegin
                0x00000000000091d0       0x7c C:/devkitPro/libnx/lib\libnx.a(framebuffer.o)
                0x00000000000091d0                framebufferBegin
 *fill*         0x000000000000924c        0x4 
 .text.framebufferEnd
                0x0000000000009250      0x190 C:/devkitPro/libnx/lib\libnx.a(framebuffer.o)
                0x0000000000009250                framebufferEnd
 .text.nwindowIsValid
                0x00000000000093e0       0x24 C:/devkitPro/libnx/lib\libnx.a(native_window.o)
                0x00000000000093e0                nwindowIsValid
 *fill*         0x0000000000009404        0xc 
 .text.nwindowClose
                0x0000000000009410       0x7c C:/devkitPro/libnx/lib\libnx.a(native_window.o)
                0x0000000000009410                nwindowClose
 *fill*         0x000000000000948c        0x4 
 .text.nwindowCreate
                0x0000000000009490       0xf8 C:/devkitPro/libnx/lib\libnx.a(native_window.o)
                0x0000000000009490                nwindowCreate
 *fill*         0x0000000000009588        0x8 
 .text.nwindowCreateFromLayer
                0x0000000000009590       0x38 C:/devkitPro/libnx/lib\libnx.a(native_window.o)
                0x0000000000009590                nwindowCreateFromLayer
 *fill*         0x00000000000095c8        0x8 
 .text.nwindowSetDimensions
                0x00000000000095d0       0x84 C:/devkitPro/libnx/lib\libnx.a(native_window.o)
                0x00000000000095d0                nwindowSetDimensions
 *fill*         0x0000000000009654        0xc 
 .text.nwindowConfigureBuffer
                0x0000000000009660      0x180 C:/devkitPro/libnx/lib\libnx.a(native_window.o)
                0x0000000000009660                nwindowConfigureBuffer
 .text.nwindowDequeueBuffer
                0x00000000000097e0      0x1cc C:/devkitPro/libnx/lib\libnx.a(native_window.o)
                0x00000000000097e0                nwindowDequeueBuffer
 *fill*         0x00000000000099ac        0x4 
 .text.nwindowQueueBuffer
                0x00000000000099b0      0x12c C:/devkitPro/libnx/lib\libnx.a(native_window.o)
                0x00000000000099b0                nwindowQueueBuffer
 *fill*         0x0000000000009adc        0x4 
 .text.nwindowReleaseBuffers
                0x0000000000009ae0       0xbc C:/devkitPro/libnx/lib\libnx.a(native_window.o)
                0x0000000000009ae0                nwindowReleaseBuffers
 *fill*         0x0000000000009b9c        0x4 
 .text.__libnx_alloc
                0x0000000000009ba0        0x4 C:/devkitPro/libnx/lib\libnx.a(alloc.o)
                0x0000000000009ba0                __libnx_alloc
 *fill*         0x0000000000009ba4        0xc 
 .text.__libnx_aligned_alloc
                0x0000000000009bb0       0x14 C:/devkitPro/libnx/lib\libnx.a(alloc.o)
                0x0000000000009bb0                __libnx_aligned_alloc
 *fill*         0x0000000000009bc4        0xc 
 .text.__libnx_free
                0x0000000000009bd0        0x4 C:/devkitPro/libnx/lib\libnx.a(alloc.o)
                0x0000000000009bd0                __libnx_free
 *fill*         0x0000000000009bd4        0xc 
 .text.argvSetup
                0x0000000000009be0      0x314 C:/devkitPro/libnx/lib\libnx.a(argv.o)
                0x0000000000009be0                argvSetup
 *fill*         0x0000000000009ef4        0xc 
 .text.__nx_dynamic
                0x0000000000009f00      0x1fc C:/devkitPro/libnx/lib\libnx.a(dynamic.o)
                0x0000000000009f00                __nx_dynamic
 *fill*         0x000000000000a0fc        0x4 
 .text.__libnx_initheap
                0x000000000000a100       0xd0 C:/devkitPro/libnx/lib\libnx.a(init.o)
                0x000000000000a100                __libnx_initheap
 .text.__appInit
                0x000000000000a1d0       0xec C:/devkitPro/libnx/lib\libnx.a(init.o)
                0x000000000000a1d0                __appInit
 *fill*         0x000000000000a2bc        0x4 
 .text.__appExit
                0x000000000000a2c0       0x44 C:/devkitPro/libnx/lib\libnx.a(init.o)
                0x000000000000a2c0                __appExit
 *fill*         0x000000000000a304        0xc 
 .text.__libnx_init
                0x000000000000a310       0x2c C:/devkitPro/libnx/lib\libnx.a(init.o)
                0x000000000000a310                __libnx_init
 *fill*         0x000000000000a33c        0x4 
 .text.__libnx_exit
                0x000000000000a340       0x1c C:/devkitPro/libnx/lib\libnx.a(init.o)
                0x000000000000a340                __libnx_exit
 *fill*         0x000000000000a35c        0x4 
 .text.__syscall_exit
                0x000000000000a360       0x1c C:/devkitPro/libnx/lib\libnx.a(newlib.o)
                0x000000000000a360                __syscall_exit
 *fill*         0x000000000000a37c        0x4 
 .text.__syscall_getreent
                0x000000000000a380       0x34 C:/devkitPro/libnx/lib\libnx.a(newlib.o)
                0x000000000000a380                __syscall_getreent
 *fill*         0x000000000000a3b4        0xc 
 .text.__syscall_lock_acquire
                0x000000000000a3c0        0x4 C:/devkitPro/libnx/lib\libnx.a(newlib.o)
                0x000000000000a3c0                __syscall_lock_acquire
 *fill*         0x000000000000a3c4        0xc 
 .text.__syscall_lock_release
                0x000000000000a3d0        0x4 C:/devkitPro/libnx/lib\libnx.a(newlib.o)
                0x000000000000a3d0                __syscall_lock_release
 *fill*         0x000000000000a3d4        0xc 
 .text.__syscall_lock_acquire_recursive
                0x000000000000a3e0        0x4 C:/devkitPro/libnx/lib\libnx.a(newlib.o)
                0x000000000000a3e0                __syscall_lock_acquire_recursive
 *fill*         0x000000000000a3e4        0xc 
 .text.__syscall_lock_release_recursive
                0x000000000000a3f0        0x4 C:/devkitPro/libnx/lib\libnx.a(newlib.o)
                0x000000000000a3f0                __syscall_lock_release_recursive
 *fill*         0x000000000000a3f4        0xc 
 .text.__syscall_cond_broadcast
                0x000000000000a400       0x1c C:/devkitPro/libnx/lib\libnx.a(newlib.o)
                0x000000000000a400                __syscall_cond_broadcast
 *fill*         0x000000000000a41c        0x4 
 .text.__syscall_cond_wait
                0x000000000000a420       0x3c C:/devkitPro/libnx/lib\libnx.a(newlib.o)
                0x000000000000a420                __syscall_cond_wait
 *fill*         0x000000000000a45c        0x4 
 .text.__syscall_tls_create
                0x000000000000a460       0x40 C:/devkitPro/libnx/lib\libnx.a(newlib.o)
                0x000000000000a460                __syscall_tls_create
 .text.__syscall_tls_set
                0x000000000000a4a0       0x18 C:/devkitPro/libnx/lib\libnx.a(newlib.o)
                0x000000000000a4a0                __syscall_tls_set
 *fill*         0x000000000000a4b8        0x8 
 .text.__syscall_tls_get
                0x000000000000a4c0        0x4 C:/devkitPro/libnx/lib\libnx.a(newlib.o)
                0x000000000000a4c0                __syscall_tls_get
 *fill*         0x000000000000a4c4        0xc 
 .text.__syscall_tls_delete
                0x000000000000a4d0       0x18 C:/devkitPro/libnx/lib\libnx.a(newlib.o)
                0x000000000000a4d0                __syscall_tls_delete
 *fill*         0x000000000000a4e8        0x8 
 .text.__libnx_init_time
                0x000000000000a4f0      0x25c C:/devkitPro/libnx/lib\libnx.a(newlib.o)
                0x000000000000a4f0                __libnx_init_time
 *fill*         0x000000000000a74c        0x4 
 .text.newlibSetup
                0x000000000000a750       0x98 C:/devkitPro/libnx/lib\libnx.a(newlib.o)
                0x000000000000a750                newlibSetup
 *fill*         0x000000000000a7e8        0x8 
 .text.nxlinkSetup
                0x000000000000a7f0       0xe8 C:/devkitPro/libnx/lib\libnx.a(nxlink.o)
                0x000000000000a7f0                nxlinkSetup
 *fill*         0x000000000000a8d8        0x8 
 .text.fsdev_link
                0x000000000000a8e0       0x10 C:/devkitPro/libnx/lib\libnx.a(fs_dev.o)
 .text.fsdev_dirreset
                0x000000000000a8f0       0x10 C:/devkitPro/libnx/lib\libnx.a(fs_dev.o)
 .text.fsdev_chmod
                0x000000000000a900       0x10 C:/devkitPro/libnx/lib\libnx.a(fs_dev.o)
 .text.error_cmp
                0x000000000000a910       0x18 C:/devkitPro/libnx/lib\libnx.a(fs_dev.o)
 *fill*         0x000000000000a928        0x8 
 .text.fsdev_dirclose
                0x000000000000a930       0x20 C:/devkitPro/libnx/lib\libnx.a(fs_dev.o)
 .text.fsdev_close
                0x000000000000a950       0x1c C:/devkitPro/libnx/lib\libnx.a(fs_dev.o)
 *fill*         0x000000000000a96c        0x4 
 .text.fsdev_converttimetoutc
                0x000000000000a970       0x74 C:/devkitPro/libnx/lib\libnx.a(fs_dev.o)
 *fill*         0x000000000000a9e4        0xc 
 .text.fsdevFindDevice.part.0
                0x000000000000a9f0       0xd4 C:/devkitPro/libnx/lib\libnx.a(fs_dev.o)
 *fill*         0x000000000000aac4        0xc 
 .text.fsdev_fixpath
                0x000000000000aad0      0x1cc C:/devkitPro/libnx/lib\libnx.a(fs_dev.o)
 *fill*         0x000000000000ac9c        0x4 
 .text._fsdevUnmountDeviceStruct.part.0
                0x000000000000aca0       0x9c C:/devkitPro/libnx/lib\libnx.a(fs_dev.o)
 *fill*         0x000000000000ad3c        0x4 
 .text.fsdev_fchmod
                0x000000000000ad40       0x10 C:/devkitPro/libnx/lib\libnx.a(fs_dev.o)
 .text.fsdev_diropen
                0x000000000000ad50      0x100 C:/devkitPro/libnx/lib\libnx.a(fs_dev.o)
 .text.fsdev_statvfs
                0x000000000000ae50       0xf8 C:/devkitPro/libnx/lib\libnx.a(fs_dev.o)
 *fill*         0x000000000000af48        0x8 
 .text.fsdev_fsync
                0x000000000000af50       0x7c C:/devkitPro/libnx/lib\libnx.a(fs_dev.o)
 *fill*         0x000000000000afcc        0x4 
 .text.fsdev_fstat
                0x000000000000afd0       0xec C:/devkitPro/libnx/lib\libnx.a(fs_dev.o)
 *fill*         0x000000000000b0bc        0x4 
 .text.fsdev_ftruncate
                0x000000000000b0c0       0x94 C:/devkitPro/libnx/lib\libnx.a(fs_dev.o)
 *fill*         0x000000000000b154        0xc 
 .text.fsdev_stat
                0x000000000000b160      0x1d8 C:/devkitPro/libnx/lib\libnx.a(fs_dev.o)
 *fill*         0x000000000000b338        0x8 
 .text.fsdev_rename
                0x000000000000b340      0x14c C:/devkitPro/libnx/lib\libnx.a(fs_dev.o)
 *fill*         0x000000000000b48c        0x4 
 .text.fsdev_chdir
                0x000000000000b490      0x13c C:/devkitPro/libnx/lib\libnx.a(fs_dev.o)
 *fill*         0x000000000000b5cc        0x4 
 .text.fsdev_rmdir
                0x000000000000b5d0       0xa4 C:/devkitPro/libnx/lib\libnx.a(fs_dev.o)
 *fill*         0x000000000000b674        0xc 
 .text.fsdev_mkdir
                0x000000000000b680       0xa4 C:/devkitPro/libnx/lib\libnx.a(fs_dev.o)
 *fill*         0x000000000000b724        0xc 
 .text.fsdev_unlink
                0x000000000000b730       0xa4 C:/devkitPro/libnx/lib\libnx.a(fs_dev.o)
 *fill*         0x000000000000b7d4        0xc 
 .text.fsdev_write_safe
                0x000000000000b7e0      0x13c C:/devkitPro/libnx/lib\libnx.a(fs_dev.o)
 *fill*         0x000000000000b91c        0x4 
 .text.fsdev_read_safe
                0x000000000000b920      0x134 C:/devkitPro/libnx/lib\libnx.a(fs_dev.o)
 *fill*         0x000000000000ba54        0xc 
 .text.fsdev_read
                0x000000000000ba60      0x100 C:/devkitPro/libnx/lib\libnx.a(fs_dev.o)
 .text.fsdev_dirnext
                0x000000000000bb60      0x1d4 C:/devkitPro/libnx/lib\libnx.a(fs_dev.o)
 *fill*         0x000000000000bd34        0xc 
 .text.fsdev_write
                0x000000000000bd40      0x124 C:/devkitPro/libnx/lib\libnx.a(fs_dev.o)
 *fill*         0x000000000000be64        0xc 
 .text.fsdev_seek
                0x000000000000be70      0x110 C:/devkitPro/libnx/lib\libnx.a(fs_dev.o)
 .text.fsdev_open
                0x000000000000bf80      0x230 C:/devkitPro/libnx/lib\libnx.a(fs_dev.o)
 .text.fsdevMountDevice
                0x000000000000c1b0      0x324 C:/devkitPro/libnx/lib\libnx.a(fs_dev.o)
                0x000000000000c1b0                fsdevMountDevice
 *fill*         0x000000000000c4d4        0xc 
 .text.fsdevMountSdmc
                0x000000000000c4e0       0x40 C:/devkitPro/libnx/lib\libnx.a(fs_dev.o)
                0x000000000000c4e0                fsdevMountSdmc
 .text.__libnx_init_cwd
                0x000000000000c520       0xbc C:/devkitPro/libnx/lib\libnx.a(fs_dev.o)
                0x000000000000c520                __libnx_init_cwd
 *fill*         0x000000000000c5dc        0x4 
 .text.fsdevUnmountAll
                0x000000000000c5e0       0x64 C:/devkitPro/libnx/lib\libnx.a(fs_dev.o)
                0x000000000000c5e0                fsdevUnmountAll
 *fill*         0x000000000000c644        0xc 
 .text.decode_utf8
                0x000000000000c650      0x128 C:/devkitPro/libnx/lib\libnx.a(decode_utf8.o)
                0x000000000000c650                decode_utf8
 .text.armDCacheFlush
                0x000000000000c778       0x4c C:/devkitPro/libnx/lib\libnx.a(cache.o)
                0x000000000000c778                armDCacheFlush
 .text.__libnx_exception_entry
                0x000000000000c7c4      0x1c0 C:/devkitPro/libnx/lib\libnx.a(exception.o)
                0x000000000000c7c4                __libnx_exception_entry
 .text.__libnx_exception_returnentry
                0x000000000000c984       0x18 C:/devkitPro/libnx/lib\libnx.a(exception.o)
                0x000000000000c984                __libnx_exception_returnentry
 .text.__aarch64_read_tp
                0x000000000000c99c        0xc C:/devkitPro/libnx/lib\libnx.a(readtp.o)
                0x000000000000c99c                __aarch64_read_tp
 *fill*         0x000000000000c9a8        0x8 
 .text.condvarWaitTimeout
                0x000000000000c9b0       0x70 C:/devkitPro/libnx/lib\libnx.a(condvar.o)
                0x000000000000c9b0                condvarWaitTimeout
 .text.randomGet
                0x000000000000ca20      0x410 C:/devkitPro/libnx/lib\libnx.a(random.o)
                0x000000000000ca20                randomGet
 .text.randomGet64
                0x000000000000ce30       0x20 C:/devkitPro/libnx/lib\libnx.a(random.o)
                0x000000000000ce30                randomGet64
 .text.shmemLoadRemote
                0x000000000000ce50       0x14 C:/devkitPro/libnx/lib\libnx.a(shmem.o)
                0x000000000000ce50                shmemLoadRemote
 *fill*         0x000000000000ce64        0xc 
 .text.shmemMap
                0x000000000000ce70       0x70 C:/devkitPro/libnx/lib\libnx.a(shmem.o)
                0x000000000000ce70                shmemMap
 .text.shmemUnmap
                0x000000000000cee0       0x34 C:/devkitPro/libnx/lib\libnx.a(shmem.o)
                0x000000000000cee0                shmemUnmap
 *fill*         0x000000000000cf14        0xc 
 .text.shmemClose
                0x000000000000cf20       0x4c C:/devkitPro/libnx/lib\libnx.a(shmem.o)
                0x000000000000cf20                shmemClose
 *fill*         0x000000000000cf6c        0x4 
 .text.__libnx_init_thread
                0x000000000000cf70       0xb0 C:/devkitPro/libnx/lib\libnx.a(thread.o)
                0x000000000000cf70                __libnx_init_thread
 .text.threadTlsGet
                0x000000000000d020       0x10 C:/devkitPro/libnx/lib\libnx.a(thread.o)
                0x000000000000d020                threadTlsGet
 .text.threadTlsSet
                0x000000000000d030       0x10 C:/devkitPro/libnx/lib\libnx.a(thread.o)
                0x000000000000d030                threadTlsSet
 .text.threadTlsAlloc
                0x000000000000d040       0xd8 C:/devkitPro/libnx/lib\libnx.a(thread.o)
                0x000000000000d040                threadTlsAlloc
 *fill*         0x000000000000d118        0x8 
 .text.threadTlsFree
                0x000000000000d120       0x44 C:/devkitPro/libnx/lib\libnx.a(thread.o)
                0x000000000000d120                threadTlsFree
 *fill*         0x000000000000d164        0xc 
 .text._fsCleanup
                0x000000000000d170       0xb4 C:/devkitPro/libnx/lib\libnx.a(fs.o)
 *fill*         0x000000000000d224        0xc 
 .text._fsCmdNoIO
                0x000000000000d230      0x1c0 C:/devkitPro/libnx/lib\libnx.a(fs.o)
 .text._fsFsCmdWithInPath
                0x000000000000d3f0      0x1e0 C:/devkitPro/libnx/lib\libnx.a(fs.o)
 .text._fsFsCmdWithTwoInPaths
                0x000000000000d5d0      0x1f8 C:/devkitPro/libnx/lib\libnx.a(fs.o)
 *fill*         0x000000000000d7c8        0x8 
 .text._fsFsOpenCommon
                0x000000000000d7d0      0x28c C:/devkitPro/libnx/lib\libnx.a(fs.o)
 *fill*         0x000000000000da5c        0x4 
 .text._fsFsCmdWithInPathAndOutU64
                0x000000000000da60      0x1fc C:/devkitPro/libnx/lib\libnx.a(fs.o)
 *fill*         0x000000000000dc5c        0x4 
 .text._fsObjectClose
                0x000000000000dc60       0xf8 C:/devkitPro/libnx/lib\libnx.a(fs.o)
 *fill*         0x000000000000dd58        0x8 
 .text._fsCmdGetSession.constprop.0
                0x000000000000dd60      0x17c C:/devkitPro/libnx/lib\libnx.a(fs.o)
 *fill*         0x000000000000dedc        0x4 
 .text.fsInitialize
                0x000000000000dee0      0x2f8 C:/devkitPro/libnx/lib\libnx.a(fs.o)
                0x000000000000dee0                fsInitialize
 *fill*         0x000000000000e1d8        0x8 
 .text.fsExit   0x000000000000e1e0       0x48 C:/devkitPro/libnx/lib\libnx.a(fs.o)
                0x000000000000e1e0                fsExit
 *fill*         0x000000000000e228        0x8 
 .text.fsOpenSdCardFileSystem
                0x000000000000e230        0x8 C:/devkitPro/libnx/lib\libnx.a(fs.o)
                0x000000000000e230                fsOpenSdCardFileSystem
 *fill*         0x000000000000e238        0x8 
 .text.fsFsCreateFile
                0x000000000000e240      0x1ec C:/devkitPro/libnx/lib\libnx.a(fs.o)
                0x000000000000e240                fsFsCreateFile
 *fill*         0x000000000000e42c        0x4 
 .text.fsFsDeleteFile
                0x000000000000e430        0x8 C:/devkitPro/libnx/lib\libnx.a(fs.o)
                0x000000000000e430                fsFsDeleteFile
 *fill*         0x000000000000e438        0x8 
 .text.fsFsCreateDirectory
                0x000000000000e440        0x8 C:/devkitPro/libnx/lib\libnx.a(fs.o)
                0x000000000000e440                fsFsCreateDirectory
 *fill*         0x000000000000e448        0x8 
 .text.fsFsDeleteDirectory
                0x000000000000e450        0x8 C:/devkitPro/libnx/lib\libnx.a(fs.o)
                0x000000000000e450                fsFsDeleteDirectory
 *fill*         0x000000000000e458        0x8 
 .text.fsFsRenameFile
                0x000000000000e460        0x8 C:/devkitPro/libnx/lib\libnx.a(fs.o)
                0x000000000000e460                fsFsRenameFile
 *fill*         0x000000000000e468        0x8 
 .text.fsFsRenameDirectory
                0x000000000000e470        0x8 C:/devkitPro/libnx/lib\libnx.a(fs.o)
                0x000000000000e470                fsFsRenameDirectory
 *fill*         0x000000000000e478        0x8 
 .text.fsFsGetEntryType
                0x000000000000e480      0x1f0 C:/devkitPro/libnx/lib\libnx.a(fs.o)
                0x000000000000e480                fsFsGetEntryType
 .text.fsFsOpenFile
                0x000000000000e670        0x8 C:/devkitPro/libnx/lib\libnx.a(fs.o)
                0x000000000000e670                fsFsOpenFile
 *fill*         0x000000000000e678        0x8 
 .text.fsFsOpenDirectory
                0x000000000000e680        0x8 C:/devkitPro/libnx/lib\libnx.a(fs.o)
                0x000000000000e680                fsFsOpenDirectory
 *fill*         0x000000000000e688        0x8 
 .text.fsFsGetFreeSpace
                0x000000000000e690        0x8 C:/devkitPro/libnx/lib\libnx.a(fs.o)
                0x000000000000e690                fsFsGetFreeSpace
 *fill*         0x000000000000e698        0x8 
 .text.fsFsGetTotalSpace
                0x000000000000e6a0        0x8 C:/devkitPro/libnx/lib\libnx.a(fs.o)
                0x000000000000e6a0                fsFsGetTotalSpace
 *fill*         0x000000000000e6a8        0x8 
 .text.fsFsGetFileTimeStampRaw
                0x000000000000e6b0      0x230 C:/devkitPro/libnx/lib\libnx.a(fs.o)
                0x000000000000e6b0                fsFsGetFileTimeStampRaw
 .text.fsFsClose
                0x000000000000e8e0        0x4 C:/devkitPro/libnx/lib\libnx.a(fs.o)
                0x000000000000e8e0                fsFsClose
 *fill*         0x000000000000e8e4        0xc 
 .text.fsFileRead
                0x000000000000e8f0      0x214 C:/devkitPro/libnx/lib\libnx.a(fs.o)
                0x000000000000e8f0                fsFileRead
 *fill*         0x000000000000eb04        0xc 
 .text.fsFileWrite
                0x000000000000eb10      0x1f8 C:/devkitPro/libnx/lib\libnx.a(fs.o)
                0x000000000000eb10                fsFileWrite
 *fill*         0x000000000000ed08        0x8 
 .text.fsFileFlush
                0x000000000000ed10        0x8 C:/devkitPro/libnx/lib\libnx.a(fs.o)
                0x000000000000ed10                fsFileFlush
 *fill*         0x000000000000ed18        0x8 
 .text.fsFileSetSize
                0x000000000000ed20      0x1c0 C:/devkitPro/libnx/lib\libnx.a(fs.o)
                0x000000000000ed20                fsFileSetSize
 .text.fsFileGetSize
                0x000000000000eee0      0x1d4 C:/devkitPro/libnx/lib\libnx.a(fs.o)
                0x000000000000eee0                fsFileGetSize
 *fill*         0x000000000000f0b4        0xc 
 .text.fsFileClose
                0x000000000000f0c0        0x4 C:/devkitPro/libnx/lib\libnx.a(fs.o)
                0x000000000000f0c0                fsFileClose
 *fill*         0x000000000000f0c4        0xc 
 .text.fsDirClose
                0x000000000000f0d0        0x4 C:/devkitPro/libnx/lib\libnx.a(fs.o)
                0x000000000000f0d0                fsDirClose
 *fill*         0x000000000000f0d4        0xc 
 .text.fsDirRead
                0x000000000000f0e0      0x204 C:/devkitPro/libnx/lib\libnx.a(fs.o)
                0x000000000000f0e0                fsDirRead
 *fill*         0x000000000000f2e4        0xc 
 .text._nvCleanup
                0x000000000000f2f0       0xd0 C:/devkitPro/libnx/lib\libnx.a(nv.o)
 .text._nvCmdInitialize.constprop.0
                0x000000000000f3c0       0xd4 C:/devkitPro/libnx/lib\libnx.a(nv.o)
 *fill*         0x000000000000f494        0xc 
 .text.__nx_nv_create_tmem
                0x000000000000f4a0       0x18 C:/devkitPro/libnx/lib\libnx.a(nv.o)
                0x000000000000f4a0                __nx_nv_create_tmem
 *fill*         0x000000000000f4b8        0x8 
 .text.nvInitialize
                0x000000000000f4c0      0x3a8 C:/devkitPro/libnx/lib\libnx.a(nv.o)
                0x000000000000f4c0                nvInitialize
 *fill*         0x000000000000f868        0x8 
 .text.nvExit   0x000000000000f870       0x48 C:/devkitPro/libnx/lib\libnx.a(nv.o)
                0x000000000000f870                nvExit
 *fill*         0x000000000000f8b8        0x8 
 .text.nvConvertError
                0x000000000000f8c0       0xf4 C:/devkitPro/libnx/lib\libnx.a(nv.o)
                0x000000000000f8c0                nvConvertError
 *fill*         0x000000000000f9b4        0xc 
 .text.nvOpen   0x000000000000f9c0      0x114 C:/devkitPro/libnx/lib\libnx.a(nv.o)
                0x000000000000f9c0                nvOpen
 *fill*         0x000000000000fad4        0xc 
 .text.nvIoctl  0x000000000000fae0      0x310 C:/devkitPro/libnx/lib\libnx.a(nv.o)
                0x000000000000fae0                nvIoctl
 .text.nvClose  0x000000000000fdf0       0xd4 C:/devkitPro/libnx/lib\libnx.a(nv.o)
                0x000000000000fdf0                nvClose
 *fill*         0x000000000000fec4        0xc 
 .text.nvQueryEvent
                0x000000000000fed0      0x10c C:/devkitPro/libnx/lib\libnx.a(nv.o)
                0x000000000000fed0                nvQueryEvent
 *fill*         0x000000000000ffdc        0x4 
 .text._setsysGetFirmwareVersionImpl
                0x000000000000ffe0       0xd0 C:/devkitPro/libnx/lib\libnx.a(set.o)
 .text._setsysCleanup
                0x00000000000100b0       0x78 C:/devkitPro/libnx/lib\libnx.a(set.o)
 *fill*         0x0000000000010128        0x8 
 .text.setsysInitialize
                0x0000000000010130       0xa0 C:/devkitPro/libnx/lib\libnx.a(set.o)
                0x0000000000010130                setsysInitialize
 .text.setsysExit
                0x00000000000101d0       0x48 C:/devkitPro/libnx/lib\libnx.a(set.o)
                0x00000000000101d0                setsysExit
 *fill*         0x0000000000010218        0x8 
 .text.setsysGetFirmwareVersion
                0x0000000000010220       0x48 C:/devkitPro/libnx/lib\libnx.a(set.o)
                0x0000000000010220                setsysGetFirmwareVersion
 *fill*         0x0000000000010268        0x8 
 .text._timeCleanup
                0x0000000000010270      0x27c C:/devkitPro/libnx/lib\libnx.a(time.o)
 *fill*         0x00000000000104ec        0x4 
 .text._timeCmdGetSession.constprop.0
                0x00000000000104f0      0x100 C:/devkitPro/libnx/lib\libnx.a(time.o)
 .text._timeReadClockFromSharedMem
                0x00000000000105f0      0x104 C:/devkitPro/libnx/lib\libnx.a(time.o)
 *fill*         0x00000000000106f4        0xc 
 .text.timeInitialize
                0x0000000000010700      0x300 C:/devkitPro/libnx/lib\libnx.a(time.o)
                0x0000000000010700                timeInitialize
 .text.timeExit
                0x0000000000010a00       0x48 C:/devkitPro/libnx/lib\libnx.a(time.o)
                0x0000000000010a00                timeExit
 *fill*         0x0000000000010a48        0x8 
 .text.timeGetServiceSession_SystemClock
                0x0000000000010a50       0x38 C:/devkitPro/libnx/lib\libnx.a(time.o)
                0x0000000000010a50                timeGetServiceSession_SystemClock
 *fill*         0x0000000000010a88        0x8 
 .text.timeGetCurrentTime
                0x0000000000010a90       0xfc C:/devkitPro/libnx/lib\libnx.a(time.o)
                0x0000000000010a90                timeGetCurrentTime
 *fill*         0x0000000000010b8c        0x4 
 .text.timeToCalendarTimeWithMyRule
                0x0000000000010b90      0x108 C:/devkitPro/libnx/lib\libnx.a(time.o)
                0x0000000000010b90                timeToCalendarTimeWithMyRule
 *fill*         0x0000000000010c98        0x8 
 .text.timeToPosixTimeWithMyRule
                0x0000000000010ca0      0x114 C:/devkitPro/libnx/lib\libnx.a(time.o)
                0x0000000000010ca0                timeToPosixTimeWithMyRule
 *fill*         0x0000000000010db4        0xc 
 .text._viCleanup
                0x0000000000010dc0      0x230 C:/devkitPro/libnx/lib\libnx.a(vi.o)
 .text._viCmdGetSessionNoParams.constprop.0
                0x0000000000010ff0      0x100 C:/devkitPro/libnx/lib\libnx.a(vi.o)
 .text.viInitialize
                0x00000000000110f0      0x368 C:/devkitPro/libnx/lib\libnx.a(vi.o)
                0x00000000000110f0                viInitialize
 *fill*         0x0000000000011458        0x8 
 .text.viExit   0x0000000000011460       0x48 C:/devkitPro/libnx/lib\libnx.a(vi.o)
                0x0000000000011460                viExit
 *fill*         0x00000000000114a8        0x8 
 .text.viGetSession_IHOSBinderDriverRelay
                0x00000000000114b0        0xc C:/devkitPro/libnx/lib\libnx.a(vi.o)
                0x00000000000114b0                viGetSession_IHOSBinderDriverRelay
 *fill*         0x00000000000114bc        0x4 
 .text.viOpenDisplay
                0x00000000000114c0      0x10c C:/devkitPro/libnx/lib\libnx.a(vi.o)
                0x00000000000114c0                viOpenDisplay
 *fill*         0x00000000000115cc        0x4 
 .text.viCloseDisplay
                0x00000000000115d0       0xec C:/devkitPro/libnx/lib\libnx.a(vi.o)
                0x00000000000115d0                viCloseDisplay
 *fill*         0x00000000000116bc        0x4 
 .text.viCloseLayer
                0x00000000000116c0       0xf4 C:/devkitPro/libnx/lib\libnx.a(vi.o)
                0x00000000000116c0                viCloseLayer
 *fill*         0x00000000000117b4        0xc 
 .text.viCreateLayer
                0x00000000000117c0      0x394 C:/devkitPro/libnx/lib\libnx.a(vi.o)
                0x00000000000117c0                viCreateLayer
 *fill*         0x0000000000011b54        0xc 
 .text.viSetLayerScalingMode
                0x0000000000011b60       0xd8 C:/devkitPro/libnx/lib\libnx.a(vi.o)
                0x0000000000011b60                viSetLayerScalingMode
 *fill*         0x0000000000011c38        0x8 
 .text._nvFenceCleanup
                0x0000000000011c40       0x74 C:/devkitPro/libnx/lib\libnx.a(fence.o)
 *fill*         0x0000000000011cb4        0xc 
 .text.nvFenceInit
                0x0000000000011cc0       0x98 C:/devkitPro/libnx/lib\libnx.a(fence.o)
                0x0000000000011cc0                nvFenceInit
 *fill*         0x0000000000011d58        0x8 
 .text.nvFenceExit
                0x0000000000011d60       0x48 C:/devkitPro/libnx/lib\libnx.a(fence.o)
                0x0000000000011d60                nvFenceExit
 *fill*         0x0000000000011da8        0x8 
 .text.nvFenceWait
                0x0000000000011db0      0x290 C:/devkitPro/libnx/lib\libnx.a(fence.o)
                0x0000000000011db0                nvFenceWait
 .text.nvMultiFenceWait
                0x0000000000012040       0x7c C:/devkitPro/libnx/lib\libnx.a(fence.o)
                0x0000000000012040                nvMultiFenceWait
 *fill*         0x00000000000120bc        0x4 
 .text.nvMapInit
                0x00000000000120c0       0xac C:/devkitPro/libnx/lib\libnx.a(map.o)
                0x00000000000120c0                nvMapInit
 *fill*         0x000000000001216c        0x4 
 .text.nvMapExit
                0x0000000000012170       0x74 C:/devkitPro/libnx/lib\libnx.a(map.o)
                0x0000000000012170                nvMapExit
 *fill*         0x00000000000121e4        0xc 
 .text.nvMapClose
                0x00000000000121f0       0x8c C:/devkitPro/libnx/lib\libnx.a(map.o)
                0x00000000000121f0                nvMapClose
 *fill*         0x000000000001227c        0x4 
 .text.nvMapCreate
                0x0000000000012280      0x160 C:/devkitPro/libnx/lib\libnx.a(map.o)
                0x0000000000012280                nvMapCreate
 .text.nvioctlNvhostCtrl_EventSignal
                0x00000000000123e0       0x24 C:/devkitPro/libnx/lib\libnx.a(nvhost-ctrl.o)
                0x00000000000123e0                nvioctlNvhostCtrl_EventSignal
 *fill*         0x0000000000012404        0xc 
 .text.nvioctlNvhostCtrl_EventWait
                0x0000000000012410       0x3c C:/devkitPro/libnx/lib\libnx.a(nvhost-ctrl.o)
                0x0000000000012410                nvioctlNvhostCtrl_EventWait
 *fill*         0x000000000001244c        0x4 
 .text.nvioctlNvhostCtrl_EventWaitAsync
                0x0000000000012450       0x28 C:/devkitPro/libnx/lib\libnx.a(nvhost-ctrl.o)
                0x0000000000012450                nvioctlNvhostCtrl_EventWaitAsync
 *fill*         0x0000000000012478        0x8 
 .text.nvioctlNvhostCtrl_EventRegister
                0x0000000000012480       0x24 C:/devkitPro/libnx/lib\libnx.a(nvhost-ctrl.o)
                0x0000000000012480                nvioctlNvhostCtrl_EventRegister
 *fill*         0x00000000000124a4        0xc 
 .text.nvioctlNvhostCtrl_EventUnregister
                0x00000000000124b0       0x24 C:/devkitPro/libnx/lib\libnx.a(nvhost-ctrl.o)
                0x00000000000124b0                nvioctlNvhostCtrl_EventUnregister
 *fill*         0x00000000000124d4        0xc 
 .text.nvioctlNvmap_Create
                0x00000000000124e0       0x3c C:/devkitPro/libnx/lib\libnx.a(nvmap.o)
                0x00000000000124e0                nvioctlNvmap_Create
 *fill*         0x000000000001251c        0x4 
 .text.nvioctlNvmap_Alloc
                0x0000000000012520       0x30 C:/devkitPro/libnx/lib\libnx.a(nvmap.o)
                0x0000000000012520                nvioctlNvmap_Alloc
 .text.nvioctlNvmap_Free
                0x0000000000012550       0x30 C:/devkitPro/libnx/lib\libnx.a(nvmap.o)
                0x0000000000012550                nvioctlNvmap_Free
 .text.nvioctlNvmap_GetId
                0x0000000000012580       0x3c C:/devkitPro/libnx/lib\libnx.a(nvmap.o)
                0x0000000000012580                nvioctlNvmap_GetId
 *fill*         0x00000000000125bc        0x4 
 .text.binderCreate
                0x00000000000125c0       0x1c C:/devkitPro/libnx/lib\libnx.a(binder.o)
                0x00000000000125c0                binderCreate
 *fill*         0x00000000000125dc        0x4 
 .text.binderTransactParcel
                0x00000000000125e0      0x35c C:/devkitPro/libnx/lib\libnx.a(binder.o)
                0x00000000000125e0                binderTransactParcel
 *fill*         0x000000000001293c        0x4 
 .text.binderConvertErrorCode
                0x0000000000012940       0xe8 C:/devkitPro/libnx/lib\libnx.a(binder.o)
                0x0000000000012940                binderConvertErrorCode
 *fill*         0x0000000000012a28        0x8 
 .text.binderAdjustRefcount
                0x0000000000012a30      0x124 C:/devkitPro/libnx/lib\libnx.a(binder.o)
                0x0000000000012a30                binderAdjustRefcount
 *fill*         0x0000000000012b54        0xc 
 .text.binderInitSession
                0x0000000000012b60       0x9c C:/devkitPro/libnx/lib\libnx.a(binder.o)
                0x0000000000012b60                binderInitSession
 *fill*         0x0000000000012bfc        0x4 
 .text.binderClose
                0x0000000000012c00       0x5c C:/devkitPro/libnx/lib\libnx.a(binder.o)
                0x0000000000012c00                binderClose
 *fill*         0x0000000000012c5c        0x4 
 .text.binderGetNativeHandle
                0x0000000000012c60      0x154 C:/devkitPro/libnx/lib\libnx.a(binder.o)
                0x0000000000012c60                binderGetNativeHandle
 *fill*         0x0000000000012db4        0xc 
 .text.bqRequestBuffer
                0x0000000000012dc0       0xc8 C:/devkitPro/libnx/lib\libnx.a(buffer_producer.o)
                0x0000000000012dc0                bqRequestBuffer
 *fill*         0x0000000000012e88        0x8 
 .text.bqDequeueBuffer
                0x0000000000012e90      0x128 C:/devkitPro/libnx/lib\libnx.a(buffer_producer.o)
                0x0000000000012e90                bqDequeueBuffer
 *fill*         0x0000000000012fb8        0x8 
 .text.bqQueueBuffer
                0x0000000000012fc0       0xc8 C:/devkitPro/libnx/lib\libnx.a(buffer_producer.o)
                0x0000000000012fc0                bqQueueBuffer
 *fill*         0x0000000000013088        0x8 
 .text.bqCancelBuffer
                0x0000000000013090       0x84 C:/devkitPro/libnx/lib\libnx.a(buffer_producer.o)
                0x0000000000013090                bqCancelBuffer
 *fill*         0x0000000000013114        0xc 
 .text.bqConnect
                0x0000000000013120       0xd0 C:/devkitPro/libnx/lib\libnx.a(buffer_producer.o)
                0x0000000000013120                bqConnect
 .text.bqDisconnect
                0x00000000000131f0       0x88 C:/devkitPro/libnx/lib\libnx.a(buffer_producer.o)
                0x00000000000131f0                bqDisconnect
 *fill*         0x0000000000013278        0x8 
 .text.bqSetPreallocatedBuffer
                0x0000000000013280      0x194 C:/devkitPro/libnx/lib\libnx.a(buffer_producer.o)
                0x0000000000013280                bqSetPreallocatedBuffer
 *fill*         0x0000000000013414        0xc 
 .text.parcelCreate
                0x0000000000013420       0x30 C:/devkitPro/libnx/lib\libnx.a(parcel.o)
                0x0000000000013420                parcelCreate
 .text.parcelTransact
                0x0000000000013450      0x174 C:/devkitPro/libnx/lib\libnx.a(parcel.o)
                0x0000000000013450                parcelTransact
 *fill*         0x00000000000135c4        0xc 
 .text.parcelWriteData
                0x00000000000135d0       0x80 C:/devkitPro/libnx/lib\libnx.a(parcel.o)
                0x00000000000135d0                parcelWriteData
 .text.parcelReadData
                0x0000000000013650       0x88 C:/devkitPro/libnx/lib\libnx.a(parcel.o)
                0x0000000000013650                parcelReadData
 *fill*         0x00000000000136d8        0x8 
 .text.parcelWriteInt32
                0x00000000000136e0       0x20 C:/devkitPro/libnx/lib\libnx.a(parcel.o)
                0x00000000000136e0                parcelWriteInt32
 .text.parcelWriteUInt32
                0x0000000000013700       0x20 C:/devkitPro/libnx/lib\libnx.a(parcel.o)
                0x0000000000013700                parcelWriteUInt32
 .text.parcelWriteString16
                0x0000000000013720       0x7c C:/devkitPro/libnx/lib\libnx.a(parcel.o)
                0x0000000000013720                parcelWriteString16
 *fill*         0x000000000001379c        0x4 
 .text.parcelWriteInterfaceToken
                0x00000000000137a0       0x30 C:/devkitPro/libnx/lib\libnx.a(parcel.o)
                0x00000000000137a0                parcelWriteInterfaceToken
 .text.parcelReadInt32
                0x00000000000137d0       0x24 C:/devkitPro/libnx/lib\libnx.a(parcel.o)
                0x00000000000137d0                parcelReadInt32
 *fill*         0x00000000000137f4        0xc 
 .text.parcelReadFlattenedObject
                0x0000000000013800       0x68 C:/devkitPro/libnx/lib\libnx.a(parcel.o)
                0x0000000000013800                parcelReadFlattenedObject
 *fill*         0x0000000000013868        0x8 
 .text.parcelWriteFlattenedObject
                0x0000000000013870       0x44 C:/devkitPro/libnx/lib\libnx.a(parcel.o)
                0x0000000000013870                parcelWriteFlattenedObject
 *fill*         0x00000000000138b4        0xc 
 .text.sessionmgrCreate
                0x00000000000138c0      0x184 C:/devkitPro/libnx/lib\libnx.a(sessionmgr.o)
                0x00000000000138c0                sessionmgrCreate
 *fill*         0x0000000000013a44        0xc 
 .text.sessionmgrClose
                0x0000000000013a50       0x84 C:/devkitPro/libnx/lib\libnx.a(sessionmgr.o)
                0x0000000000013a50                sessionmgrClose
 *fill*         0x0000000000013ad4        0xc 
 .text.sessionmgrAttachClient
                0x0000000000013ae0       0xa8 C:/devkitPro/libnx/lib\libnx.a(sessionmgr.o)
                0x0000000000013ae0                sessionmgrAttachClient
 *fill*         0x0000000000013b88        0x8 
 .text.sessionmgrDetachClient
                0x0000000000013b90       0x60 C:/devkitPro/libnx/lib\libnx.a(sessionmgr.o)
                0x0000000000013b90                sessionmgrDetachClient
 *fill*         0x0000000000013bf0       0x10 
 .text._ZdlPvm  0x0000000000013c00        0x4 C:/devkitPro/devkitA64/bin/../lib/gcc/aarch64-none-elf/15.1.0/../../../../aarch64-none-elf/lib/pic\libstdc++.a(del_ops.o)
                0x0000000000013c00                operator delete(void*, unsigned long)
 *fill*         0x0000000000013c04       0x1c 
 .text._ZdaPv   0x0000000000013c20        0x4 C:/devkitPro/devkitA64/bin/../lib/gcc/aarch64-none-elf/15.1.0/../../../../aarch64-none-elf/lib/pic\libstdc++.a(del_opv.o)
                0x0000000000013c20                operator delete[](void*)
 *fill*         0x0000000000013c24       0x1c 
 .text._Znwm    0x0000000000013c40       0x68 C:/devkitPro/devkitA64/bin/../lib/gcc/aarch64-none-elf/15.1.0/../../../../aarch64-none-elf/lib/pic\libstdc++.a(new_op.o)
                0x0000000000013c40                operator new(unsigned long)
 *fill*         0x0000000000013ca8       0x18 
 .text._Znam    0x0000000000013cc0        0x4 C:/devkitPro/devkitA64/bin/../lib/gcc/aarch64-none-elf/15.1.0/../../../../aarch64-none-elf/lib/pic\libstdc++.a(new_opv.o)
                0x0000000000013cc0                operator new[](unsigned long)
 *fill*         0x0000000000013cc4       0x1c 
 .text._ZNSt7__cxx1112basic_stringIcSt11char_traitsIcESaIcEE9_M_createERmm
                0x0000000000013ce0       0x5c C:/devkitPro/devkitA64/bin/../lib/gcc/aarch64-none-elf/15.1.0/../../../../aarch64-none-elf/lib/pic\libstdc++.a(string-inst.o)
                0x0000000000013ce0                std::__cxx11::basic_string<char, std::char_traits<char>, std::allocator<char> >::_M_create(unsigned long&, unsigned long)
 *fill*         0x0000000000013d3c        0x4 
 .text._ZNSt7__cxx1112basic_stringIcSt11char_traitsIcESaIcEE10_M_disposeEv
                0x0000000000013d40       0x18 C:/devkitPro/devkitA64/bin/../lib/gcc/aarch64-none-elf/15.1.0/../../../../aarch64-none-elf/lib/pic\libstdc++.a(string-inst.o)
                0x0000000000013d40                std::__cxx11::basic_string<char, std::char_traits<char>, std::allocator<char> >::_M_dispose()
 *fill*         0x0000000000013d58        0x8 
 .text._ZNKSt9bad_alloc4whatEv
                0x0000000000013d60        0xc C:/devkitPro/devkitA64/bin/../lib/gcc/aarch64-none-elf/15.1.0/../../../../aarch64-none-elf/lib/pic\libstdc++.a(bad_alloc.o)
                0x0000000000013d60                std::bad_alloc::what() const
 *fill*         0x0000000000013d6c       0x14 
 .text._ZNSt9bad_allocD2Ev
                0x0000000000013d80       0x14 C:/devkitPro/devkitA64/bin/../lib/gcc/aarch64-none-elf/15.1.0/../../../../aarch64-none-elf/lib/pic\libstdc++.a(bad_alloc.o)
                0x0000000000013d80                std::bad_alloc::~bad_alloc()
                0x0000000000013d80                std::bad_alloc::~bad_alloc()
 *fill*         0x0000000000013d94        0xc 
 .text._ZNSt9bad_allocD0Ev
                0x0000000000013da0       0x20 C:/devkitPro/devkitA64/bin/../lib/gcc/aarch64-none-elf/15.1.0/../../../../aarch64-none-elf/lib/pic\libstdc++.a(bad_alloc.o)
                0x0000000000013da0                std::bad_alloc::~bad_alloc()
 .text._ZdlPv   0x0000000000013dc0        0x4 C:/devkitPro/devkitA64/bin/../lib/gcc/aarch64-none-elf/15.1.0/../../../../aarch64-none-elf/lib/pic\libstdc++.a(del_op.o)
                0x0000000000013dc0                operator delete(void*)
 *fill*         0x0000000000013dc4       0x1c 
 .text._ZNK9__gnu_cxx24__concurrence_lock_error4whatEv
                0x0000000000013de0        0xc C:/devkitPro/devkitA64/bin/../lib/gcc/aarch64-none-elf/15.1.0/../../../../aarch64-none-elf/lib/pic\libstdc++.a(eh_alloc.o)
                0x0000000000013de0                __gnu_cxx::__concurrence_lock_error::what() const
 *fill*         0x0000000000013dec       0x14 
 .text._ZNK9__gnu_cxx26__concurrence_unlock_error4whatEv
                0x0000000000013e00        0xc C:/devkitPro/devkitA64/bin/../lib/gcc/aarch64-none-elf/15.1.0/../../../../aarch64-none-elf/lib/pic\libstdc++.a(eh_alloc.o)
                0x0000000000013e00                __gnu_cxx::__concurrence_unlock_error::what() const
 *fill*         0x0000000000013e0c       0x14 
 .text._ZN9__gnu_cxx24__concurrence_lock_errorD2Ev
                0x0000000000013e20       0x14 C:/devkitPro/devkitA64/bin/../lib/gcc/aarch64-none-elf/15.1.0/../../../../aarch64-none-elf/lib/pic\libstdc++.a(eh_alloc.o)
                0x0000000000013e20                __gnu_cxx::__concurrence_lock_error::~__concurrence_lock_error()
                0x0000000000013e20                __gnu_cxx::__concurrence_lock_error::~__concurrence_lock_error()
 *fill*         0x0000000000013e34        0xc 
 .text._ZN9__gnu_cxx24__concurrence_lock_errorD0Ev
                0x0000000000013e40       0x38 C:/devkitPro/devkitA64/bin/../lib/gcc/aarch64-none-elf/15.1.0/../../../../aarch64-none-elf/lib/pic\libstdc++.a(eh_alloc.o)
                0x0000000000013e40                __gnu_cxx::__concurrence_lock_error::~__concurrence_lock_error()
 *fill*         0x0000000000013e78        0x8 
 .text._ZN9__gnu_cxx26__concurrence_unlock_errorD2Ev
                0x0000000000013e80       0x14 C:/devkitPro/devkitA64/bin/../lib/gcc/aarch64-none-elf/15.1.0/../../../../aarch64-none-elf/lib/pic\libstdc++.a(eh_alloc.o)
                0x0000000000013e80                __gnu_cxx::__concurrence_unlock_error::~__concurrence_unlock_error()
                0x0000000000013e80                __gnu_cxx::__concurrence_unlock_error::~__concurrence_unlock_error()
 *fill*         0x0000000000013e94        0xc 
 .text._ZN9__gnu_cxx26__concurrence_unlock_errorD0Ev
                0x0000000000013ea0       0x38 C:/devkitPro/devkitA64/bin/../lib/gcc/aarch64-none-elf/15.1.0/../../../../aarch64-none-elf/lib/pic\libstdc++.a(eh_alloc.o)
                0x0000000000013ea0                __gnu_cxx::__concurrence_unlock_error::~__concurrence_unlock_error()
 *fill*         0x0000000000013ed8        0x8 
 .text._ZN12_GLOBAL__N_14pool4freeEPv.constprop.0
                0x0000000000013ee0      0x110 C:/devkitPro/devkitA64/bin/../lib/gcc/aarch64-none-elf/15.1.0/../../../../aarch64-none-elf/lib/pic\libstdc++.a(eh_alloc.o)
 *fill*         0x0000000000013ff0       0x10 
 .text._ZN12_GLOBAL__N_14pool8allocateEm.constprop.0
                0x0000000000014000       0xcc C:/devkitPro/devkitA64/bin/../lib/gcc/aarch64-none-elf/15.1.0/../../../../aarch64-none-elf/lib/pic\libstdc++.a(eh_alloc.o)
 *fill*         0x00000000000140cc       0x14 
 .text.__cxa_allocate_exception
                0x00000000000140e0       0x58 C:/devkitPro/devkitA64/bin/../lib/gcc/aarch64-none-elf/15.1.0/../../../../aarch64-none-elf/lib/pic\libstdc++.a(eh_alloc.o)
                0x00000000000140e0                __cxa_allocate_exception
 *fill*         0x0000000000014138        0x8 
 .text.__cxa_free_exception
                0x0000000000014140       0x28 C:/devkitPro/devkitA64/bin/../lib/gcc/aarch64-none-elf/15.1.0/../../../../aarch64-none-elf/lib/pic\libstdc++.a(eh_alloc.o)
                0x0000000000014140                __cxa_free_exception
 *fill*         0x0000000000014168       0x18 
 .text.__cxa_begin_catch
                0x0000000000014180       0x9c C:/devkitPro/devkitA64/bin/../lib/gcc/aarch64-none-elf/15.1.0/../../../../aarch64-none-elf/lib/pic\libstdc++.a(eh_catch.o)
                0x0000000000014180                __cxa_begin_catch
 *fill*         0x000000000001421c        0x4 
 .text._ZNSt9exceptionD2Ev
                0x0000000000014220        0x4 C:/devkitPro/devkitA64/bin/../lib/gcc/aarch64-none-elf/15.1.0/../../../../aarch64-none-elf/lib/pic\libstdc++.a(eh_exception.o)
                0x0000000000014220                std::exception::~exception()
                0x0000000000014220                std::exception::~exception()
 *fill*         0x0000000000014224       0x1c 
 .text._ZL15eh_globals_dtorPv
                0x0000000000014240       0x44 C:/devkitPro/devkitA64/bin/../lib/gcc/aarch64-none-elf/15.1.0/../../../../aarch64-none-elf/lib/pic\libstdc++.a(eh_globals.o)
 *fill*         0x0000000000014284       0x1c 
 .text.__cxa_get_globals
                0x00000000000142a0       0x80 C:/devkitPro/devkitA64/bin/../lib/gcc/aarch64-none-elf/15.1.0/../../../../aarch64-none-elf/lib/pic\libstdc++.a(eh_globals.o)
                0x00000000000142a0                __cxa_get_globals
 .text._ZL16get_adjusted_ptrPKSt9type_infoS1_PPv
                0x0000000000014320       0x7c C:/devkitPro/devkitA64/bin/../lib/gcc/aarch64-none-elf/15.1.0/../../../../aarch64-none-elf/lib/pic\libstdc++.a(eh_personality.o)
 *fill*         0x000000000001439c        0x4 
 .text._ZL28read_encoded_value_with_basehmPKhPm
                0x00000000000143a0      0x138 C:/devkitPro/devkitA64/bin/../lib/gcc/aarch64-none-elf/15.1.0/../../../../aarch64-none-elf/lib/pic\libstdc++.a(eh_personality.o)
 *fill*         0x00000000000144d8        0x8 
 .text._ZL21base_of_encoded_valuehP15_Unwind_Context
                0x00000000000144e0       0x64 C:/devkitPro/devkitA64/bin/../lib/gcc/aarch64-none-elf/15.1.0/../../../../aarch64-none-elf/lib/pic\libstdc++.a(eh_personality.o)
 *fill*         0x0000000000014544       0x1c 
 .text._ZL20check_exception_specP16lsda_header_infoPKSt9type_infoPvl
                0x0000000000014560      0x108 C:/devkitPro/devkitA64/bin/../lib/gcc/aarch64-none-elf/15.1.0/../../../../aarch64-none-elf/lib/pic\libstdc++.a(eh_personality.o)
 *fill*         0x0000000000014668       0x18 
 .text._ZL17parse_lsda_headerP15_Unwind_ContextPKhP16lsda_header_info
                0x0000000000014680       0xf8 C:/devkitPro/devkitA64/bin/../lib/gcc/aarch64-none-elf/15.1.0/../../../../aarch64-none-elf/lib/pic\libstdc++.a(eh_personality.o)
 *fill*         0x0000000000014778        0x8 
 .text.__gxx_personality_v0
                0x0000000000014780      0x630 C:/devkitPro/devkitA64/bin/../lib/gcc/aarch64-none-elf/15.1.0/../../../../aarch64-none-elf/lib/pic\libstdc++.a(eh_personality.o)
                0x0000000000014780                __gxx_personality_v0
 *fill*         0x0000000000014db0       0x10 
 .text._ZN10__cxxabiv111__terminateEPFvvE
                0x0000000000014dc0       0x18 C:/devkitPro/devkitA64/bin/../lib/gcc/aarch64-none-elf/15.1.0/../../../../aarch64-none-elf/lib/pic\libstdc++.a(eh_terminate.o)
                0x0000000000014dc0                __cxxabiv1::__terminate(void (*)())
 *fill*         0x0000000000014dd8        0x8 
 .text._ZSt13get_terminatev
                0x0000000000014de0       0x10 C:/devkitPro/devkitA64/bin/../lib/gcc/aarch64-none-elf/15.1.0/../../../../aarch64-none-elf/lib/pic\libstdc++.a(eh_terminate.o)
                0x0000000000014de0                std::get_terminate()
 *fill*         0x0000000000014df0       0x10 
 .text._ZN10__cxxabiv112__unexpectedEPFvvE
                0x0000000000014e00       0x10 C:/devkitPro/devkitA64/bin/../lib/gcc/aarch64-none-elf/15.1.0/../../../../aarch64-none-elf/lib/pic\libstdc++.a(eh_terminate.o)
                0x0000000000014e00                __cxxabiv1::__unexpected(void (*)())
 *fill*         0x0000000000014e10       0x10 
 .text._ZSt14get_unexpectedv
                0x0000000000014e20       0x10 C:/devkitPro/devkitA64/bin/../lib/gcc/aarch64-none-elf/15.1.0/../../../../aarch64-none-elf/lib/pic\libstdc++.a(eh_terminate.o)
                0x0000000000014e20                std::get_unexpected()
 *fill*         0x0000000000014e30       0x10 
 .text._ZL23__gxx_exception_cleanup19_Unwind_Reason_CodeP17_Unwind_Exception
                0x0000000000014e40       0x58 C:/devkitPro/devkitA64/bin/../lib/gcc/aarch64-none-elf/15.1.0/../../../../aarch64-none-elf/lib/pic\libstdc++.a(eh_throw.o)
 *fill*         0x0000000000014e98        0x8 
 .text.__cxa_init_primary_exception
                0x0000000000014ea0       0x54 C:/devkitPro/devkitA64/bin/../lib/gcc/aarch64-none-elf/15.1.0/../../../../aarch64-none-elf/lib/pic\libstdc++.a(eh_throw.o)
                0x0000000000014ea0                __cxa_init_primary_exception
 *fill*         0x0000000000014ef4        0xc 
 .text.__cxa_throw
                0x0000000000014f00       0x5c C:/devkitPro/devkitA64/bin/../lib/gcc/aarch64-none-elf/15.1.0/../../../../aarch64-none-elf/lib/pic\libstdc++.a(eh_throw.o)
                0x0000000000014f00                __cxa_throw
 *fill*         0x0000000000014f5c        0x4 
 .text._ZSt15get_new_handlerv
                0x0000000000014f60       0x10 C:/devkitPro/devkitA64/bin/../lib/gcc/aarch64-none-elf/15.1.0/../../../../aarch64-none-elf/lib/pic\libstdc++.a(new_handler.o)
                0x0000000000014f60                std::get_new_handler()
 *fill*         0x0000000000014f70       0x10 
 .text._ZN10__cxxabiv120__si_class_type_infoD2Ev
                0x0000000000014f80       0x14 C:/devkitPro/devkitA64/bin/../lib/gcc/aarch64-none-elf/15.1.0/../../../../aarch64-none-elf/lib/pic\libstdc++.a(si_class_type_info.o)
                0x0000000000014f80                __cxxabiv1::__si_class_type_info::~__si_class_type_info()
                0x0000000000014f80                __cxxabiv1::__si_class_type_info::~__si_class_type_info()
 *fill*         0x0000000000014f94        0xc 
 .text._ZN10__cxxabiv120__si_class_type_infoD0Ev
                0x0000000000014fa0       0x20 C:/devkitPro/devkitA64/bin/../lib/gcc/aarch64-none-elf/15.1.0/../../../../aarch64-none-elf/lib/pic\libstdc++.a(si_class_type_info.o)
                0x0000000000014fa0                __cxxabiv1::__si_class_type_info::~__si_class_type_info()
 .text._ZNK10__cxxabiv120__si_class_type_info12__do_dyncastElNS_17__class_type_info10__sub_kindEPKS1_PKvS4_S6_RNS1_16__dyncast_resultE
                0x0000000000014fc0      0x194 C:/devkitPro/devkitA64/bin/../lib/gcc/aarch64-none-elf/15.1.0/../../../../aarch64-none-elf/lib/pic\libstdc++.a(si_class_type_info.o)
                0x0000000000014fc0                __cxxabiv1::__si_class_type_info::__do_dyncast(long, __cxxabiv1::__class_type_info::__sub_kind, __cxxabiv1::__class_type_info const*, void const*, __cxxabiv1::__class_type_info const*, void const*, __cxxabiv1::__class_type_info::__dyncast_result&) const
 *fill*         0x0000000000015154        0xc 
 .text._ZNK10__cxxabiv120__si_class_type_info20__do_find_public_srcElPKvPKNS_17__class_type_infoES2_
                0x0000000000015160       0xa8 C:/devkitPro/devkitA64/bin/../lib/gcc/aarch64-none-elf/15.1.0/../../../../aarch64-none-elf/lib/pic\libstdc++.a(si_class_type_info.o)
                0x0000000000015160                __cxxabiv1::__si_class_type_info::__do_find_public_src(long, void const*, __cxxabiv1::__class_type_info const*, void const*) const
 *fill*         0x0000000000015208       0x18 
 .text._ZNK10__cxxabiv120__si_class_type_info11__do_upcastEPKNS_17__class_type_infoEPKvRNS1_15__upcast_resultE
                0x0000000000015220       0x64 C:/devkitPro/devkitA64/bin/../lib/gcc/aarch64-none-elf/15.1.0/../../../../aarch64-none-elf/lib/pic\libstdc++.a(si_class_type_info.o)
                0x0000000000015220                __cxxabiv1::__si_class_type_info::__do_upcast(__cxxabiv1::__class_type_info const*, void const*, __cxxabiv1::__class_type_info::__upcast_result&) const
 *fill*         0x0000000000015284       0x1c 
 .text._ZNSt9type_infoD2Ev
                0x00000000000152a0        0x4 C:/devkitPro/devkitA64/bin/../lib/gcc/aarch64-none-elf/15.1.0/../../../../aarch64-none-elf/lib/pic\libstdc++.a(tinfo.o)
                0x00000000000152a0                std::type_info::~type_info()
                0x00000000000152a0                std::type_info::~type_info()
 *fill*         0x00000000000152a4       0x1c 
 .text._ZNKSt9type_info14__is_pointer_pEv
                0x00000000000152c0        0x8 C:/devkitPro/devkitA64/bin/../lib/gcc/aarch64-none-elf/15.1.0/../../../../aarch64-none-elf/lib/pic\libstdc++.a(tinfo.o)
                0x00000000000152c0                std::type_info::__is_pointer_p() const
                0x00000000000152c0                std::type_info::__is_function_p() const
 *fill*         0x00000000000152c8       0x18 
 .text._ZNKSt11logic_error4whatEv
                0x00000000000152e0        0x8 C:/devkitPro/devkitA64/bin/../lib/gcc/aarch64-none-elf/15.1.0/../../../../aarch64-none-elf/lib/pic\libstdc++.a(stdexcept.o)
                0x00000000000152e0                std::logic_error::what() const
                0x00000000000152e0                std::runtime_error::what() const
 *fill*         0x00000000000152e8       0x18 
 .text._ZNSt11logic_errorD2Ev
                0x0000000000015300       0x74 C:/devkitPro/devkitA64/bin/../lib/gcc/aarch64-none-elf/15.1.0/../../../../aarch64-none-elf/lib/pic\libstdc++.a(stdexcept.o)
                0x0000000000015300                std::logic_error::~logic_error()
                0x0000000000015300                std::logic_error::~logic_error()
 *fill*         0x0000000000015374        0xc 
 .text._ZNSt11logic_errorD0Ev