Archive member included to satisfy reference by file (symbol)

C:/devkitPro/libnx/lib\libnx.a(applet.o)
                              main.o (appletMainLoop)
C:/devkitPro/libnx/lib\libnx.a(ns.o)
                              main.o (nsInitialize)
C:/devkitPro/libnx/lib\libnx.a(sm.o)
                              C:/devkitPro/libnx/lib\libnx.a(applet.o) (smGetServiceWrapper)
C:/devkitPro/libnx/lib\libnx.a(diag.o)
                              C:/devkitPro/libnx/lib\libnx.a(applet.o) (diagAbortWithResult)
C:/devkitPro/libnx/lib\libnx.a(env.o)
                              C:/devkitPro/libnx/lib\libnx.a(applet.o) (envIsNso)
C:/devkitPro/libnx/lib\libnx.a(hosversion.o)
                              C:/devkitPro/libnx/lib\libnx.a(applet.o) (hosversionGet)
C:/devkitPro/libnx/lib\libnx.a(pad.o)
                              main.o (padConfigureInput)
C:/devkitPro/libnx/lib\libnx.a(console.o)
                              main.o (consoleInit)
C:/devkitPro/libnx/lib\libnx.a(console_sw.o)
                              C:/devkitPro/libnx/lib\libnx.a(console.o) (getDefaultConsoleRenderer)
C:/devkitPro/libnx/lib\libnx.a(svc.o)
                              C:/devkitPro/libnx/lib\libnx.a(applet.o) (svcExitProcess)
C:/devkitPro/libnx/lib\libnx.a(switch_crt0.o)
                              (_start)
C:/devkitPro/libnx/lib\libnx.a(default_font.bin.o)
                              C:/devkitPro/libnx/lib\libnx.a(console.o) (default_font_bin)
C:/devkitPro/libnx/lib\libnx.a(event.o)
                              C:/devkitPro/libnx/lib\libnx.a(applet.o) (eventLoadRemote)
C:/devkitPro/libnx/lib\libnx.a(mutex.o)
                              C:/devkitPro/libnx/lib\libnx.a(applet.o) (mutexLock)
C:/devkitPro/libnx/lib\libnx.a(tmem.o)
                              C:/devkitPro/libnx/lib\libnx.a(applet.o) (tmemCreate)
C:/devkitPro/libnx/lib\libnx.a(virtmem.o)
                              C:/devkitPro/libnx/lib\libnx.a(tmem.o) (virtmemLock)
C:/devkitPro/libnx/lib\libnx.a(wait.o)
                              C:/devkitPro/libnx/lib\libnx.a(applet.o) (waitObjects)
C:/devkitPro/libnx/lib\libnx.a(apm.o)
                              C:/devkitPro/libnx/lib\libnx.a(applet.o) (apmInitialize)
C:/devkitPro/libnx/lib\libnx.a(hid.o)
                              C:/devkitPro/libnx/lib\libnx.a(pad.o) (hidGetNpadStyleSet)
C:/devkitPro/libnx/lib\libnx.a(nifm.o)
                              C:/devkitPro/libnx/lib\libnx.a(ns.o) (nifmGetClientId)
C:/devkitPro/libnx/lib\libnx.a(default_window.o)
                              C:/devkitPro/libnx/lib\libnx.a(console_sw.o) (nwindowGetDefault)
C:/devkitPro/libnx/lib\libnx.a(framebuffer.o)
                              C:/devkitPro/libnx/lib\libnx.a(console_sw.o) (framebufferMakeLinear)
C:/devkitPro/libnx/lib\libnx.a(native_window.o)
                              C:/devkitPro/libnx/lib\libnx.a(framebuffer.o) (nwindowIsValid)
C:/devkitPro/libnx/lib\libnx.a(alloc.o)
                              C:/devkitPro/libnx/lib\libnx.a(virtmem.o) (__libnx_alloc)
C:/devkitPro/libnx/lib\libnx.a(argv.o)
                              C:/devkitPro/libnx/lib\libnx.a(switch_crt0.o) (__system_argc)
C:/devkitPro/libnx/lib\libnx.a(dynamic.o)
                              C:/devkitPro/libnx/lib\libnx.a(switch_crt0.o) (__nx_dynamic)
C:/devkitPro/libnx/lib\libnx.a(init.o)
                              C:/devkitPro/libnx/lib\libnx.a(switch_crt0.o) (__libnx_init)
C:/devkitPro/libnx/lib\libnx.a(newlib.o)
                              C:/devkitPro/libnx/lib\libnx.a(init.o) (__libnx_init_time)
C:/devkitPro/libnx/lib\libnx.a(nxlink.o)
                              C:/devkitPro/libnx/lib\libnx.a(argv.o) (nxlinkSetup)
C:/devkitPro/libnx/lib\libnx.a(fs_dev.o)
                              C:/devkitPro/libnx/lib\libnx.a(init.o) (fsdevMountSdmc)
C:/devkitPro/libnx/lib\libnx.a(path_buf.o)
                              C:/devkitPro/libnx/lib\libnx.a(fs_dev.o) (__nx_dev_path_buf)
C:/devkitPro/libnx/lib\libnx.a(decode_utf8.o)
                              C:/devkitPro/libnx/lib\libnx.a(fs_dev.o) (decode_utf8)
C:/devkitPro/libnx/lib\libnx.a(cache.o)
                              C:/devkitPro/libnx/lib\libnx.a(framebuffer.o) (armDCacheFlush)
C:/devkitPro/libnx/lib\libnx.a(exception.o)
                              C:/devkitPro/libnx/lib\libnx.a(switch_crt0.o) (__libnx_exception_entry)
C:/devkitPro/libnx/lib\libnx.a(readtp.o)
                              C:/devkitPro/libnx/lib\libnx.a(fs_dev.o) (__aarch64_read_tp)
C:/devkitPro/libnx/lib\libnx.a(condvar.o)
                              C:/devkitPro/libnx/lib\libnx.a(newlib.o) (condvarWaitTimeout)
C:/devkitPro/libnx/lib\libnx.a(random.o)
                              C:/devkitPro/libnx/lib\libnx.a(virtmem.o) (randomGet64)
C:/devkitPro/libnx/lib\libnx.a(shmem.o)
                              C:/devkitPro/libnx/lib\libnx.a(hid.o) (shmemLoadRemote)
C:/devkitPro/libnx/lib\libnx.a(thread.o)
[...]
Memory Configuration

Name             Origin             Length             Attributes
*default*        0x0000000000000000 0xffffffffffffffff

Linker script and memory map

                0x0000000000000000                PROVIDE (__start__ = 0x0)
                0x0000000000000000                . = __start__
                [!provide]                        PROVIDE (__code_start = .)

.text           0x0000000000000000    0x35588
 *(.crt0)
 .crt0          0x0000000000000000      0x124 C:/devkitPro/libnx/lib\libnx.a(switch_crt0.o)
                0x0000000000000000                _start
                0x00000000000000e0                __nx_exit
                0x00000000000000f0                __nx_mod0
 *(.text.unlikely .text.*_unlikely .text.unlikely.*)
 .text.unlikely._ZSt19__throw_logic_errorPKc
                0x0000000000000124       0x50 C:/devkitPro/devkitA64/bin/../lib/gcc/aarch64-none-elf/15.1.0/../../../../aarch64-none-elf/lib/pic\libstdc++.a(functexcept.o)
                0x0000000000000124                std::__throw_logic_error(char const*)
 .text.unlikely._ZSt20__throw_length_errorPKc
                0x0000000000000174       0x50 C:/devkitPro/devkitA64/bin/../lib/gcc/aarch64-none-elf/15.1.0/../../../../aarch64-none-elf/lib/pic\libstdc++.a(functexcept.o)
                0x0000000000000174                std::__throw_length_error(char const*)
 .text.unlikely._ZN9__gnu_cxx30__throw_concurrence_lock_errorEv
                0x00000000000001c4       0x34 C:/devkitPro/devkitA64/bin/../lib/gcc/aarch64-none-elf/15.1.0/../../../../aarch64-none-elf/lib/pic\libstdc++.a(eh_alloc.o)
                0x00000000000001c4                __gnu_cxx::__throw_concurrence_lock_error()
 .text.unlikely._ZN9__gnu_cxx32__throw_concurrence_unlock_errorEv
                0x00000000000001f8       0x34 C:/devkitPro/devkitA64/bin/../lib/gcc/aarch64-none-elf/15.1.0/../../../../aarch64-none-elf/lib/pic\libstdc++.a(eh_alloc.o)
                0x00000000000001f8                __gnu_cxx::__throw_concurrence_unlock_error()
 .text.unlikely._ZSt9terminatev
                0x000000000000022c       0x10 C:/devkitPro/devkitA64/bin/../lib/gcc/aarch64-none-elf/15.1.0/../../../../aarch64-none-elf/lib/pic\libstdc++.a(eh_terminate.o)
                0x000000000000022c                std::terminate()
 .text.unlikely._ZSt10unexpectedv
                0x000000000000023c       0x10 C:/devkitPro/devkitA64/bin/../lib/gcc/aarch64-none-elf/15.1.0/../../../../aarch64-none-elf/lib/pic\libstdc++.a(eh_terminate.o)
                0x000000000000023c                std::unexpected()
 .text.unlikely.__cxa_call_terminate
                0x000000000000024c       0x44 C:/devkitPro/devkitA64/bin/../lib/gcc/aarch64-none-elf/15.1.0/../../../../aarch64-none-elf/lib/pic\libstdc++.a(eh_call.o)
                0x000000000000024c                __cxa_call_terminate
 *(.text.exit .text.exit.*)
 *fill*         0x0000000000000290       0x10 
 .text.exit._GLOBAL__sub_D_eh_globals.cc
                0x00000000000002a0       0x34 C:/devkitPro/devkitA64/bin/../lib/gcc/aarch64-none-elf/15.1.0/../../../../aarch64-none-elf/lib/pic\libstdc++.a(eh_globals.o)
 *fill*         0x00000000000002d4        0xc 
 .text.exit     0x00000000000002e0       0x34 C:/devkitPro/devkitA64/bin/../lib/gcc/aarch64-none-elf/15.1.0/../../../../aarch64-none-elf/lib/pic\libg.a(libc_a-exit.o)
                0x00000000000002e0                exit
 *(.text.startup .text.startup.*)
 *fill*         0x0000000000000314        0xc 
 .text.startup.main
                0x0000000000000320      0x148 main.o
                0x0000000000000320                main
 *fill*         0x0000000000000468       0x18 
 .text.startup._GLOBAL__sub_I_eh_alloc.cc
                0x0000000000000480      0x1f0 C:/devkitPro/devkitA64/bin/../lib/gcc/aarch64-none-elf/15.1.0/../../../../aarch64-none-elf/lib/pic\libstdc++.a(eh_alloc.o)
 *fill*         0x0000000000000670       0x10 
 .text.startup._GLOBAL__sub_I_eh_globals.cc
                0x0000000000000680       0x38 C:/devkitPro/devkitA64/bin/../lib/gcc/aarch64-none-elf/15.1.0/../../../../aarch64-none-elf/lib/pic\libstdc++.a(eh_globals.o)
 *(.text.hot .text.hot.*)
 *(.text .stub .text.* .gnu.linkonce.t.*)
 *fill*         0x00000000000006b8        0x8 
 .text.__do_global_dtors_aux
                0x00000000000006c0       0x50 C:/devkitPro/devkitA64/bin/../lib/gcc/aarch64-none-elf/15.1.0/pic/crtbegin.o
 *fill*         0x0000000000000710       0x10 
 .text.frame_dummy
                0x0000000000000720       0x24 C:/devkitPro/devkitA64/bin/../lib/gcc/aarch64-none-elf/15.1.0/pic/crtbegin.o
 *fill*         0x0000000000000744        0xc 
 .text._ZSt25__unguarded_linear_insertIN9__gnu_cxx17__normal_iteratorIPNSt7__cxx1112basic_stringIcSt11char_traitsIcESaIcEEESt6vectorIS7_SaIS7_EEEENS0_5__ops14_Val_less_iterEEvT_T0_.isra.0
                0x0000000000000750      0x244 main.o
 *fill*         0x0000000000000994        0xc 
 .text._ZSt16__insertion_sortIN9__gnu_cxx17__normal_iteratorIPNSt7__cxx1112basic_stringIcSt11char_traitsIcESaIcEEESt6vectorIS7_SaIS7_EEEENS0_5__ops15_Iter_less_iterEEvT_SF_T0_.isra.0
                0x00000000000009a0      0x2e0 main.o
 .text._ZSt13__adjust_heapIN9__gnu_cxx17__normal_iteratorIPNSt7__cxx1112basic_stringIcSt11char_traitsIcESaIcEEESt6vectorIS7_SaIS7_EEEElS7_NS0_5__ops15_Iter_less_iterEEvT_T0_SG_T1_T2_.isra.0
                0x0000000000000c80      0x628 main.o
 *fill*         0x00000000000012a8        0x8 
 .text._ZNSt6vectorINSt7__cxx1112basic_stringIcSt11char_traitsIcESaIcEEESaIS5_EE17_M_realloc_appendIJS5_EEEvDpOT_
                0x00000000000012b0      0x194 main.o
                0x00000000000012b0                void std::vector<std::__cxx11::basic_string<char, std::char_traits<char>, std::allocator<char> >, std::allocator<std::__cxx11::basic_string<char, std::char_traits<char>, std::allocator<char> > > >::_M_realloc_append<std::__cxx11::basic_string<char, std::char_traits<char>, std::allocator<char> > >(std::__cxx11::basic_string<char, std::char_traits<char>, std::allocator<char> >&&)
 *fill*         0x0000000000001444        0xc 
 .text._ZSt13__heap_selectIN9__gnu_cxx17__normal_iteratorIPNSt7__cxx1112basic_stringIcSt11char_traitsIcESaIcEEESt6vectorIS7_SaIS7_EEEENS0_5__ops15_Iter_less_iterEEvT_SF_SF_T0_
                0x0000000000001450      0x304 main.o
                0x0000000000001450                void std::__heap_select<__gnu_cxx::__normal_iterator<std::__cxx11::basic_string<char, std::char_traits<char>, std::allocator<char> >*, std::vector<std::__cxx11::basic_string<char, std::char_traits<char>, std::allocator<char> >, std::allocator<std::__cxx11::basic_string<char, std::char_traits<char>, std::allocator<char> > > > >, __gnu_cxx::__ops::_Iter_less_iter>(__gnu_cxx::__normal_iterator<std::__cxx11::basic_string<char, std::char_traits<char>, std::allocator<char> >*, std::vector<std::__cxx11::basic_string<char, std::char_traits<char>, std::allocator<char> >, std::allocator<std::__cxx11::basic_string<char, std::char_traits<char>, std::allocator<char> > > > >, __gnu_cxx::__normal_iterator<std::__cxx11::basic_string<char, std::char_traits<char>, std::allocator<char> >*, std::vector<std::__cxx11::basic_string<char, std::char_traits<char>, std::allocator<char> >, std::allocator<std::__cxx11::basic_string<char, std::char_traits<char>, std::allocator<char> > > > >, __gnu_cxx::__normal_iterator<std::__cxx11::basic_string<char, std::char_traits<char>, std::allocator<char> >*, std::vector<std::__cxx11::basic_string<char, std::char_traits<char>, std::allocator<char> >, std::allocator<std::__cxx11::basic_string<char, std::char_traits<char>, std::allocator<char> > > > >, __gnu_cxx::__ops::_Iter_less_iter)
 *fill*         0x0000000000001754        0xc 
 .text._ZSt16__introsort_loopIN9__gnu_cxx17__normal_iteratorIPNSt7__cxx1112basic_stringIcSt11char_traitsIcESaIcEEESt6vectorIS7_SaIS7_EEEElNS0_5__ops15_Iter_less_iterEEvT_SF_T0_T1_.isra.0
                0x0000000000001760      0x43c main.o
 *fill*         0x0000000000001b9c        0x4 
 .text._Z18getInstalledTitlesB5cxx11v
                0x0000000000001ba0      0x2e0 main.o
                0x0000000000001ba0                getInstalledTitles[abi:cxx11]()
 .text._appletInfiniteSleepLoop
                0x0000000000001e80       0x18 C:/devkitPro/libnx/lib\libnx.a(applet.o)
 *fill*         0x0000000000001e98        0x8 
 .text._appletCmdGetSession
                0x0000000000001ea0      0x108 C:/devkitPro/libnx/lib\libnx.a(applet.o)
 *fill*         0x0000000000001fa8        0x8 
 .text._appletCmdInU8NoOut
                0x0000000000001fb0       0xcc C:/devkitPro/libnx/lib\libnx.a(applet.o)
 *fill*         0x000000000000207c        0x4 
 .text._appletCmdInU32NoOut
                0x0000000000002080       0xcc C:/devkitPro/libnx/lib\libnx.a(applet.o)
 *fill*         0x000000000000214c        0x4 
 .text._appletGetSessionProxy.constprop.0
                0x0000000000002150      0x12c C:/devkitPro/libnx/lib\libnx.a(applet.o)
 *fill*         0x000000000000227c        0x4 
 .text._appletOpenLibraryAppletProxy.constprop.0
                0x0000000000002280      0x148 C:/devkitPro/libnx/lib\libnx.a(applet.o)
 *fill*         0x00000000000023c8        0x8 
 .text._appletCmdGetEvent
                0x00000000000023d0       0xf8 C:/devkitPro/libnx/lib\libnx.a(applet.o)
 *fill*         0x00000000000024c8        0x8 
 .text._appletCmdNoInOutU8.isra.0
                0x00000000000024d0       0xd4 C:/devkitPro/libnx/lib\libnx.a(applet.o)
 *fill*         0x00000000000025a4        0xc 
 .text._appletCmdNoInOutU32.isra.0
                0x00000000000025b0       0xd4 C:/devkitPro/libnx/lib\libnx.a(applet.o)
 *fill*         0x0000000000002684        0xc 
 .text._appletCmdNoInOutU64.isra.0
                0x0000000000002690       0xd4 C:/devkitPro/libnx/lib\libnx.a(applet.o)
 *fill*         0x0000000000002764        0xc 
 .text._appletCmdNoIO.isra.0
                0x0000000000002770       0xc0 C:/devkitPro/libnx/lib\libnx.a(applet.o)
 .text.appletGetAppletType
                0x0000000000002830       0x10 C:/devkitPro/libnx/lib\libnx.a(applet.o)
                0x0000000000002830                appletGetAppletType
 .text.appletSetFocusHandlingMode
                0x0000000000002840      0x1b8 C:/devkitPro/libnx/lib\libnx.a(applet.o)
                0x0000000000002840                appletSetFocusHandlingMode
 *fill*         0x00000000000029f8        0x8 
 .text.appletSetCpuBoostMode
                0x0000000000002a00       0x5c C:/devkitPro/libnx/lib\libnx.a(applet.o)
                0x0000000000002a00                appletSetCpuBoostMode
 *fill*         0x0000000000002a5c        0x4 
 .text.appletCreateManagedDisplayLayer
                0x0000000000002a60       0x2c C:/devkitPro/libnx/lib\libnx.a(applet.o)
                0x0000000000002a60                appletCreateManagedDisplayLayer
 *fill*         0x0000000000002a8c        0x4 
 .text.appletGetAppletResourceUserId
                0x0000000000002a90        0xc C:/devkitPro/libnx/lib\libnx.a(applet.o)
                0x0000000000002a90                appletGetAppletResourceUserId
 *fill*         0x0000000000002a9c        0x4 
 .text._appletHolderCreateState
                0x0000000000002aa0      0x138 C:/devkitPro/libnx/lib\libnx.a(applet.o)
 *fill*         0x0000000000002bd8        0x8 
 .text.appletHolderClose
                0x0000000000002be0       0xb0 C:/devkitPro/libnx/lib\libnx.a(applet.o)
                0x0000000000002be0                appletHolderClose
 .text.appletHolderGetLibraryAppletInfo
                0x0000000000002c90       0x24 C:/devkitPro/libnx/lib\libnx.a(applet.o)
                0x0000000000002c90                appletHolderGetLibraryAppletInfo
 *fill*         0x0000000000002cb4        0xc 
 .text.appletNotifyRunning
                0x0000000000002cc0       0x90 C:/devkitPro/libnx/lib\libnx.a(applet.o)
                0x0000000000002cc0                appletNotifyRunning
 .text.appletSetGamePlayRecordingState
                0x0000000000002d50       0x78 C:/devkitPro/libnx/lib\libnx.a(applet.o)
                0x0000000000002d50                appletSetGamePlayRecordingState
 *fill*         0x0000000000002dc8        0x8 
 .text._appletCleanup
                0x0000000000002dd0      0xad4 C:/devkitPro/libnx/lib\libnx.a(applet.o)
 *fill*         0x00000000000038a4        0xc 
 .text.appletExit
                0x00000000000038b0       0x48 C:/devkitPro/libnx/lib\libnx.a(applet.o)
                0x00000000000038b0                appletExit
 *fill*         0x00000000000038f8        0x8 
 .text.appletGetLibraryAppletInfo
                0x0000000000003900       0x40 C:/devkitPro/libnx/lib\libnx.a(applet.o)
                0x0000000000003900                appletGetLibraryAppletInfo
 .text.appletInitialize
                0x0000000000003940      0xc14 C:/devkitPro/libnx/lib\libnx.a(applet.o)
                0x0000000000003940                appletInitialize
 *fill*         0x0000000000004554        0xc 
 .text._appletExitProcess
                0x0000000000004560       0x24 C:/devkitPro/libnx/lib\libnx.a(applet.o)
 *fill*         0x0000000000004584        0xc 
 .text.appletGetMessage
                0x0000000000004590       0x74 C:/devkitPro/libnx/lib\libnx.a(applet.o)
                0x0000000000004590                appletGetMessage
 *fill*         0x0000000000004604        0xc 
 .text.appletProcessMessage
                0x0000000000004610      0x264 C:/devkitPro/libnx/lib\libnx.a(applet.o)
                0x0000000000004610                appletProcessMessage
 *fill*         0x0000000000004874        0xc 
 .text.appletMainLoop
                0x0000000000004880       0x34 C:/devkitPro/libnx/lib\libnx.a(applet.o)
                0x0000000000004880                appletMainLoop
 *fill*         0x00000000000048b4        0xc 
 .text._nsCleanup
                0x00000000000048c0       0xc8 C:/devkitPro/libnx/lib\libnx.a(ns.o)
 *fill*         0x0000000000004988        0x8 
 .text._nsGetSession.isra.0
                0x0000000000004990       0xf4 C:/devkitPro/libnx/lib\libnx.a(ns.o)
 *fill*         0x0000000000004a84        0xc 
 .text.nsInitialize
                0x0000000000004a90      0x284 C:/devkitPro/libnx/lib\libnx.a(ns.o)
                0x0000000000004a90                nsInitialize
 *fill*         0x0000000000004d14        0xc 
 .text.nsExit   0x0000000000004d20       0x48 C:/devkitPro/libnx/lib\libnx.a(ns.o)
                0x0000000000004d20                nsExit
 *fill*         0x0000000000004d68        0x8 
 .text.nsGetReadOnlyApplicationControlDataInterface
                0x0000000000004d70       0x5c C:/devkitPro/libnx/lib\libnx.a(ns.o)
                0x0000000000004d70                nsGetReadOnlyApplicationControlDataInterface
 *fill*         0x0000000000004dcc        0x4 
 .text.nsGetApplicationManagerInterface
                0x0000000000004dd0       0x58 C:/devkitPro/libnx/lib\libnx.a(ns.o)
                0x0000000000004dd0                nsGetApplicationManagerInterface
 *fill*         0x0000000000004e28        0x8 
 .text.nsGetApplicationControlData
                0x0000000000004e30      0x204 C:/devkitPro/libnx/lib\libnx.a(ns.o)
                0x0000000000004e30                nsGetApplicationControlData
 *fill*         0x0000000000005034        0xc 
 .text.nsListApplicationRecord
                0x0000000000005040      0x1a8 C:/devkitPro/libnx/lib\libnx.a(ns.o)
                0x0000000000005040                nsListApplicationRecord
 *fill*         0x00000000000051e8        0x8 
 .text._smCmifCmdInPid
                0x00000000000051f0       0xcc C:/devkitPro/libnx/lib\libnx.a(sm.o)
 *fill*         0x00000000000052bc        0x4 
 .text._smCleanup
                0x00000000000052c0       0x78 C:/devkitPro/libnx/lib\libnx.a(sm.o)
 *fill*         0x0000000000005338        0x8 
 .text.smAddOverrideHandle
                0x0000000000005340       0x48 C:/devkitPro/libnx/lib\libnx.a(sm.o)
                0x0000000000005340                smAddOverrideHandle
 *fill*         0x0000000000005388        0x8 
 .text.smGetServiceOverride
                0x0000000000005390       0x54 C:/devkitPro/libnx/lib\libnx.a(sm.o)
                0x0000000000005390                smGetServiceOverride
 *fill*         0x00000000000053e4        0xc 
 .text.smInitialize
                0x00000000000053f0      0x1ac C:/devkitPro/libnx/lib\libnx.a(sm.o)
                0x00000000000053f0                smInitialize
 *fill*         0x000000000000559c        0x4 
 .text.smExit   0x00000000000055a0       0x48 C:/devkitPro/libnx/lib\libnx.a(sm.o)
                0x00000000000055a0                smExit
 *fill*         0x00000000000055e8        0x8 
 .text.smGetServiceOriginal
                0x00000000000055f0       0xd0 C:/devkitPro/libnx/lib\libnx.a(sm.o)
                0x00000000000055f0                smGetServiceOriginal
 .text.smGetServiceWrapper
                0x00000000000056c0      0x120 C:/devkitPro/libnx/lib\libnx.a(sm.o)
                0x00000000000056c0                smGetServiceWrapper
 .text.diagAbortWithResult
                0x00000000000057e0       0x1c C:/devkitPro/libnx/lib\libnx.a(diag.o)
                0x00000000000057e0                diagAbortWithResult
 *fill*         0x00000000000057fc        0x4 
 .text.envSetup
                0x0000000000005800      0x208 C:/devkitPro/libnx/lib\libnx.a(env.o)
                0x0000000000005800                envSetup
 *fill*         0x0000000000005a08        0x8 
 .text.envGetMainThreadHandle
                0x0000000000005a10       0x20 C:/devkitPro/libnx/lib\libnx.a(env.o)
                0x0000000000005a10                envGetMainThreadHandle
 .text.envIsNso
                0x0000000000005a30        0xc C:/devkitPro/libnx/lib\libnx.a(env.o)
                0x0000000000005a30                envIsNso
 *fill*         0x0000000000005a3c        0x4 
 .text.envHasHeapOverride
                0x0000000000005a40       0x14 C:/devkitPro/libnx/lib\libnx.a(env.o)
                0x0000000000005a40                envHasHeapOverride
 *fill*         0x0000000000005a54        0xc 
 .text.envGetHeapOverrideAddr
                0x0000000000005a60        0xc C:/devkitPro/libnx/lib\libnx.a(env.o)
                0x0000000000005a60                envGetHeapOverrideAddr
 *fill*         0x0000000000005a6c        0x4 
 .text.envGetHeapOverrideSize
                0x0000000000005a70        0xc C:/devkitPro/libnx/lib\libnx.a(env.o)
                0x0000000000005a70                envGetHeapOverrideSize
 *fill*         0x0000000000005a7c        0x4 
 .text.envHasArgv
                0x0000000000005a80       0x14 C:/devkitPro/libnx/lib\libnx.a(env.o)
                0x0000000000005a80                envHasArgv
 *fill*         0x0000000000005a94        0xc 
 .text.envGetArgv
                0x0000000000005aa0        0xc C:/devkitPro/libnx/lib\libnx.a(env.o)
                0x0000000000005aa0                envGetArgv
 *fill*         0x0000000000005aac        0x4 
 .text.envGetExitFuncPtr
                0x0000000000005ab0        0xc C:/devkitPro/libnx/lib\libnx.a(env.o)
                0x0000000000005ab0                envGetExitFuncPtr
 *fill*         0x0000000000005abc        0x4 
 .text.envSetExitFuncPtr
                0x0000000000005ac0        0xc C:/devkitPro/libnx/lib\libnx.a(env.o)
                0x0000000000005ac0                envSetExitFuncPtr
 *fill*         0x0000000000005acc        0x4 
 .text.envHasRandomSeed
                0x0000000000005ad0        0xc C:/devkitPro/libnx/lib\libnx.a(env.o)
                0x0000000000005ad0                envHasRandomSeed
 *fill*         0x0000000000005adc        0x4 
 .text.envGetRandomSeed
                0x0000000000005ae0       0x10 C:/devkitPro/libnx/lib\libnx.a(env.o)
                0x0000000000005ae0                envGetRandomSeed
 .text.hosversionGet
                0x0000000000005af0       0x14 C:/devkitPro/libnx/lib\libnx.a(hosversion.o)
                0x0000000000005af0                hosversionGet
 *fill*         0x0000000000005b04        0xc 
 .text.hosversionSet
                0x0000000000005b10       0x10 C:/devkitPro/libnx/lib\libnx.a(hosversion.o)
                0x0000000000005b10                hosversionSet
 .text.padConfigureInput
                0x0000000000005b20       0x9c C:/devkitPro/libnx/lib\libnx.a(pad.o)
                0x0000000000005b20                padConfigureInput
 *fill*         0x0000000000005bbc        0x4 
 .text.padInitializeWithMask
                0x0000000000005bc0       0x24 C:/devkitPro/libnx/lib\libnx.a(pad.o)
                0x0000000000005bc0                padInitializeWithMask
 *fill*         0x0000000000005be4        0xc 
 .text.padUpdate
                0x0000000000005bf0      0x294 C:/devkitPro/libnx/lib\libnx.a(pad.o)
                0x0000000000005bf0                padUpdate
 *fill*         0x0000000000005e84        0xc 
 .text.consoleDrawChar
                0x0000000000005e90       0x48 C:/devkitPro/libnx/lib\libnx.a(console.o)
 *fill*         0x0000000000005ed8        0x8 
 .text.parseColor
                0x0000000000005ee0      0x21c C:/devkitPro/libnx/lib\libnx.a(console.o)
 *fill*         0x00000000000060fc        0x4 
 .text.consoleNewRow
                0x0000000000006100       0xb4 C:/devkitPro/libnx/lib\libnx.a(console.o)
 *fill*         0x00000000000061b4        0xc 
 .text.con_write
                0x00000000000061c0      0xbf8 C:/devkitPro/libnx/lib\libnx.a(console.o)
 *fill*         0x0000000000006db8        0x8 
 .text.consoleInit
                0x0000000000006dc0      0x154 C:/devkitPro/libnx/lib\libnx.a(console.o)
                0x0000000000006dc0                consoleInit
 *fill*         0x0000000000006f14        0xc 
 .text.consoleExit
                0x0000000000006f20       0x44 C:/devkitPro/libnx/lib\libnx.a(console.o)
                0x0000000000006f20                consoleExit
 *fill*         0x0000000000006f64        0xc 
 .text.consoleUpdate
                0x0000000000006f70       0x2c C:/devkitPro/libnx/lib\libnx.a(console.o)
                0x0000000000006f70                consoleUpdate
 *fill*         0x0000000000006f9c        0x4 
 .text.ConsoleSwRenderer_drawChar
                0x0000000000006fa0      0x1bc C:/devkitPro/libnx/lib\libnx.a(console_sw.o)
 *fill*         0x000000000000715c        0x4 
 .text.ConsoleSwRenderer_init
                0x0000000000007160       0xe8 C:/devkitPro/libnx/lib\libnx.a(console_sw.o)
 *fill*         0x0000000000007248        0x8 
 .text.ConsoleSwRenderer_flushAndSwap
                0x0000000000007250       0x78 C:/devkitPro/libnx/lib\libnx.a(console_sw.o)
 *fill*         0x00000000000072c8        0x8 
 .text.ConsoleSwRenderer_scrollWindow
                0x00000000000072d0       0xd4 C:/devkitPro/libnx/lib\libnx.a(console_sw.o)
 *fill*         0x00000000000073a4        0xc 
 .text.ConsoleSwRenderer_deinit
                0x00000000000073b0       0x50 C:/devkitPro/libnx/lib\libnx.a(console_sw.o)
 .text.getDefaultConsoleRenderer
                0x0000000000007400        0xc C:/devkitPro/libnx/lib\libnx.a(console_sw.o)
                0x0000000000007400                getDefaultConsoleRenderer
 .text.svcSetHeapSize
                0x000000000000740c       0x14 C:/devkitPro/libnx/lib\libnx.a(svc.o)
                0x000000000000740c                svcSetHeapSize
 .text.svcSetMemoryPermission
                0x0000000000007420        0x8 C:/devkitPro/libnx/lib\libnx.a(svc.o)
                0x0000000000007420                svcSetMemoryPermission
 .text.svcSetMemoryAttribute
                0x0000000000007428        0x8 C:/devkitPro/libnx/lib\libnx.a(svc.o)
                0x0000000000007428                svcSetMemoryAttribute
 .text.svcUnmapMemory
                0x0000000000007430        0x8 C:/devkitPro/libnx/lib\libnx.a(svc.o)
                0x0000000000007430                svcUnmapMemory
 .text.svcQueryMemory
                0x0000000000007438       0x14 C:/devkitPro/libnx/lib\libnx.a(svc.o)
                0x0000000000007438                svcQueryMemory
 .text.svcExitProcess
                0x000000000000744c        0x8 C:/devkitPro/libnx/lib\libnx.a(svc.o)
                0x000000000000744c                svcExitProcess
 .text.svcSleepThread
                0x0000000000007454        0x8 C:/devkitPro/libnx/lib\libnx.a(svc.o)
                0x0000000000007454                svcSleepThread
 .text.svcMapSharedMemory
                0x000000000000745c        0x8 C:/devkitPro/libnx/lib\libnx.a(svc.o)
                0x000000000000745c                svcMapSharedMemory
 .text.svcUnmapSharedMemory
                0x0000000000007464        0x8 C:/devkitPro/libnx/lib\libnx.a(svc.o)
                0x0000000000007464                svcUnmapSharedMemory
 .text.svcCreateTransferMemory
                0x000000000000746c       0x14 C:/devkitPro/libnx/lib\libnx.a(svc.o)
                0x000000000000746c                svcCreateTransferMemory
 .text.svcCloseHandle
                0x0000000000007480        0x8 C:/devkitPro/libnx/lib\libnx.a(svc.o)
                0x0000000000007480                svcCloseHandle
 .text.svcResetSignal
                0x0000000000007488        0x8 C:/devkitPro/libnx/lib\libnx.a(svc.o)
                0x0000000000007488                svcResetSignal
 .text.svcWaitSynchronization
                0x0000000000007490       0x14 C:/devkitPro/libnx/lib\libnx.a(svc.o)
                0x0000000000007490                svcWaitSynchronization
 .text.svcArbitrateLock
                0x00000000000074a4        0x8 C:/devkitPro/libnx/lib\libnx.a(svc.o)
                0x00000000000074a4                svcArbitrateLock
 .text.svcArbitrateUnlock
                0x00000000000074ac        0x8 C:/devkitPro/libnx/lib\libnx.a(svc.o)
                0x00000000000074ac                svcArbitrateUnlock
 .text.svcWaitProcessWideKeyAtomic
                0x00000000000074b4        0x8 C:/devkitPro/libnx/lib\libnx.a(svc.o)
                0x00000000000074b4                svcWaitProcessWideKeyAtomic
 .text.svcSignalProcessWideKey
                0x00000000000074bc        0x8 C:/devkitPro/libnx/lib\libnx.a(svc.o)
                0x00000000000074bc                svcSignalProcessWideKey
 .text.svcConnectToNamedPort
                0x00000000000074c4       0x14 C:/devkitPro/libnx/lib\libnx.a(svc.o)
                0x00000000000074c4                svcConnectToNamedPort
 .text.svcSendSyncRequest
                0x00000000000074d8        0x8 C:/devkitPro/libnx/lib\libnx.a(svc.o)
                0x00000000000074d8                svcSendSyncRequest
 .text.svcBreak
                0x00000000000074e0        0x8 C:/devkitPro/libnx/lib\libnx.a(svc.o)
                0x00000000000074e0                svcBreak
 .text.svcReturnFromException
                0x00000000000074e8        0x8 C:/devkitPro/libnx/lib\libnx.a(svc.o)
                0x00000000000074e8                svcReturnFromException
 .text.svcGetInfo
                0x00000000000074f0       0x14 C:/devkitPro/libnx/lib\libnx.a(svc.o)
                0x00000000000074f0                svcGetInfo
 .text.svcUnmapTransferMemory
                0x0000000000007504        0x8 C:/devkitPro/libnx/lib\libnx.a(svc.o)
                0x0000000000007504                svcUnmapTransferMemory
 *fill*         0x000000000000750c        0x4 
 .text.eventLoadRemote
                0x0000000000007510        0xc C:/devkitPro/libnx/lib\libnx.a(event.o)
                0x0000000000007510                eventLoadRemote
 *fill*         0x000000000000751c        0x4 
 .text.eventWait
                0x0000000000007520       0x34 C:/devkitPro/libnx/lib\libnx.a(event.o)
                0x0000000000007520                eventWait
 *fill*         0x0000000000007554        0xc 
 .text.eventClose
                0x0000000000007560       0x54 C:/devkitPro/libnx/lib\libnx.a(event.o)
                0x0000000000007560                eventClose
 *fill*         0x00000000000075b4        0xc 
 .text.mutexLock
                0x00000000000075c0       0xc8 C:/devkitPro/libnx/lib\libnx.a(mutex.o)
                0x00000000000075c0                mutexLock
 *fill*         0x0000000000007688        0x8 
 .text.mutexUnlock
                0x0000000000007690       0x68 C:/devkitPro/libnx/lib\libnx.a(mutex.o)
                0x0000000000007690                mutexUnlock
 *fill*         0x00000000000076f8        0x8 
 .text.mutexIsLockedByCurrentThread
                0x0000000000007700       0x1c C:/devkitPro/libnx/lib\libnx.a(mutex.o)
                0x0000000000007700                mutexIsLockedByCurrentThread
 *fill*         0x000000000000771c        0x4 
 .text.rmutexLock
                0x0000000000007720       0x58 C:/devkitPro/libnx/lib\libnx.a(mutex.o)
                0x0000000000007720                rmutexLock
 *fill*         0x0000000000007778        0x8 
 .text.rmutexUnlock
                0x0000000000007780       0x1c C:/devkitPro/libnx/lib\libnx.a(mutex.o)
                0x0000000000007780                rmutexUnlock
 *fill*         0x000000000000779c        0x4 
 .text.tmemCreate
                0x00000000000077a0       0xa8 C:/devkitPro/libnx/lib\libnx.a(tmem.o)
                0x00000000000077a0                tmemCreate
 *fill*         0x0000000000007848        0x8 
 .text.tmemUnmap
                0x0000000000007850       0x34 C:/devkitPro/libnx/lib\libnx.a(tmem.o)
                0x0000000000007850                tmemUnmap
 *fill*         0x0000000000007884        0xc 
 .text.tmemCloseHandle
                0x0000000000007890       0x30 C:/devkitPro/libnx/lib\libnx.a(tmem.o)
                0x0000000000007890                tmemCloseHandle
 .text.tmemWaitForPermission
                0x00000000000078c0       0x9c C:/devkitPro/libnx/lib\libnx.a(tmem.o)
                0x00000000000078c0                tmemWaitForPermission
 *fill*         0x000000000000795c        0x4 
 .text.tmemClose
                0x0000000000007960       0x50 C:/devkitPro/libnx/lib\libnx.a(tmem.o)
                0x0000000000007960                tmemClose
 .text._memregionInitWithInfo
                0x00000000000079b0       0x64 C:/devkitPro/libnx/lib\libnx.a(virtmem.o)
 *fill*         0x0000000000007a14        0xc 
 .text.__libnx_virtmem_rng
                0x0000000000007a20        0x4 C:/devkitPro/libnx/lib\libnx.a(virtmem.o)
                0x0000000000007a20                __libnx_virtmem_rng
 *fill*         0x0000000000007a24        0xc 
 .text._memregionFindRandom
                0x0000000000007a30      0x164 C:/devkitPro/libnx/lib\libnx.a(virtmem.o)
 *fill*         0x0000000000007b94        0xc 
 .text.virtmemSetup
                0x0000000000007ba0      0x140 C:/devkitPro/libnx/lib\libnx.a(virtmem.o)
                0x0000000000007ba0                virtmemSetup
 .text.virtmemLock
                0x0000000000007ce0        0xc C:/devkitPro/libnx/lib\libnx.a(virtmem.o)
                0x0000000000007ce0                virtmemLock
 *fill*         0x0000000000007cec        0x4 
 .text.virtmemUnlock
                0x0000000000007cf0        0xc C:/devkitPro/libnx/lib\libnx.a(virtmem.o)
                0x0000000000007cf0                virtmemUnlock
 *fill*         0x0000000000007cfc        0x4 
 .text.virtmemFindAslr
                0x0000000000007d00       0x50 C:/devkitPro/libnx/lib\libnx.a(virtmem.o)
                0x0000000000007d00                virtmemFindAslr
 .text.waitObjects
                0x0000000000007d50      0x57c C:/devkitPro/libnx/lib\libnx.a(wait.o)
                0x0000000000007d50                waitObjects
 *fill*         0x00000000000082cc        0x4 
 .text._apmCleanup
                0x00000000000082d0       0xd4 C:/devkitPro/libnx/lib\libnx.a(apm.o)
 *fill*         0x00000000000083a4        0xc 
 .text.apmInitialize
                0x00000000000083b0      0x194 C:/devkitPro/libnx/lib\libnx.a(apm.o)
                0x00000000000083b0                apmInitialize
 *fill*         0x0000000000008544        0xc 
 .text.apmExit  0x0000000000008550       0x48 C:/devkitPro/libnx/lib\libnx.a(apm.o)
                0x0000000000008550                apmExit
 *fill*         0x0000000000008598        0x8 
 .text.apmSetPerformanceConfiguration
                0x00000000000085a0       0xc8 C:/devkitPro/libnx/lib\libnx.a(apm.o)
                0x00000000000085a0                apmSetPerformanceConfiguration
 *fill*         0x0000000000008668        0x8 
 .text._hidCleanup
                0x0000000000008670      0x12c C:/devkitPro/libnx/lib\libnx.a(hid.o)
 *fill*         0x000000000000879c        0x4 
 .text._hidCmdInAruidNoOut
                0x00000000000087a0       0xd4 C:/devkitPro/libnx/lib\libnx.a(hid.o)
 *fill*         0x0000000000008874        0xc 
 .text._hidCmdInU32AruidNoOut
                0x0000000000008880       0xe0 C:/devkitPro/libnx/lib\libnx.a(hid.o)
 .text._hidGetStates
                0x0000000000008960      0x194 C:/devkitPro/libnx/lib\libnx.a(hid.o)
 *fill*         0x0000000000008af4        0xc 
 .text.hidInitialize
                0x0000000000008b00      0x26c C:/devkitPro/libnx/lib\libnx.a(hid.o)
                0x0000000000008b00                hidInitialize
 *fill*         0x0000000000008d6c        0x4 
 .text.hidExit  0x0000000000008d70       0x48 C:/devkitPro/libnx/lib\libnx.a(hid.o)
                0x0000000000008d70                hidExit
 *fill*         0x0000000000008db8        0x8 
 .text.hidGetSharedmemAddr
                0x0000000000008dc0        0xc C:/devkitPro/libnx/lib\libnx.a(hid.o)
                0x0000000000008dc0                hidGetSharedmemAddr
 *fill*         0x0000000000008dcc        0x4 
 .text.hidGetNpadStyleSet
                0x0000000000008dd0       0x90 C:/devkitPro/libnx/lib\libnx.a(hid.o)
                0x0000000000008dd0                hidGetNpadStyleSet
 .text.hidInitializeNpad
                0x0000000000008e60       0x84 C:/devkitPro/libnx/lib\libnx.a(hid.o)
                0x0000000000008e60                hidInitializeNpad
 *fill*         0x0000000000008ee4        0xc 
 .text.hidGetNpadStatesFullKey
                0x0000000000008ef0       0xa4 C:/devkitPro/libnx/lib\libnx.a(hid.o)
                0x0000000000008ef0                hidGetNpadStatesFullKey
 *fill*         0x0000000000008f94        0xc 
 .text.hidGetNpadStatesHandheld
                0x0000000000008fa0       0xa4 C:/devkitPro/libnx/lib\libnx.a(hid.o)
                0x0000000000008fa0                hidGetNpadStatesHandheld
 *fill*         0x0000000000009044        0xc 
 .text.hidGetNpadStatesJoyDual
                0x0000000000009050       0xa4 C:/devkitPro/libnx/lib\libnx.a(hid.o)
                0x0000000000009050                hidGetNpadStatesJoyDual
 *fill*         0x00000000000090f4        0xc 
 .text.hidGetNpadStatesJoyLeft
                0x0000000000009100       0xa4 C:/devkitPro/libnx/lib\libnx.a(hid.o)
                0x0000000000009100                hidGetNpadStatesJoyLeft
 *fill*         0x00000000000091a4        0xc 
 .text.hidGetNpadStatesJoyRight
                0x00000000000091b0       0xa4 C:/devkitPro/libnx/lib\libnx.a(hid.o)
                0x00000000000091b0                hidGetNpadStatesJoyRight
 *fill*         0x0000000000009254        0xc 
 .text.hidGetNpadStatesGc
                0x0000000000009260      0x144 C:/devkitPro/libnx/lib\libnx.a(hid.o)
                0x0000000000009260                hidGetNpadStatesGc
 *fill*         0x00000000000093a4        0xc 
 .text.hidGetNpadStatesSystemExt
                0x00000000000093b0       0xa8 C:/devkitPro/libnx/lib\libnx.a(hid.o)
                0x00000000000093b0                hidGetNpadStatesSystemExt
 *fill*         0x0000000000009458        0x8 
 .text.hidSetSupportedNpadStyleSet
                0x0000000000009460        0x8 C:/devkitPro/libnx/lib\libnx.a(hid.o)
                0x0000000000009460                hidSetSupportedNpadStyleSet
 *fill*         0x0000000000009468        0x8 
 .text.hidSetSupportedNpadIdType
                0x0000000000009470      0x100 C:/devkitPro/libnx/lib\libnx.a(hid.o)
                0x0000000000009470                hidSetSupportedNpadIdType
 .text.nwindowGetDefault
                0x0000000000009570        0xc C:/devkitPro/libnx/lib\libnx.a(default_window.o)
                0x0000000000009570                nwindowGetDefault
 *fill*         0x000000000000957c        0x4 
 .text.__nx_win_init
                0x0000000000009580       0xa4 C:/devkitPro/libnx/lib\libnx.a(default_window.o)
                0x0000000000009580                __nx_win_init
 *fill*         0x0000000000009624        0xc 
 .text.__nx_win_exit
                0x0000000000009630       0x34 C:/devkitPro/libnx/lib\libnx.a(default_window.o)
                0x0000000000009630                __nx_win_exit
 *fill*         0x0000000000009664        0xc 
 .text.framebufferMakeLinear
                0x0000000000009670       0x8c C:/devkitPro/libnx/lib\libnx.a(framebuffer.o)
                0x0000000000009670                framebufferMakeLinear
 *fill*         0x00000000000096fc        0x4 
 .text.framebufferClose
                0x0000000000009700       0x84 C:/devkitPro/libnx/lib\libnx.a(framebuffer.o)
                0x0000000000009700                framebufferClose
 *fill*         0x0000000000009784        0xc 
 .text.framebufferCreate
                0x0000000000009790      0x290 C:/devkitPro/libnx/lib\libnx.a(framebuffer.o)
                0x0000000000009790                framebufferCreate
 .text.framebufferBegin
                0x0000000000009a20       0x7c C:/devkitPro/libnx/lib\libnx.a(framebuffer.o)
                0x0000000000009a20                framebufferBegin
 *fill*         0x0000000000009a9c        0x4 
 .text.framebufferEnd
                0x0000000000009aa0      0x190 C:/devkitPro/libnx/lib\libnx.a(framebuffer.o)
                0x0000000000009aa0                framebufferEnd
 .text.nwindowIsValid
                0x0000000000009c30       0x24 C:/devkitPro/libnx/lib\libnx.a(native_window.o)
                0x0000000000009c30                nwindowIsValid
 *fill*         0x0000000000009c54        0xc 
 .text.nwindowClose
                0x0000000000009c60       0x7c C:/devkitPro/libnx/lib\libnx.a(native_window.o)
                0x0000000000009c60                nwindowClose
 *fill*         0x0000000000009cdc        0x4 
 .text.nwindowCreate
                0x0000000000009ce0       0xf8 C:/devkitPro/libnx/lib\libnx.a(native_window.o)
                0x0000000000009ce0                nwindowCreate
 *fill*         0x0000000000009dd8        0x8 
 .text.nwindowCreateFromLayer
                0x0000000000009de0       0x38 C:/devkitPro/libnx/lib\libnx.a(native_window.o)
                0x0000000000009de0                nwindowCreateFromLayer
 *fill*         0x0000000000009e18        0x8 
 .text.nwindowSetDimensions
                0x0000000000009e20       0x84 C:/devkitPro/libnx/lib\libnx.a(native_window.o)
                0x0000000000009e20                nwindowSetDimensions
 *fill*         0x0000000000009ea4        0xc 
 .text.nwindowConfigureBuffer
                0x0000000000009eb0      0x180 C:/devkitPro/libnx/lib\libnx.a(native_window.o)
                0x0000000000009eb0                nwindowConfigureBuffer
 .text.nwindowDequeueBuffer
                0x000000000000a030      0x1cc C:/devkitPro/libnx/lib\libnx.a(native_window.o)
                0x000000000000a030                nwindowDequeueBuffer
 *fill*         0x000000000000a1fc        0x4 
 .text.nwindowQueueBuffer
                0x000000000000a200      0x12c C:/devkitPro/libnx/lib\libnx.a(native_window.o)
                0x000000000000a200                nwindowQueueBuffer
 *fill*         0x000000000000a32c        0x4 
 .text.nwindowReleaseBuffers
                0x000000000000a330       0xbc C:/devkitPro/libnx/lib\libnx.a(native_window.o)
                0x000000000000a330                nwindowReleaseBuffers
 *fill*         0x000000000000a3ec        0x4 
 .text.__libnx_alloc
                0x000000000000a3f0        0x4 C:/devkitPro/libnx/lib\libnx.a(alloc.o)
                0x000000000000a3f0                __libnx_alloc
 *fill*         0x000000000000a3f4        0xc 
 .text.__libnx_aligned_alloc
                0x000000000000a400       0x14 C:/devkitPro/libnx/lib\libnx.a(alloc.o)
                0x000000000000a400                __libnx_aligned_alloc
 *fill*         0x000000000000a414        0xc 
 .text.__libnx_free
                0x000000000000a420        0x4 C:/devkitPro/libnx/lib\libnx.a(alloc.o)
                0x000000000000a420                __libnx_free
 *fill*         0x000000000000a424        0xc 
 .text.argvSetup
                0x000000000000a430      0x314 C:/devkitPro/libnx/lib\libnx.a(argv.o)
                0x000000000000a430                argvSetup
 *fill*         0x000000000000a744        0xc 
 .text.__nx_dynamic
                0x000000000000a750      0x1fc C:/devkitPro/libnx/lib\libnx.a(dynamic.o)
                0x000000000000a750                __nx_dynamic
 *fill*         0x000000000000a94c        0x4 
 .text.__libnx_initheap
                0x000000000000a950       0xd0 C:/devkitPro/libnx/lib\libnx.a(init.o)
                0x000000000000a950                __libnx_initheap
 .text.__appInit
                0x000000000000aa20       0xec C:/devkitPro/libnx/lib\libnx.a(init.o)
                0x000000000000aa20                __appInit
 *fill*         0x000000000000ab0c        0x4 
 .text.__appExit
                0x000000000000ab10       0x44 C:/devkitPro/libnx/lib\libnx.a(init.o)
                0x000000000000ab10                __appExit
 *fill*         0x000000000000ab54        0xc 
 .text.__libnx_init
                0x000000000000ab60       0x2c C:/devkitPro/libnx/lib\libnx.a(init.o)
                0x000000000000ab60                __libnx_init
 *fill*         0x000000000000ab8c        0x4 
 .text.__libnx_exit
                0x000000000000ab90       0x1c C:/devkitPro/libnx/lib\libnx.a(init.o)
                0x000000000000ab90                __libnx_exit
 *fill*         0x000000000000abac        0x4 
 .text.__syscall_exit
                0x000000000000abb0       0x1c C:/devkitPro/libnx/lib\libnx.a(newlib.o)
                0x000000000000abb0                __syscall_exit
 *fill*         0x000000000000abcc        0x4 
 .text.__syscall_getreent
                0x000000000000abd0       0x34 C:/devkitPro/libnx/lib\libnx.a(newlib.o)
                0x000000000000abd0                __syscall_getreent
 *fill*         0x000000000000ac04        0xc 
 .text.__syscall_lock_acquire
                0x000000000000ac10        0x4 C:/devkitPro/libnx/lib\libnx.a(newlib.o)
                0x000000000000ac10                __syscall_lock_acquire
 *fill*         0x000000000000ac14        0xc 
 .text.__syscall_lock_release
                0x000000000000ac20        0x4 C:/devkitPro/libnx/lib\libnx.a(newlib.o)
                0x000000000000ac20                __syscall_lock_release
 *fill*         0x000000000000ac24        0xc 
 .text.__syscall_lock_acquire_recursive
                0x000000000000ac30        0x4 C:/devkitPro/libnx/lib\libnx.a(newlib.o)
                0x000000000000ac30                __syscall_lock_acquire_recursive
 *fill*         0x000000000000ac34        0xc 
 .text.__syscall_lock_release_recursive
                0x000000000000ac40        0x4 C:/devkitPro/libnx/lib\libnx.a(newlib.o)
                0x000000000000ac40                __syscall_lock_release_recursive
 *fill*         0x000000000000ac44        0xc 
 .text.__syscall_cond_broadcast
                0x000000000000ac50       0x1c C:/devkitPro/libnx/lib\libnx.a(newlib.o)
                0x000000000000ac50                __syscall_cond_broadcast
 *fill*         0x000000000000ac6c        0x4 
 .text.__syscall_cond_wait
                0x000000000000ac70       0x3c C:/devkitPro/libnx/lib\libnx.a(newlib.o)
                0x000000000000ac70                __syscall_cond_wait
 *fill*         0x000000000000acac        0x4 
 .text.__syscall_tls_create
                0x000000000000acb0       0x40 C:/devkitPro/libnx/lib\libnx.a(newlib.o)
                0x000000000000acb0                __syscall_tls_create
 .text.__syscall_tls_set
                0x000000000000acf0       0x18 C:/devkitPro/libnx/lib\libnx.a(newlib.o)
                0x000000000000acf0                __syscall_tls_set
 *fill*         0x000000000000ad08        0x8 
 .text.__syscall_tls_get
                0x000000000000ad10        0x4 C:/devkitPro/libnx/lib\libnx.a(newlib.o)
                0x000000000000ad10                __syscall_tls_get
 *fill*         0x000000000000ad14        0xc 
 .text.__syscall_tls_delete
                0x000000000000ad20       0x18 C:/devkitPro/libnx/lib\libnx.a(newlib.o)
                0x000000000000ad20                __syscall_tls_delete
 *fill*         0x000000000000ad38        0x8 
 .text.__libnx_init_time
                0x000000000000ad40      0x25c C:/devkitPro/libnx/lib\libnx.a(newlib.o)
                0x000000000000ad40                __libnx_init_time
 *fill*         0x000000000000af9c        0x4 
 .text.newlibSetup
                0x000000000000afa0       0x98 C:/devkitPro/libnx/lib\libnx.a(newlib.o)
                0x000000000000afa0                newlibSetup
 *fill*         0x000000000000b038        0x8 
 .text.nxlinkSetup
                0x000000000000b040       0xe8 C:/devkitPro/libnx/lib\libnx.a(nxlink.o)
                0x000000000000b040                nxlinkSetup
 *fill*         0x000000000000b128        0x8 
 .text.fsdev_link
                0x000000000000b130       0x10 C:/devkitPro/libnx/lib\libnx.a(fs_dev.o)
 .text.fsdev_dirreset
                0x000000000000b140       0x10 C:/devkitPro/libnx/lib\libnx.a(fs_dev.o)
 .text.fsdev_chmod
                0x000000000000b150       0x10 C:/devkitPro/libnx/lib\libnx.a(fs_dev.o)
 .text.error_cmp
                0x000000000000b160       0x18 C:/devkitPro/libnx/lib\libnx.a(fs_dev.o)
 *fill*         0x000000000000b178        0x8 
 .text.fsdev_dirclose
                0x000000000000b180       0x20 C:/devkitPro/libnx/lib\libnx.a(fs_dev.o)
 .text.fsdev_close
                0x000000000000b1a0       0x1c C:/devkitPro/libnx/lib\libnx.a(fs_dev.o)
 *fill*         0x000000000000b1bc        0x4 
 .text.fsdev_converttimetoutc
                0x000000000000b1c0       0x74 C:/devkitPro/libnx/lib\libnx.a(fs_dev.o)
 *fill*         0x000000000000b234        0xc 
 .text.fsdevFindDevice.part.0
                0x000000000000b240       0xd4 C:/devkitPro/libnx/lib\libnx.a(fs_dev.o)
 *fill*         0x000000000000b314        0xc 
 .text.fsdev_fixpath
                0x000000000000b320      0x1cc C:/devkitPro/libnx/lib\libnx.a(fs_dev.o)
 *fill*         0x000000000000b4ec        0x4 
 .text._fsdevUnmountDeviceStruct.part.0
                0x000000000000b4f0       0x9c C:/devkitPro/libnx/lib\libnx.a(fs_dev.o)
 *fill*         0x000000000000b58c        0x4 
 .text.fsdev_fchmod
                0x000000000000b590       0x10 C:/devkitPro/libnx/lib\libnx.a(fs_dev.o)
 .text.fsdev_diropen
                0x000000000000b5a0      0x100 C:/devkitPro/libnx/lib\libnx.a(fs_dev.o)
 .text.fsdev_statvfs
                0x000000000000b6a0       0xf8 C:/devkitPro/libnx/lib\libnx.a(fs_dev.o)
 *fill*         0x000000000000b798        0x8 
 .text.fsdev_fsync
                0x000000000000b7a0       0x7c C:/devkitPro/libnx/lib\libnx.a(fs_dev.o)
 *fill*         0x000000000000b81c        0x4 
 .text.fsdev_fstat
                0x000000000000b820       0xec C:/devkitPro/libnx/lib\libnx.a(fs_dev.o)
 *fill*         0x000000000000b90c        0x4 
 .text.fsdev_ftruncate
                0x000000000000b910       0x94 C:/devkitPro/libnx/lib\libnx.a(fs_dev.o)
 *fill*         0x000000000000b9a4        0xc 
 .text.fsdev_stat
                0x000000000000b9b0      0x1d8 C:/devkitPro/libnx/lib\libnx.a(fs_dev.o)
 *fill*         0x000000000000bb88        0x8 
 .text.fsdev_rename
                0x000000000000bb90      0x14c C:/devkitPro/libnx/lib\libnx.a(fs_dev.o)
 *fill*         0x000000000000bcdc        0x4 
 .text.fsdev_chdir
                0x000000000000bce0      0x13c C:/devkitPro/libnx/lib\libnx.a(fs_dev.o)
 *fill*         0x000000000000be1c        0x4 
 .text.fsdev_rmdir
                0x000000000000be20       0xa4 C:/devkitPro/libnx/lib\libnx.a(fs_dev.o)
 *fill*         0x000000000000bec4        0xc 
 .text.fsdev_mkdir
                0x000000000000bed0       0xa4 C:/devkitPro/libnx/lib\libnx.a(fs_dev.o)
 *fill*         0x000000000000bf74        0xc 
 .text.fsdev_unlink
                0x000000000000bf80       0xa4 C:/devkitPro/libnx/lib\libnx.a(fs_dev.o)
 *fill*         0x000000000000c024        0xc 
 .text.fsdev_write_safe
                0x000000000000c030      0x13c C:/devkitPro/libnx/lib\libnx.a(fs_dev.o)
 *fill*         0x000000000000c16c        0x4 
 .text.fsdev_read_safe
                0x000000000000c170      0x134 C:/devkitPro/libnx/lib\libnx.a(fs_dev.o)
 *fill*         0x000000000000c2a4        0xc 
 .text.fsdev_read
                0x000000000000c2b0      0x100 C:/devkitPro/libnx/lib\libnx.a(fs_dev.o)
 .text.fsdev_dirnext
                0x000000000000c3b0      0x1d4 C:/devkitPro/libnx/lib\libnx.a(fs_dev.o)
 *fill*         0x000000000000c584        0xc 
 .text.fsdev_write
                0x000000000000c590      0x124 C:/devkitPro/libnx/lib\libnx.a(fs_dev.o)
 *fill*         0x000000000000c6b4        0xc 
 .text.fsdev_seek
                0x000000000000c6c0      0x110 C:/devkitPro/libnx/lib\libnx.a(fs_dev.o)
 .text.fsdev_open
                0x000000000000c7d0      0x230 C:/devkitPro/libnx/lib\libnx.a(fs_dev.o)
 .text.fsdevMountDevice
                0x000000000000ca00      0x324 C:/devkitPro/libnx/lib\libnx.a(fs_dev.o)
                0x000000000000ca00                fsdevMountDevice
 *fill*         0x000000000000cd24        0xc 
 .text.fsdevMountSdmc
                0x000000000000cd30       0x40 C:/devkitPro/libnx/lib\libnx.a(fs_dev.o)
                0x000000000000cd30                fsdevMountSdmc
 .text.__libnx_init_cwd
                0x000000000000cd70       0xbc C:/devkitPro/libnx/lib\libnx.a(fs_dev.o)
                0x000000000000cd70                __libnx_init_cwd
 *fill*         0x000000000000ce2c        0x4 
 .text.fsdevUnmountAll
                0x000000000000ce30       0x64 C:/devkitPro/libnx/lib\libnx.a(fs_dev.o)
                0x000000000000ce30                fsdevUnmountAll
 *fill*         0x000000000000ce94        0xc 
 .text.decode_utf8
                0x000000000000cea0      0x128 C:/devkitPro/libnx/lib\libnx.a(decode_utf8.o)
                0x000000000000cea0                decode_utf8
 .text.armDCacheFlush
                0x000000000000cfc8       0x4c C:/devkitPro/libnx/lib\libnx.a(cache.o)
                0x000000000000cfc8                armDCacheFlush
 .text.__libnx_exception_entry
                0x000000000000d014      0x1c0 C:/devkitPro/libnx/lib\libnx.a(exception.o)
                0x000000000000d014                __libnx_exception_entry
 .text.__libnx_exception_returnentry
                0x000000000000d1d4       0x18 C:/devkitPro/libnx/lib\libnx.a(exception.o)
                0x000000000000d1d4                __libnx_exception_returnentry
 .text.__aarch64_read_tp
                0x000000000000d1ec        0xc C:/devkitPro/libnx/lib\libnx.a(readtp.o)
                0x000000000000d1ec                __aarch64_read_tp
 *fill*         0x000000000000d1f8        0x8 
 .text.condvarWaitTimeout
                0x000000000000d200       0x70 C:/devkitPro/libnx/lib\libnx.a(condvar.o)
                0x000000000000d200                condvarWaitTimeout
 .text.randomGet
                0x000000000000d270      0x410 C:/devkitPro/libnx/lib\libnx.a(random.o)
                0x000000000000d270                randomGet
 .text.randomGet64
                0x000000000000d680       0x20 C:/devkitPro/libnx/lib\libnx.a(random.o)
                0x000000000000d680                randomGet64
 .text.shmemLoadRemote
                0x000000000000d6a0       0x14 C:/devkitPro/libnx/lib\libnx.a(shmem.o)
                0x000000000000d6a0                shmemLoadRemote
 *fill*         0x000000000000d6b4        0xc 
 .text.shmemMap
                0x000000000000d6c0       0x70 C:/devkitPro/libnx/lib\libnx.a(shmem.o)
                0x000000000000d6c0                shmemMap
 .text.shmemUnmap
                0x000000000000d730       0x34 C:/devkitPro/libnx/lib\libnx.a(shmem.o)
                0x000000000000d730                shmemUnmap
 *fill*         0x000000000000d764        0xc 
 .text.shmemClose
                0x000000000000d770       0x4c C:/devkitPro/libnx/lib\libnx.a(shmem.o)
                0x000000000000d770                shmemClose
 *fill*         0x000000000000d7bc        0x4 
 .text.__libnx_init_thread
                0x000000000000d7c0       0xb0 C:/devkitPro/libnx/lib\libnx.a(thread.o)
                0x000000000000d7c0                __libnx_init_thread
 .text.threadTlsGet
                0x000000000000d870       0x10 C:/devkitPro/libnx/lib\libnx.a(thread.o)
                0x000000000000d870                threadTlsGet
 .text.threadTlsSet
                0x000000000000d880       0x10 C:/devkitPro/libnx/lib\libnx.a(thread.o)
                0x000000000000d880                threadTlsSet
 .text.threadTlsAlloc
                0x000000000000d890       0xd8 C:/devkitPro/libnx/lib\libnx.a(thread.o)
                0x000000000000d890                threadTlsAlloc
 *fill*         0x000000000000d968        0x8 
 .text.threadTlsFree
                0x000000000000d970       0x44 C:/devkitPro/libnx/lib\libnx.a(thread.o)
                0x000000000000d970                threadTlsFree
 *fill*         0x000000000000d9b4        0xc 
 .text._fsCleanup
                0x000000000000d9c0       0xb4 C:/devkitPro/libnx/lib\libnx.a(fs.o)
 *fill*         0x000000000000da74        0xc 
 .text._fsCmdNoIO
                0x000000000000da80      0x1c0 C:/devkitPro/libnx/lib\libnx.a(fs.o)
 .text._fsFsCmdWithInPath
                0x000000000000dc40      0x1e0 C:/devkitPro/libnx/lib\libnx.a(fs.o)
 .text._fsFsCmdWithTwoInPaths
                0x000000000000de20      0x1f8 C:/devkitPro/libnx/lib\libnx.a(fs.o)
 *fill*         0x000000000000e018        0x8 
 .text._fsFsOpenCommon
                0x000000000000e020      0x28c C:/devkitPro/libnx/lib\libnx.a(fs.o)
 *fill*         0x000000000000e2ac        0x4 
 .text._fsFsCmdWithInPathAndOutU64
                0x000000000000e2b0      0x1fc C:/devkitPro/libnx/lib\libnx.a(fs.o)
 *fill*         0x000000000000e4ac        0x4 
 .text._fsObjectClose
                0x000000000000e4b0       0xf8 C:/devkitPro/libnx/lib\libnx.a(fs.o)
 *fill*         0x000000000000e5a8        0x8 
 .text._fsCmdGetSession.constprop.0
                0x000000000000e5b0      0x17c C:/devkitPro/libnx/lib\libnx.a(fs.o)
 *fill*         0x000000000000e72c        0x4 
 .text.fsInitialize
                0x000000000000e730      0x2f8 C:/devkitPro/libnx/lib\libnx.a(fs.o)
                0x000000000000e730                fsInitialize
 *fill*         0x000000000000ea28        0x8 
 .text.fsExit   0x000000000000ea30       0x48 C:/devkitPro/libnx/lib\libnx.a(fs.o)
                0x000000000000ea30                fsExit
 *fill*         0x000000000000ea78        0x8 
 .text.fsOpenSdCardFileSystem
                0x000000000000ea80        0x8 C:/devkitPro/libnx/lib\libnx.a(fs.o)
                0x000000000000ea80                fsOpenSdCardFileSystem
 *fill*         0x000000000000ea88        0x8 
 .text.fsFsCreateFile
                0x000000000000ea90      0x1ec C:/devkitPro/libnx/lib\libnx.a(fs.o)
                0x000000000000ea90                fsFsCreateFile
 *fill*         0x000000000000ec7c        0x4 
 .text.fsFsDeleteFile
                0x000000000000ec80        0x8 C:/devkitPro/libnx/lib\libnx.a(fs.o)
                0x000000000000ec80                fsFsDeleteFile
 *fill*         0x000000000000ec88        0x8 
 .text.fsFsCreateDirectory
                0x000000000000ec90        0x8 C:/devkitPro/libnx/lib\libnx.a(fs.o)
                0x000000000000ec90                fsFsCreateDirectory
 *fill*         0x000000000000ec98        0x8 
 .text.fsFsDeleteDirectory
                0x000000000000eca0        0x8 C:/devkitPro/libnx/lib\libnx.a(fs.o)
                0x000000000000eca0                fsFsDeleteDirectory
 *fill*         0x000000000000eca8        0x8 
 .text.fsFsRenameFile
                0x000000000000ecb0        0x8 C:/devkitPro/libnx/lib\libnx.a(fs.o)
                0x000000000000ecb0                fsFsRenameFile
 *fill*         0x000000000000ecb8        0x8 
 .text.fsFsRenameDirectory
                0x000000000000ecc0        0x8 C:/devkitPro/libnx/lib\libnx.a(fs.o)
                0x000000000000ecc0                fsFsRenameDirectory
 *fill*         0x000000000000ecc8        0x8 
 .text.fsFsGetEntryType
                0x000000000000ecd0      0x1f0 C:/devkitPro/libnx/lib\libnx.a(fs.o)
                0x000000000000ecd0                fsFsGetEntryType
 .text.fsFsOpenFile
                0x000000000000eec0        0x8 C:/devkitPro/libnx/lib\libnx.a(fs.o)
                0x000000000000eec0                fsFsOpenFile
 *fill*         0x000000000000eec8        0x8 
 .text.fsFsOpenDirectory
                0x000000000000eed0        0x8 C:/devkitPro/libnx/lib\libnx.a(fs.o)
                0x000000000000eed0                fsFsOpenDirectory
 *fill*         0x000000000000eed8        0x8 
 .text.fsFsGetFreeSpace
                0x000000000000eee0        0x8 C:/devkitPro/libnx/lib\libnx.a(fs.o)
                0x000000000000eee0                fsFsGetFreeSpace
 *fill*         0x000000000000eee8        0x8 
 .text.fsFsGetTotalSpace
                0x000000000000eef0        0x8 C:/devkitPro/libnx/lib\libnx.a(fs.o)
                0x000000000000eef0                fsFsGetTotalSpace
 *fill*         0x000000000000eef8        0x8 
 .text.fsFsGetFileTimeStampRaw
                0x000000000000ef00      0x230 C:/devkitPro/libnx/lib\libnx.a(fs.o)
                0x000000000000ef00                fsFsGetFileTimeStampRaw
 .text.fsFsClose
                0x000000000000f130        0x4 C:/devkitPro/libnx/lib\libnx.a(fs.o)
                0x000000000000f130                fsFsClose
 *fill*         0x000000000000f134        0xc 
 .text.fsFileRead
                0x000000000000f140      0x214 C:/devkitPro/libnx/lib\libnx.a(fs.o)
                0x000000000000f140                fsFileRead
 *fill*         0x000000000000f354        0xc 
 .text.fsFileWrite
                0x000000000000f360      0x1f8 C:/devkitPro/libnx/lib\libnx.a(fs.o)
                0x000000000000f360                fsFileWrite
 *fill*         0x000000000000f558        0x8 
 .text.fsFileFlush
                0x000000000000f560        0x8 C:/devkitPro/libnx/lib\libnx.a(fs.o)
                0x000000000000f560                fsFileFlush
 *fill*         0x000000000000f568        0x8 
 .text.fsFileSetSize
                0x000000000000f570      0x1c0 C:/devkitPro/libnx/lib\libnx.a(fs.o)
                0x000000000000f570                fsFileSetSize
 .text.fsFileGetSize
                0x000000000000f730      0x1d4 C:/devkitPro/libnx/lib\libnx.a(fs.o)
                0x000000000000f730                fsFileGetSize
 *fill*         0x000000000000f904        0xc 
 .text.fsFileClose
                0x000000000000f910        0x4 C:/devkitPro/libnx/lib\libnx.a(fs.o)
                0x000000000000f910                fsFileClose
 *fill*         0x000000000000f914        0xc 
 .text.fsDirClose
                0x000000000000f920        0x4 C:/devkitPro/libnx/lib\libnx.a(fs.o)
                0x000000000000f920                fsDirClose
 *fill*         0x000000000000f924        0xc 
 .text.fsDirRead
                0x000000000000f930      0x204 C:/devkitPro/libnx/lib\libnx.a(fs.o)
                0x000000000000f930                fsDirRead
 *fill*         0x000000000000fb34        0xc 
 .text._nvCleanup
                0x000000000000fb40       0xd0 C:/devkitPro/libnx/lib\libnx.a(nv.o)
 .text._nvCmdInitialize.constprop.0
                0x000000000000fc10       0xd4 C:/devkitPro/libnx/lib\libnx.a(nv.o)
 *fill*         0x000000000000fce4        0xc 
 .text.__nx_nv_create_tmem
                0x000000000000fcf0       0x18 C:/devkitPro/libnx/lib\libnx.a(nv.o)
                0x000000000000fcf0                __nx_nv_create_tmem
 *fill*         0x000000000000fd08        0x8 
 .text.nvInitialize
                0x000000000000fd10      0x3a8 C:/devkitPro/libnx/lib\libnx.a(nv.o)
                0x000000000000fd10                nvInitialize
 *fill*         0x00000000000100b8        0x8 
 .text.nvExit   0x00000000000100c0       0x48 C:/devkitPro/libnx/lib\libnx.a(nv.o)
                0x00000000000100c0                nvExit
 *fill*         0x0000000000010108        0x8 
 .text.nvConvertError
                0x0000000000010110       0xf4 C:/devkitPro/libnx/lib\libnx.a(nv.o)
                0x0000000000010110                nvConvertError
 *fill*         0x0000000000010204        0xc 
 .text.nvOpen   0x0000000000010210      0x114 C:/devkitPro/libnx/lib\libnx.a(nv.o)
                0x0000000000010210                nvOpen
 *fill*         0x0000000000010324        0xc 
 .text.nvIoctl  0x0000000000010330      0x310 C:/devkitPro/libnx/lib\libnx.a(nv.o)
                0x0000000000010330                nvIoctl
 .text.nvClose  0x0000000000010640       0xd4 C:/devkitPro/libnx/lib\libnx.a(nv.o)
                0x0000000000010640                nvClose
 *fill*         0x0000000000010714        0xc 
 .text.nvQueryEvent
                0x0000000000010720      0x10c C:/devkitPro/libnx/lib\libnx.a(nv.o)
                0x0000000000010720                nvQueryEvent
 *fill*         0x000000000001082c        0x4 
 .text._setsysGetFirmwareVersionImpl
                0x0000000000010830       0xd0 C:/devkitPro/libnx/lib\libnx.a(set.o)
 .text._setsysCleanup
                0x0000000000010900       0x78 C:/devkitPro/libnx/lib\libnx.a(set.o)
 *fill*         0x0000000000010978        0x8 
 .text.setsysInitialize
                0x0000000000010980       0xa0 C:/devkitPro/libnx/lib\libnx.a(set.o)
                0x0000000000010980                setsysInitialize
 .text.setsysExit
                0x0000000000010a20       0x48 C:/devkitPro/libnx/lib\libnx.a(set.o)
                0x0000000000010a20                setsysExit
 *fill*         0x0000000000010a68        0x8 
 .text.setsysGetFirmwareVersion
                0x0000000000010a70       0x48 C:/devkitPro/libnx/lib\libnx.a(set.o)
                0x0000000000010a70                setsysGetFirmwareVersion
 *fill*         0x0000000000010ab8        0x8 
 .text._timeCleanup
                0x0000000000010ac0      0x27c C:/devkitPro/libnx/lib\libnx.a(time.o)
 *fill*         0x0000000000010d3c        0x4 
 .text._timeCmdGetSession.constprop.0
                0x0000000000010d40      0x100 C:/devkitPro/libnx/lib\libnx.a(time.o)
 .text._timeReadClockFromSharedMem
                0x0000000000010e40      0x104 C:/devkitPro/libnx/lib\libnx.a(time.o)
 *fill*         0x0000000000010f44        0xc 
 .text.timeInitialize
                0x0000000000010f50      0x300 C:/devkitPro/libnx/lib\libnx.a(time.o)
                0x0000000000010f50                timeInitialize
 .text.timeExit
                0x0000000000011250       0x48 C:/devkitPro/libnx/lib\libnx.a(time.o)
                0x0000000000011250                timeExit
 *fill*         0x0000000000011298        0x8 
 .text.timeGetServiceSession_SystemClock
                0x00000000000112a0       0x38 C:/devkitPro/libnx/lib\libnx.a(time.o)
                0x00000000000112a0                timeGetServiceSession_SystemClock
 *fill*         0x00000000000112d8        0x8 
 .text.timeGetCurrentTime
                0x00000000000112e0       0xfc C:/devkitPro/libnx/lib\libnx.a(time.o)
                0x00000000000112e0                timeGetCurrentTime
 *fill*         0x00000000000113dc        0x4 
 .text.timeToCalendarTimeWithMyRule
                0x00000000000113e0      0x108 C:/devkitPro/libnx/lib\libnx.a(time.o)
                0x00000000000113e0                timeToCalendarTimeWithMyRule
 *fill*         0x00000000000114e8        0x8 
 .text.timeToPosixTimeWithMyRule
                0x00000000000114f0      0x114 C:/devkitPro/libnx/lib\libnx.a(time.o)
                0x00000000000114f0                timeToPosixTimeWithMyRule
 *fill*         0x0000000000011604        0xc 
 .text._viCleanup
                0x0000000000011610      0x230 C:/devkitPro/libnx/lib\libnx.a(vi.o)
 .text._viCmdGetSessionNoParams.constprop.0
                0x0000000000011840      0x100 C:/devkitPro/libnx/lib\libnx.a(vi.o)
 .text.viInitialize
                0x0000000000011940      0x368 C:/devkitPro/libnx/lib\libnx.a(vi.o)
                0x0000000000011940                viInitialize
 *fill*         0x0000000000011ca8        0x8 
 .text.viExit   0x0000000000011cb0       0x48 C:/devkitPro/libnx/lib\libnx.a(vi.o)
                0x0000000000011cb0                viExit
 *fill*         0x0000000000011cf8        0x8 
 .text.viGetSession_IHOSBinderDriverRelay
                0x0000000000011d00        0xc C:/devkitPro/libnx/lib\libnx.a(vi.o)
                0x0000000000011d00                viGetSession_IHOSBinderDriverRelay
 *fill*         0x0000000000011d0c        0x4 
 .text.viOpenDisplay
                0x0000000000011d10      0x10c C:/devkitPro/libnx/lib\libnx.a(vi.o)
                0x0000000000011d10                viOpenDisplay
 *fill*         0x0000000000011e1c        0x4 
 .text.viCloseDisplay
                0x0000000000011e20       0xec C:/devkitPro/libnx/lib\libnx.a(vi.o)
                0x0000000000011e20                viCloseDisplay
 *fill*         0x0000000000011f0c        0x4 
 .text.viCloseLayer
                0x0000000000011f10       0xf4 C:/devkitPro/libnx/lib\libnx.a(vi.o)
                0x0000000000011f10                viCloseLayer
 *fill*         0x0000000000012004        0xc 
 .text.viCreateLayer
                0x0000000000012010      0x394 C:/devkitPro/libnx/lib\libnx.a(vi.o)
                0x0000000000012010                viCreateLayer
 *fill*         0x00000000000123a4        0xc 
 .text.viSetLayerScalingMode
                0x00000000000123b0       0xd8 C:/devkitPro/libnx/lib\libnx.a(vi.o)
                0x00000000000123b0                viSetLayerScalingMode
 *fill*         0x0000000000012488        0x8 
 .text._nvFenceCleanup
                0x0000000000012490       0x74 C:/devkitPro/libnx/lib\libnx.a(fence.o)
 *fill*         0x0000000000012504        0xc 
 .text.nvFenceInit
                0x0000000000012510       0x98 C:/devkitPro/libnx/lib\libnx.a(fence.o)
                0x0000000000012510                nvFenceInit
 *fill*         0x00000000000125a8        0x8 
 .text.nvFenceExit
                0x00000000000125b0       0x48 C:/devkitPro/libnx/lib\libnx.a(fence.o)
                0x00000000000125b0                nvFenceExit
 *fill*         0x00000000000125f8        0x8 
 .text.nvFenceWait
                0x0000000000012600      0x290 C:/devkitPro/libnx/lib\libnx.a(fence.o)
                0x0000000000012600                nvFenceWait
 .text.nvMultiFenceWait
                0x0000000000012890       0x7c C:/devkitPro/libnx/lib\libnx.a(fence.o)
                0x0000000000012890                nvMultiFenceWait
 *fill*         0x000000000001290c        0x4 
 .text.nvMapInit
                0x0000000000012910       0xac C:/devkitPro/libnx/lib\libnx.a(map.o)
                0x0000000000012910                nvMapInit
 *fill*         0x00000000000129bc        0x4 
 .text.nvMapExit
                0x00000000000129c0       0x74 C:/devkitPro/libnx/lib\libnx.a(map.o)
                0x00000000000129c0                nvMapExit
 *fill*         0x0000000000012a34        0xc 
 .text.nvMapClose
                0x0000000000012a40       0x8c C:/devkitPro/libnx/lib\libnx.a(map.o)
                0x0000000000012a40                nvMapClose
 *fill*         0x0000000000012acc        0x4 
 .text.nvMapCreate
                0x0000000000012ad0      0x160 C:/devkitPro/libnx/lib\libnx.a(map.o)
                0x0000000000012ad0                nvMapCreate
 .text.nvioctlNvhostCtrl_EventSignal
                0x0000000000012c30       0x24 C:/devkitPro/libnx/lib\libnx.a(nvhost-ctrl.o)
                0x0000000000012c30                nvioctlNvhostCtrl_EventSignal
 *fill*         0x0000000000012c54        0xc 
 .text.nvioctlNvhostCtrl_EventWait
                0x0000000000012c60       0x3c C:/devkitPro/libnx/lib\libnx.a(nvhost-ctrl.o)
                0x0000000000012c60                nvioctlNvhostCtrl_EventWait
 *fill*         0x0000000000012c9c        0x4 
 .text.nvioctlNvhostCtrl_EventWaitAsync
                0x0000000000012ca0       0x28 C:/devkitPro/libnx/lib\libnx.a(nvhost-ctrl.o)
                0x0000000000012ca0                nvioctlNvhostCtrl_EventWaitAsync
 *fill*         0x0000000000012cc8        0x8 
 .text.nvioctlNvhostCtrl_EventRegister
                0x0000000000012cd0       0x24 C:/devkitPro/libnx/lib\libnx.a(nvhost-ctrl.o)
                0x0000000000012cd0                nvioctlNvhostCtrl_EventRegister
 *fill*         0x0000000000012cf4        0xc 
 .text.nvioctlNvhostCtrl_EventUnregister
                0x0000000000012d00       0x24 C:/devkitPro/libnx/lib\libnx.a(nvhost-ctrl.o)
                0x0000000000012d00                nvioctlNvhostCtrl_EventUnregister
 *fill*         0x0000000000012d24        0xc 
 .text.nvioctlNvmap_Create
                0x0000000000012d30       0x3c C:/devkitPro/libnx/lib\libnx.a(nvmap.o)
                0x0000000000012d30                nvioctlNvmap_Create
 *fill*         0x0000000000012d6c        0x4 
 .text.nvioctlNvmap_Alloc
                0x0000000000012d70       0x30 C:/devkitPro/libnx/lib\libnx.a(nvmap.o)
                0x0000000000012d70                nvioctlNvmap_Alloc
 .text.nvioctlNvmap_Free
                0x0000000000012da0       0x30 C:/devkitPro/libnx/lib\libnx.a(nvmap.o)
                0x0000000000012da0                nvioctlNvmap_Free
 .text.nvioctlNvmap_GetId
                0x0000000000012dd0       0x3c C:/devkitPro/libnx/lib\libnx.a(nvmap.o)
                0x0000000000012dd0                nvioctlNvmap_GetId
 *fill*         0x0000000000012e0c        0x4 
 .text.binderCreate
                0x0000000000012e10       0x1c C:/devkitPro/libnx/lib\libnx.a(binder.o)
                0x0000000000012e10                binderCreate
 *fill*         0x0000000000012e2c        0x4 
 .text.binderTransactParcel
                0x0000000000012e30      0x35c C:/devkitPro/libnx/lib\libnx.a(binder.o)
                0x0000000000012e30                binderTransactParcel
 *fill*         0x000000000001318c        0x4 
 .text.binderConvertErrorCode
                0x0000000000013190       0xe8 C:/devkitPro/libnx/lib\libnx.a(binder.o)
                0x0000000000013190                binderConvertErrorCode
 *fill*         0x0000000000013278        0x8 
 .text.binderAdjustRefcount
                0x0000000000013280      0x124 C:/devkitPro/libnx/lib\libnx.a(binder.o)
                0x0000000000013280                binderAdjustRefcount
 *fill*         0x00000000000133a4        0xc 
 .text.binderInitSession
                0x00000000000133b0       0x9c C:/devkitPro/libnx/lib\libnx.a(binder.o)
                0x00000000000133b0                binderInitSession
 *fill*         0x000000000001344c        0x4 
 .text.binderClose
                0x0000000000013450       0x5c C:/devkitPro/libnx/lib\libnx.a(binder.o)
                0x0000000000013450                binderClose
 *fill*         0x00000000000134ac        0x4 
 .text.binderGetNativeHandle
                0x00000000000134b0      0x154 C:/devkitPro/libnx/lib\libnx.a(binder.o)
                0x00000000000134b0                binderGetNativeHandle
 *fill*         0x0000000000013604        0xc 
 .text.bqRequestBuffer
                0x0000000000013610       0xc8 C:/devkitPro/libnx/lib\libnx.a(buffer_producer.o)
                0x0000000000013610                bqRequestBuffer
 *fill*         0x00000000000136d8        0x8 
 .text.bqDequeueBuffer
                0x00000000000136e0      0x128 C:/devkitPro/libnx/lib\libnx.a(buffer_producer.o)
                0x00000000000136e0                bqDequeueBuffer
 *fill*         0x0000000000013808        0x8 
 .text.bqQueueBuffer
                0x0000000000013810       0xc8 C:/devkitPro/libnx/lib\libnx.a(buffer_producer.o)
                0x0000000000013810                bqQueueBuffer
 *fill*         0x00000000000138d8        0x8 
 .text.bqCancelBuffer
                0x00000000000138e0       0x84 C:/devkitPro/libnx/lib\libnx.a(buffer_producer.o)
                0x00000000000138e0                bqCancelBuffer
 *fill*         0x0000000000013964        0xc 
 .text.bqConnect
                0x0000000000013970       0xd0 C:/devkitPro/libnx/lib\libnx.a(buffer_producer.o)
                0x0000000000013970                bqConnect
 .text.bqDisconnect
                0x0000000000013a40       0x88 C:/devkitPro/libnx/lib\libnx.a(buffer_producer.o)
                0x0000000000013a40                bqDisconnect
 *fill*         0x0000000000013ac8        0x8 
 .text.bqSetPreallocatedBuffer
                0x0000000000013ad0      0x194 C:/devkitPro/libnx/lib\libnx.a(buffer_producer.o)
                0x0000000000013ad0                bqSetPreallocatedBuffer
 *fill*         0x0000000000013c64        0xc 
 .text.parcelCreate
                0x0000000000013c70       0x30 C:/devkitPro/libnx/lib\libnx.a(parcel.o)
                0x0000000000013c70                parcelCreate
 .text.parcelTransact
                0x0000000000013ca0      0x174 C:/devkitPro/libnx/lib\libnx.a(parcel.o)
                0x0000000000013ca0                parcelTransact
 *fill*         0x0000000000013e14        0xc 
 .text.parcelWriteData
                0x0000000000013e20       0x80 C:/devkitPro/libnx/lib\libnx.a(parcel.o)
                0x0000000000013e20                parcelWriteData
 .text.parcelReadData
                0x0000000000013ea0       0x88 C:/devkitPro/libnx/lib\libnx.a(parcel.o)
                0x0000000000013ea0                parcelReadData
 *fill*         0x0000000000013f28        0x8 
 .text.parcelWriteInt32
                0x0000000000013f30       0x20 C:/devkitPro/libnx/lib\libnx.a(parcel.o)
                0x0000000000013f30                parcelWriteInt32
 .text.parcelWriteUInt32
                0x0000000000013f50       0x20 C:/devkitPro/libnx/lib\libnx.a(parcel.o)
                0x0000000000013f50                parcelWriteUInt32
 .text.parcelWriteString16
                0x0000000000013f70       0x7c C:/devkitPro/libnx/lib\libnx.a(parcel.o)
                0x0000000000013f70                parcelWriteString16
 *fill*         0x0000000000013fec        0x4 
 .text.parcelWriteInterfaceToken
                0x0000000000013ff0       0x30 C:/devkitPro/libnx/lib\libnx.a(parcel.o)
                0x0000000000013ff0                parcelWriteInterfaceToken
 .text.parcelReadInt32
                0x0000000000014020       0x24 C:/devkitPro/libnx/lib\libnx.a(parcel.o)
                0x0000000000014020                parcelReadInt32
 *fill*         0x0000000000014044        0xc 
 .text.parcelReadFlattenedObject
                0x0000000000014050       0x68 C:/devkitPro/libnx/lib\libnx.a(parcel.o)
                0x0000000000014050                parcelReadFlattenedObject
 *fill*         0x00000000000140b8        0x8 
 .text.parcelWriteFlattenedObject
                0x00000000000140c0       0x44 C:/devkitPro/libnx/lib\libnx.a(parcel.o)
                0x00000000000140c0                parcelWriteFlattenedObject
 *fill*         0x0000000000014104        0xc 
 .text.sessionmgrCreate
                0x0000000000014110      0x184 C:/devkitPro/libnx/lib\libnx.a(sessionmgr.o)
                0x0000000000014110                sessionmgrCreate
 *fill*         0x0000000000014294        0xc 
 .text.sessionmgrClose
                0x00000000000142a0       0x84 C:/devkitPro/libnx/lib\libnx.a(sessionmgr.o)
                0x00000000000142a0                sessionmgrClose
 *fill*         0x0000000000014324        0xc 
 .text.sessionmgrAttachClient
                0x0000000000014330       0xa8 C:/devkitPro/libnx/lib\libnx.a(sessionmgr.o)
                0x0000000000014330                sessionmgrAttachClient
 *fill*         0x00000000000143d8        0x8 
 .text.sessionmgrDetachClient
                0x00000000000143e0       0x60 C:/devkitPro/libnx/lib\libnx.a(sessionmgr.o)
                0x00000000000143e0                sessionmgrDetachClient
 .text._ZdlPvm  0x0000000000014440        0x4 C:/devkitPro/devkitA64/bin/../lib/gcc/aarch64-none-elf/15.1.0/../../../../aarch64-none-elf/lib/pic\libstdc++.a(del_ops.o)
                0x0000000000014440                operator delete(void*, unsigned long)
 *fill*         0x0000000000014444       0x1c 
 .text._ZdaPv   0x0000000000014460        0x4 C:/devkitPro/devkitA64/bin/../lib/gcc/aarch64-none-elf/15.1.0/../../../../aarch64-none-elf/lib/pic\libstdc++.a(del_opv.o)
                0x0000000000014460                operator delete[](void*)
 *fill*         0x0000000000014464       0x1c 
 .text._Znwm    0x0000000000014480       0x68 C:/devkitPro/devkitA64/bin/../lib/gcc/aarch64-none-elf/15.1.0/../../../../aarch64-none-elf/lib/pic\libstdc++.a(new_op.o)
                0x0000000000014480                operator new(unsigned long)
 *fill*         0x00000000000144e8       0x18 
 .text._Znam    0x0000000000014500        0x4 C:/devkitPro/devkitA64/bin/../lib/gcc/aarch64-none-elf/15.1.0/../../../../aarch64-none-elf/lib/pic\libstdc++.a(new_opv.o)
                0x0000000000014500                operator new[](unsigned long)
 *fill*         0x0000000000014504       0x1c 
 .text._ZNSt7__cxx1112basic_stringIcSt11char_traitsIcESaIcEE9_M_createERmm
                0x0000000000014520       0x5c C:/devkitPro/devkitA64/bin/../lib/gcc/aarch64-none-elf/15.1.0/../../../../aarch64-none-elf/lib/pic\libstdc++.a(string-inst.o)
                0x0000000000014520                std::__cxx11::basic_string<char, std::char_traits<char>, std::allocator<char> >::_M_create(unsigned long&, unsigned long)
 *fill*         0x000000000001457c        0x4 
 .text._ZNSt7__cxx1112basic_stringIcSt11char_traitsIcESaIcEE4swapERS4_
                0x0000000000014580      0x1a4 C:/devkitPro/devkitA64/bin/../lib/gcc/aarch64-none-elf/15.1.0/../../../../aarch64-none-elf/lib/pic\libstdc++.a(string-inst.o)
                0x0000000000014580                std::__cxx11::basic_string<char, std::char_traits<char>, std::allocator<char> >::swap(std::__cxx11::basic_string<char, std::char_traits<char>, std::allocator<char> >&)
 *fill*         0x0000000000014724       0x1c 
 .text._ZNKSt9bad_alloc4whatEv
                0x0000000000014740        0xc C:/devkitPro/devkitA64/bin/../lib/gcc/aarch64-none-elf/15.1.0/../../../../aarch64-none-elf/lib/pic\libstdc++.a(bad_alloc.o)
                0x0000000000014740                std::bad_alloc::what() const
 *fill*         0x000000000001474c       0x14 
 .text._ZNSt9bad_allocD2Ev
                0x0000000000014760       0x14 C:/devkitPro/devkitA64/bin/../lib/gcc/aarch64-none-elf/15.1.0/../../../../aarch64-none-elf/lib/pic\libstdc++.a(bad_alloc.o)
                0x0000000000014760                std::bad_alloc::~bad_alloc()
                0x0000000000014760                std::bad_alloc::~bad_alloc()
 *fill*         0x0000000000014774        0xc 
 .text._ZNSt9bad_allocD0Ev
                0x0000000000014780       0x20 C:/devkitPro/devkitA64/bin/../lib/gcc/aarch64-none-elf/15.1.0/../../../../aarch64-none-elf/lib/pic\libstdc++.a(bad_alloc.o)
                0x0000000000014780                std::bad_alloc::~bad_alloc()
 .text._ZdlPv   0x00000000000147a0        0x4 C:/devkitPro/devkitA64/bin/../lib/gcc/aarch64-none-elf/15.1.0/../../../../aarch64-none-elf/lib/pic\libstdc++.a(del_op.o)
                0x00000000000147a0                operator delete(void*)
 *fill*         0x00000000000147a4       0x1c 
 .text._ZNK9__gnu_cxx24__concurrence_lock_error4whatEv
                0x00000000000147c0        0xc C:/devkitPro/devkitA64/bin/../lib/gcc/aarch64-none-elf/15.1.0/../../../../aarch64-none-elf/lib/pic\libstdc++.a(eh_alloc.o)
                0x00000000000147c0                __gnu_cxx::__concurrence_lock_error::what() const
 *fill*         0x00000000000147cc       0x14 
 .text._ZNK9__gnu_cxx26__concurrence_unlock_error4whatEv
                0x00000000000147e0        0xc C:/devkitPro/devkitA64/bin/../lib/gcc/aarch64-none-elf/15.1.0/../../../../aarch64-none-elf/lib/pic\libstdc++.a(eh_alloc.o)
                0x00000000000147e0                __gnu_cxx::__concurrence_unlock_error::what() const
 *fill*         0x00000000000147ec       0x14 
 .text._ZN9__gnu_cxx24__concurrence_lock_errorD2Ev
                0x0000000000014800       0x14 C:/devkitPro/devkitA64/bin/../lib/gcc/aarch64-none-elf/15.1.0/../../../../aarch64-none-elf/lib/pic\libstdc++.a(eh_alloc.o)
                0x0000000000014800                __gnu_cxx::__concurrence_lock_error::~__concurrence_lock_error()
                0x0000000000014800                __gnu_cxx::__concurrence_lock_error::~__concurrence_lock_error()
 *fill*         0x0000000000014814        0xc 
 .text._ZN9__gnu_cxx24__concurrence_lock_errorD0Ev
                0x0000000000014820       0x38 C:/devkitPro/devkitA64/bin/../lib/gcc/aarch64-none-elf/15.1.0/../../../../aarch64-none-elf/lib/pic\libstdc++.a(eh_alloc.o)
                0x0000000000014820                __gnu_cxx::__concurrence_lock_error::~__concurrence_lock_error()
 *fill*         0x0000000000014858        0x8 
 .text._ZN9__gnu_cxx26__concurrence_unlock_errorD2Ev
                0x0000000000014860       0x14 C:/devkitPro/devkitA64/bin/../lib/gcc/aarch64-none-elf/15.1.0/../../../../aarch64-none-elf/lib/pic\libstdc++.a(eh_alloc.o)
                0x0000000000014860                __gnu_cxx::__concurrence_unlock_error::~__concurrence_unlock_error()
                0x0000000000014860                __gnu_cxx::__concurrence_unlock_error::~__concurrence_unlock_error()
 *fill*         0x0000000000014874        0xc 
 .text._ZN9__gnu_cxx26__concurrence_unlock_errorD0Ev
                0x0000000000014880       0x38 C:/devkitPro/devkitA64/bin/../lib/gcc/aarch64-none-elf/15.1.0/../../../../aarch64-none-elf/lib/pic\libstdc++.a(eh_alloc.o)
                0x0000000000014880                __gnu_cxx::__concurrence_unlock_error::~__concurrence_unlock_error()
 *fill*         0x00000000000148b8        0x8 
 .text._ZN12_GLOBAL__N_14pool4freeEPv.constprop.0
                0x00000000000148c0      0x110 C:/devkitPro/devkitA64/bin/../lib/gcc/aarch64-none-elf/15.1.0/../../../../aarch64-none-elf/lib/pic\libstdc++.a(eh_alloc.o)
 *fill*         0x00000000000149d0       0x10 
 .text._ZN12_GLOBAL__N_14pool8allocateEm.constprop.0
                0x00000000000149e0       0xcc C:/devkitPro/devkitA64/bin/../lib/gcc/aarch64-none-elf/15.1.0/../../../../aarch64-none-elf/lib/pic\libstdc++.a(eh_alloc.o)
 *fill*         0x0000000000014aac       0x14 
 .text.__cxa_allocate_exception
                0x0000000000014ac0       0x58 C:/devkitPro/devkitA64/bin/../lib/gcc/aarch64-none-elf/15.1.0/../../../../aarch64-none-elf/lib/pic\libstdc++.a(eh_alloc.o)
                0x0000000000014ac0                __cxa_allocate_exception
 *fill*         0x0000000000014b18        0x8 
 .text.__cxa_free_exception
                0x0000000000014b20       0x28 C:/devkitPro/devkitA64/bin/../lib/gcc/aarch64-none-elf/15.1.0/../../../../aarch64-none-elf/lib/pic\libstdc++.a(eh_alloc.o)
                0x0000000000014b20                __cxa_free_exception
 *fill*         0x0000000000014b48       0x18 
 .text.__cxa_begin_catch
                0x0000000000014b60       0x9c C:/devkitPro/devkitA64/bin/../lib/gcc/aarch64-none-elf/15.1.0/../../../../aarch64-none-elf/lib/pic\libstdc++.a(eh_catch.o)
                0x0000000000014b60                __cxa_begin_catch
 *fill*         0x0000000000014bfc        0x4 
 .text._ZNSt9exceptionD2Ev
                0x0000000000014c00        0x4 C:/devkitPro/devkitA64/bin/../lib/gcc/aarch64-none-elf/15.1.0/../../../../aarch64-none-elf/lib/pic\libstdc++.a(eh_exception.o)
                0x0000000000014c00                std::exception::~exception()
                0x0000000000014c00                std::exception::~exception()
 *fill*         0x0000000000014c04       0x1c 
 .text._ZL15eh_globals_dtorPv
                0x0000000000014c20       0x44 C:/devkitPro/devkitA64/bin/../lib/gcc/aarch64-none-elf/15.1.0/../../../../aarch64-none-elf/lib/pic\libstdc++.a(eh_globals.o)
 *fill*         0x0000000000014c64       0x1c 
 .text.__cxa_get_globals
                0x0000000000014c80       0x80 C:/devkitPro/devkitA64/bin/../lib/gcc/aarch64-none-elf/15.1.0/../../../../aarch64-none-elf/lib/pic\libstdc++.a(eh_globals.o)
                0x0000000000014c80                __cxa_get_globals
 .text._ZL16get_adjusted_ptrPKSt9type_infoS1_PPv
                0x0000000000014d00       0x7c C:/devkitPro/devkitA64/bin/../lib/gcc/aarch64-none-elf/15.1.0/../../../../aarch64-none-elf/lib/pic\libstdc++.a(eh_personality.o)
 *fill*         0x0000000000014d7c        0x4 
 .text._ZL28read_encoded_value_with_basehmPKhPm
                0x0000000000014d80      0x138 C:/devkitPro/devkitA64/bin/../lib/gcc/aarch64-none-elf/15.1.0/../../../../aarch64-none-elf/lib/pic\libstdc++.a(eh_personality.o)
 *fill*         0x0000000000014eb8        0x8 
 .text._ZL21base_of_encoded_valuehP15_Unwind_Context
                0x0000000000014ec0       0x64 C:/devkitPro/devkitA64/bin/../lib/gcc/aarch64-none-elf/15.1.0/../../../../aarch64-none-elf/lib/pic\libstdc++.a(eh_personality.o)
 *fill*         0x0000000000014f24       0x1c 
 .text._ZL20check_exception_specP16lsda_header_infoPKSt9type_infoPvl
                0x0000000000014f40      0x108 C:/devkitPro/devkitA64/bin/../lib/gcc/aarch64-none-elf/15.1.0/../../../../aarch64-none-elf/lib/pic\libstdc++.a(eh_personality.o)
 *fill*         0x0000000000015048       0x18 
 .text._ZL17parse_lsda_headerP15_Unwind_ContextPKhP16lsda_header_info
                0x0000000000015060       0xf8 C:/devkitPro/devkitA64/bin/../lib/gcc/aarch64-none-elf/15.1.0/../../../../aarch64-none-elf/lib/pic\libstdc++.a(eh_personality.o)
 *fill*         0x0000000000015158        0x8 
 .text.__gxx_personality_v0
                0x0000000000015160      0x630 C:/devkitPro/devkitA64/bin/../lib/gcc/aarch64-none-elf/15.1.0/../../../../aarch64-none-elf/lib/pic\libstdc++.a(eh_personality.o)
                0x0000000000015160                __gxx_personality_v0
 *fill*         0x0000000000015790       0x10 
 .text._ZN10__cxxabiv111__terminateEPFvvE
                0x00000000000157a0       0x18 C:/devkitPro/devkitA64/bin/../lib/gcc/aarch64-none-elf/15.1.0/../../../../aarch64-none-elf/lib/pic\libstdc++.a(eh_terminate.o)
                0x00000000000157a0                __cxxabiv1::__terminate(void (*)())
 *fill*         0x00000000000157b8        0x8 
 .text._ZSt13get_terminatev
                0x00000000000157c0       0x10 C:/devkitPro/devkitA64/bin/../lib/gcc/aarch64-none-elf/15.1.0/../../../../aarch64-none-elf/lib/pic\libstdc++.a(eh_terminate.o)
                0x00000000000157c0                std::get_terminate()
 *fill*         0x00000000000157d0       0x10 
 .text._ZN10__cxxabiv112__unexpectedEPFvvE
                0x00000000000157e0       0x10 C:/devkitPro/devkitA64/bin/../lib/gcc/aarch64-none-elf/15.1.0/../../../../aarch64-none-elf/lib/pic\libstdc++.a(eh_terminate.o)
                0x00000000000157e0                __cxxabiv1::__unexpected(void (*)())
 *fill*         0x00000000000157f0       0x10 
 .text._ZSt14get_unexpectedv
                0x0000000000015800       0x10 C:/devkitPro/devkitA64/bin/../lib/gcc/aarch64-none-elf/15.1.0/../../../../aarch64-none-elf/lib/pic\libstdc++.a(eh_terminate.o)
                0x0000000000015800                std::get_unexpected()
 *fill*         0x0000000000015810       0x10 
 .text._ZL23__gxx_exception_cleanup19_Unwind_Reason_CodeP17_Unwind_Exception
                0x0000000000015820       0x58 C:/devkitPro/devkitA64/bin/../lib/gcc/aarch64-none-elf/15.1.0/../../../../aarch64-none-elf/lib/pic\libstdc++.a(eh_throw.o)
 *fill*         0x0000000000015878        0x8 
 .text.__cxa_init_primary_exception
                0x0000000000015880       0x54 C:/devkitPro/devkitA64/bin/../lib/gcc/aarch64-none-elf/15.1.0/../../../../aarch64-none-elf/lib/pic\libstdc++.a(eh_throw.o)
                0x0000000000015880                __cxa_init_primary_exception
 *fill*         0x00000000000158d4        0xc 
 .text.__cxa_throw
                0x00000000000158e0       0x5c C:/devkitPro/devkitA64/bin/../lib/gcc/aarch64-none-elf/15.1.0/../../../../aarch64-none-elf/lib/pic\libstdc++.a(eh_throw.o)
                0x00000000000158e0                __cxa_throw
 *fill*         0x000000000001593c        0x4 
 .text._ZSt15get_new_handlerv
                0x0000000000015940       0x10 C:/devkitPro/devkitA64/bin/../lib/gcc/aarch64-none-elf/15.1.0/../../../../aarch64-none-elf/lib/pic\libstdc++.a(new_handler.o)
                0x0000000000015940                std::get_new_handler()
 *fill*         0x0000000000015950       0x10 
 .text._ZN10__cxxabiv120__si_class_type_infoD2Ev
                0x0000000000015960       0x14 C:/devkitPro/devkitA64/bin/../lib/gcc/aarch64-none-elf/15.1.0/../../../../aarch64-none-elf/lib/pic\libstdc++.a(si_class_type_info.o)
                0x0000000000015960                __cxxabiv1::__si_class_type_info::~__si_class_type_info()
                0x0000000000015960                __cxxabiv1::__si_class_type_info::~__si_class_type_info()
 *fill*         0x0000000000015974        0xc 
 .text._ZN10__cxxabiv120__si_class_type_infoD0Ev
                0x0000000000015980       0x20 C:/devkitPro/devkitA64/bin/../lib/gcc/aarch64-none-elf/15.1.0/../../../../aarch64-none-elf/lib/pic\libstdc++.a(si_class_type_info.o)
                0x0000000000015980                __cxxabiv1::__si_class_type_info::~__si_class_type_info()
 .text._ZNK10__cxxabiv120__si_class_type_info12__do_dyncastElNS_17__class_type_info10__sub_kindEPKS1_PKvS4_S6_RNS1_16__dyncast_resultE
                0x00000000000159a0      0x194 C:/devkitPro/devkitA64/bin/../lib/gcc/aarch64-none-elf/15.1.0/../../../../aarch64-none-elf/lib/pic\libstdc++.a(si_class_type_info.o)
                0x00000000000159a0                __cxxabiv1::__si_class_type_info::__do_dyncast(long, __cxxabiv1::__class_type_info::__sub_kind, __cxxabiv1::__class_type_info const*, void const*, __cxxabiv1::__class_type_info const*, void const*, __cxxabiv1::__class_type_info::__dyncast_result&) const
 *fill*         0x0000000000015b34        0xc 
 .text._ZNK10__cxxabiv120__si_class_type_info20__do_find_public_srcElPKvPKNS_17__class_type_infoES2_
                0x0000000000015b40       0xa8 C:/devkitPro/devkitA64/bin/../lib/gcc/aarch64-none-elf/15.1.0/../../../../aarch64-none-elf/lib/pic\libstdc++.a(si_class_type_info.o)
                0x0000000000015b40                __cxxabiv1::__si_class_type_info::__do_find_public_src(long, void const*, __cxxabiv1::__class_type_info const*, void const*) const
 *fill*         0x0000000000015be8       0x18 
 .text._ZNK10__cxxabiv120__si_class_type_info11__do_upcastEPKNS_17__class_type_infoEPKvRNS1_15__upcast_resultE
                0x0000000000015c00       0x64 C:/devkitPro/devkitA64/bin/../lib/gcc/aarch64-none-elf/15.1.0/../../../../aarch64-none-elf/lib/pic\libstdc++.a(si_class_type_info.o)
                0x0000000000015c00                __cxxabiv1::__si_class_type_info::__do_upcast(__cxxabiv1::__class_type_info const*, void const*, __cxxabiv1::__class_type_info::__upcast_result&) const
 *fill*         0x0000000000015c64       0x1c 
 .text._ZNSt9type_infoD2Ev
                0x0000000000015c80        0x4 C:/devkitPro/devkitA64/bin/../lib/gcc/aarch64-none-elf/15.1.0/../../../../aarch64-none-elf/lib/pic\libstdc++.a(tinfo.o)
                0x0000000000015c80                std::type_info::~type_info()
                0x0000000000015c80                std::type_info::~type_info()
 *fill*         0x0000000000015c84       0x1c 
 .text._ZNKSt9type_info14__is_pointer_pEv
                0x0000000000015ca0        0x8 C:/devkitPro/devkitA64/bin/../lib/gcc/aarch64-none-elf/15.1.0/../../../../aarch64-none-elf/lib/pic\libstdc++.a(tinfo.o)
                0x0000000000015ca0                std::type_info::__is_pointer_p() const
                0x0000000000015ca0                std::type_info::__is_function_p() const
 *fill*         0x0000000000015ca8       0x18 
 .text._ZNKSt11logic_error4whatEv
                0x0000000000015cc0        0x8 C:/devkitPro/devkitA64/bin/../lib/gcc/aarch64-none-elf/15.1.0/../../../../aarch64-none-elf/lib/pic\libstdc++.a(stdexcept.o)
                0x0000000000015cc0                std::logic_error::what() const
                0x0000000000015cc0                std::runtime_error::what() const
 *fill*         0x0000000000015cc8       0x18 
 .text._ZNSt11logic_errorD2Ev
                0x0000000000015ce0       0x74 C:/devkitPro/devkitA64/bin/../lib/gcc/aarch64-none-elf/15.1.0/../../../../aarch64-none-elf/lib/pic\libstdc++.a(stdexcept.o)
                0x0000000000015ce0                std::logic_error::~logic_error()
                0x0000000000015ce0                std::logic_error::~logic_error()