0000000000000000 a __start__
0000000000000000 T _start
0000000000000000 b _TLS_MODULE_BASE_
0000000000000000 0000000000000004 b fsdev_last_result
0000000000000008 0000000000000401 B __nx_dev_path_buf
00000000000000e0 T __nx_exit
00000000000000f0 T __nx_mod0
0000000000000124 0000000000000050 T std::__throw_logic_error(char const*)
0000000000000174 0000000000000050 T std::__throw_length_error(char const*)
00000000000001c4 0000000000000034 W __gnu_cxx::__throw_concurrence_lock_error()
00000000000001f8 0000000000000034 W __gnu_cxx::__throw_concurrence_unlock_error()
000000000000022c 0000000000000010 T std::terminate()
000000000000023c 0000000000000010 T std::unexpected()
000000000000024c 0000000000000044 T __cxa_call_terminate
00000000000002a0 0000000000000034 t _GLOBAL__sub_D_eh_globals.cc
00000000000002e0 0000000000000034 T exit
0000000000000320 00000000000002d8 T main
000000000000040c 0000000000000004 b g_fsPriority
0000000000000600 00000000000001f0 t _GLOBAL__sub_I_eh_alloc.cc
0000000000000800 0000000000000038 t _GLOBAL__sub_I_eh_globals.cc
0000000000000840 t __do_global_dtors_aux
00000000000008a0 t frame_dummy
00000000000008d0 00000000000000b4 T App::getName[abi:cxx11]() const
0000000000000990 0000000000000048 T App::launch() const
00000000000009e0 00000000000000a0 W void std::__cxx11::basic_string<char, std::char_traits<char>, std::allocator<char> >::_M_construct<true>(char const*, unsigned long)
0000000000000a80 0000000000000094 T App::App(unsigned long, std::__cxx11::basic_string<char, std::char_traits<char>, std::allocator<char> > const&, std::__cxx11::basic_string<char, std::char_traits<char>, std::allocator<char> > const&, std::__cxx11::basic_string<char, std::char_traits<char>, std::allocator<char> > const&, unsigned char const*)
0000000000000a80 0000000000000094 T App::App(unsigned long, std::__cxx11::basic_string<char, std::char_traits<char>, std::allocator<char> > const&, std::__cxx11::basic_string<char, std::char_traits<char>, std::allocator<char> > const&, std::__cxx11::basic_string<char, std::char_traits<char>, std::allocator<char> > const&, unsigned char const*)
0000000000000b20 00000000000000b4 t void std::__cxx11::basic_string<char, std::char_traits<char>, std::allocator<char> >::_M_construct<char const*>(char const*, char const*, std::forward_iterator_tag) [clone .isra.0]
0000000000000be0 0000000000000488 T util::getInstalledApps()
0000000000001070 0000000000000018 t _appletInfiniteSleepLoop
0000000000001090 0000000000000108 t _appletCmdGetSession
00000000000011a0 00000000000000cc t _appletCmdInU8NoOut
0000000000001270 00000000000000cc t _appletCmdInU32NoOut
0000000000001340 00000000000000cc t _appletCmdInU64NoOut
0000000000001410 0000000000000114 t _appletCmdGetSessionInU64
0000000000001530 00000000000000d4 t _appletCreateApplicationAndPushAndRequestToStart
0000000000001610 000000000000012c t _appletGetSessionProxy.constprop.0
0000000000001740 0000000000000148 t _appletOpenLibraryAppletProxy.constprop.0
0000000000001890 00000000000000f8 t _appletCmdGetEvent
0000000000001990 00000000000000d4 t _appletCmdNoInOutU8.isra.0
0000000000001a70 00000000000000d4 t _appletCmdNoInOutU32.isra.0
0000000000001b50 00000000000000d4 t _appletCmdNoInOutU64.isra.0
0000000000001c30 00000000000000c0 t _appletCmdNoIO.isra.0
0000000000001cf0 0000000000000010 T appletGetAppletType
0000000000001d00 00000000000001b8 T appletSetFocusHandlingMode
0000000000001ec0 000000000000005c T appletSetCpuBoostMode
0000000000001f20 000000000000002c T appletCreateManagedDisplayLayer
0000000000001f50 000000000000000c T appletGetAppletResourceUserId
0000000000001f60 0000000000000138 t _appletHolderCreateState
00000000000020a0 00000000000000b0 T appletHolderClose
0000000000002150 0000000000000024 T appletHolderGetLibraryAppletInfo
0000000000002180 0000000000000028 T appletCreateStorage
00000000000021b0 0000000000000090 T appletStorageClose
0000000000002240 000000000000019c T appletRequestLaunchApplication
00000000000023e0 0000000000000090 T appletNotifyRunning
0000000000002470 0000000000000078 T appletSetGamePlayRecordingState
00000000000024f0 0000000000000ad4 t _appletCleanup
0000000000002fd0 0000000000000048 T appletExit
0000000000003020 0000000000000040 T appletGetLibraryAppletInfo
0000000000003060 0000000000000c14 T appletInitialize
0000000000003c80 0000000000000024 t _appletExitProcess
0000000000003cb0 0000000000000074 T appletGetMessage
0000000000003d30 0000000000000264 T appletProcessMessage
0000000000003fa0 0000000000000034 T appletMainLoop
0000000000003fe0 00000000000000c8 t _nsCleanup
00000000000040b0 00000000000000f4 t _nsGetSession.isra.0
00000000000041b0 0000000000000284 T nsInitialize
0000000000004440 0000000000000048 T nsExit
0000000000004490 000000000000005c T nsGetReadOnlyApplicationControlDataInterface
00000000000044f0 0000000000000058 T nsGetApplicationManagerInterface
0000000000004550 0000000000000204 T nsGetApplicationControlData
0000000000004760 00000000000001a8 T nsListApplicationRecord
0000000000004910 00000000000000cc t _smCmifCmdInPid
00000000000049e0 0000000000000078 t _smCleanup
0000000000004a60 0000000000000048 T smAddOverrideHandle
0000000000004ab0 0000000000000054 T smGetServiceOverride
0000000000004b10 00000000000001ac T smInitialize
0000000000004cc0 0000000000000048 T smExit
0000000000004d10 00000000000000d0 T smGetServiceOriginal
0000000000004de0 0000000000000120 T smGetServiceWrapper
0000000000004f00 000000000000001c W diagAbortWithResult
0000000000004f20 0000000000000208 T envSetup
0000000000005130 0000000000000020 T envGetMainThreadHandle
0000000000005150 000000000000000c T envIsNso
0000000000005160 0000000000000014 T envHasHeapOverride
0000000000005180 000000000000000c T envGetHeapOverrideAddr
0000000000005190 000000000000000c T envGetHeapOverrideSize
00000000000051a0 0000000000000014 T envHasArgv
00000000000051c0 000000000000000c T envGetArgv
00000000000051d0 000000000000000c T envGetExitFuncPtr
00000000000051e0 000000000000000c T envSetExitFuncPtr
00000000000051f0 000000000000000c T envHasRandomSeed
0000000000005200 0000000000000010 T envGetRandomSeed
0000000000005210 0000000000000014 T hosversionGet
0000000000005230 0000000000000010 T hosversionSet
0000000000005240 000000000000009c T padConfigureInput
00000000000052e0 0000000000000024 T padInitializeWithMask
0000000000005310 0000000000000294 T padUpdate
00000000000055b0 0000000000000048 t consoleDrawChar
0000000000005600 000000000000021c t parseColor
0000000000005820 00000000000000b4 t consoleNewRow
00000000000058e0 0000000000000bf8 t con_write
00000000000064e0 0000000000000154 T consoleInit
0000000000006640 0000000000000044 T consoleExit
0000000000006690 000000000000002c T consoleUpdate
00000000000066c0 0000000000000084 T consoleClear
0000000000006750 00000000000001bc t ConsoleSwRenderer_drawChar
0000000000006910 00000000000000e8 t ConsoleSwRenderer_init
0000000000006a00 0000000000000078 t ConsoleSwRenderer_flushAndSwap
0000000000006a80 00000000000000d4 t ConsoleSwRenderer_scrollWindow
0000000000006b60 0000000000000050 t ConsoleSwRenderer_deinit
0000000000006bb0 000000000000000c W getDefaultConsoleRenderer
0000000000006bbc T svcSetHeapSize
0000000000006bd0 T svcSetMemoryPermission
0000000000006bd8 T svcSetMemoryAttribute
0000000000006be0 T svcUnmapMemory
0000000000006be8 T svcQueryMemory
0000000000006bfc T svcExitProcess
0000000000006c04 T svcSleepThread
0000000000006c0c T svcMapSharedMemory
0000000000006c14 T svcUnmapSharedMemory
0000000000006c1c T svcCreateTransferMemory
0000000000006c30 T svcCloseHandle
0000000000006c38 T svcResetSignal
0000000000006c40 T svcWaitSynchronization
0000000000006c54 T svcArbitrateLock
0000000000006c5c T svcArbitrateUnlock
0000000000006c64 T svcWaitProcessWideKeyAtomic
0000000000006c6c T svcSignalProcessWideKey
0000000000006c74 T svcConnectToNamedPort
0000000000006c88 T svcSendSyncRequest
0000000000006c90 T svcBreak
0000000000006c98 T svcReturnFromException
0000000000006ca0 T svcGetInfo
0000000000006cb4 T svcUnmapTransferMemory
0000000000006cc0 000000000000000c T eventLoadRemote
0000000000006cd0 0000000000000034 T eventWait
0000000000006d10 0000000000000054 T eventClose
0000000000006d70 00000000000000c8 T mutexLock
0000000000006e40 0000000000000068 T mutexUnlock
0000000000006eb0 000000000000001c T mutexIsLockedByCurrentThread
0000000000006ed0 0000000000000058 T rmutexLock
0000000000006f30 000000000000001c T rmutexUnlock
0000000000006f50 00000000000000a8 T tmemCreate
0000000000007000 0000000000000034 T tmemUnmap
0000000000007040 0000000000000030 T tmemCloseHandle
0000000000007070 000000000000009c T tmemWaitForPermission
0000000000007110 0000000000000050 T tmemClose
0000000000007160 0000000000000064 t _memregionInitWithInfo
00000000000071d0 0000000000000004 W __libnx_virtmem_rng
00000000000071e0 0000000000000164 t _memregionFindRandom
0000000000007350 0000000000000140 T virtmemSetup
0000000000007490 000000000000000c T virtmemLock
00000000000074a0 000000000000000c T virtmemUnlock
00000000000074b0 0000000000000050 T virtmemFindAslr
0000000000007500 000000000000057c T waitObjects
0000000000007a80 00000000000000d4 t _apmCleanup
0000000000007b60 0000000000000194 T apmInitialize
0000000000007d00 0000000000000048 T apmExit
0000000000007d50 00000000000000c8 T apmSetPerformanceConfiguration
0000000000007e20 000000000000012c t _hidCleanup
0000000000007f50 00000000000000d4 t _hidCmdInAruidNoOut
0000000000008030 00000000000000e0 t _hidCmdInU32AruidNoOut
0000000000008110 0000000000000194 t _hidGetStates
00000000000082b0 000000000000026c T hidInitialize
0000000000008520 0000000000000048 T hidExit
0000000000008570 000000000000000c T hidGetSharedmemAddr
0000000000008580 0000000000000090 T hidGetNpadStyleSet
0000000000008610 0000000000000084 T hidInitializeNpad
00000000000086a0 00000000000000a4 T hidGetNpadStatesFullKey
0000000000008750 00000000000000a4 T hidGetNpadStatesHandheld
0000000000008800 00000000000000a4 T hidGetNpadStatesJoyDual
00000000000088b0 00000000000000a4 T hidGetNpadStatesJoyLeft
0000000000008960 00000000000000a4 T hidGetNpadStatesJoyRight
0000000000008a10 0000000000000144 T hidGetNpadStatesGc
0000000000008b60 00000000000000a8 T hidGetNpadStatesSystemExt
0000000000008c10 0000000000000008 T hidSetSupportedNpadStyleSet
0000000000008c20 0000000000000100 T hidSetSupportedNpadIdType
0000000000008d20 000000000000000c T nwindowGetDefault
0000000000008d30 00000000000000a4 T __nx_win_init
0000000000008de0 0000000000000034 T __nx_win_exit
0000000000008e20 000000000000008c T framebufferMakeLinear
0000000000008eb0 0000000000000084 T framebufferClose
0000000000008f40 0000000000000290 T framebufferCreate
00000000000091d0 000000000000007c T framebufferBegin
0000000000009250 0000000000000190 T framebufferEnd
00000000000093e0 0000000000000024 T nwindowIsValid
0000000000009410 000000000000007c T nwindowClose
0000000000009490 00000000000000f8 T nwindowCreate
0000000000009590 0000000000000038 T nwindowCreateFromLayer
00000000000095d0 0000000000000084 T nwindowSetDimensions
0000000000009660 0000000000000180 T nwindowConfigureBuffer
00000000000097e0 00000000000001cc T nwindowDequeueBuffer
00000000000099b0 000000000000012c T nwindowQueueBuffer
0000000000009ae0 00000000000000bc T nwindowReleaseBuffers
0000000000009ba0 0000000000000004 W __libnx_alloc
0000000000009bb0 0000000000000014 W __libnx_aligned_alloc
0000000000009bd0 0000000000000004 W __libnx_free
0000000000009be0 0000000000000314 W argvSetup
0000000000009f00 00000000000001fc T __nx_dynamic
000000000000a100 00000000000000d0 W __libnx_initheap
000000000000a1d0 00000000000000ec W __appInit
000000000000a2c0 0000000000000044 W __appExit
000000000000a310 000000000000002c W __libnx_init
000000000000a340 000000000000001c W __libnx_exit
000000000000a360 000000000000001c T __syscall_exit
000000000000a380 0000000000000034 T __syscall_getreent
000000000000a3c0 0000000000000004 T __syscall_lock_acquire
000000000000a3d0 0000000000000004 T __syscall_lock_release
000000000000a3e0 0000000000000004 T __syscall_lock_acquire_recursive
000000000000a3f0 0000000000000004 T __syscall_lock_release_recursive
000000000000a400 000000000000001c T __syscall_cond_broadcast
000000000000a420 000000000000003c T __syscall_cond_wait
000000000000a460 0000000000000040 T __syscall_tls_create
000000000000a4a0 0000000000000018 T __syscall_tls_set
000000000000a4c0 0000000000000004 T __syscall_tls_get
000000000000a4d0 0000000000000018 T __syscall_tls_delete
000000000000a4f0 000000000000025c T __libnx_init_time
000000000000a750 0000000000000098 T newlibSetup
000000000000a7f0 00000000000000e8 T nxlinkSetup
000000000000a8e0 0000000000000010 t fsdev_link
000000000000a8f0 0000000000000010 t fsdev_dirreset
000000000000a900 0000000000000010 t fsdev_chmod
000000000000a910 0000000000000018 t error_cmp
000000000000a930 0000000000000020 t fsdev_dirclose
000000000000a950 000000000000001c t fsdev_close
000000000000a970 0000000000000074 t fsdev_converttimetoutc
000000000000a9f0 00000000000000d4 t fsdevFindDevice.part.0
000000000000aad0 00000000000001cc t fsdev_fixpath
000000000000aca0 000000000000009c t _fsdevUnmountDeviceStruct.part.0
000000000000ad40 0000000000000010 t fsdev_fchmod
000000000000ad50 0000000000000100 t fsdev_diropen
000000000000ae50 00000000000000f8 t fsdev_statvfs
000000000000af50 000000000000007c t fsdev_fsync
000000000000afd0 00000000000000ec t fsdev_fstat
000000000000b0c0 0000000000000094 t fsdev_ftruncate
000000000000b160 00000000000001d8 t fsdev_stat
000000000000b340 000000000000014c t fsdev_rename
000000000000b490 000000000000013c t fsdev_chdir
000000000000b5d0 00000000000000a4 t fsdev_rmdir
000000000000b680 00000000000000a4 t fsdev_mkdir
000000000000b730 00000000000000a4 t fsdev_unlink
000000000000b7e0 000000000000013c t fsdev_write_safe
000000000000b920 0000000000000134 t fsdev_read_safe
000000000000ba60 0000000000000100 t fsdev_read
000000000000bb60 00000000000001d4 t fsdev_dirnext
000000000000bd40 0000000000000124 t fsdev_write
000000000000be70 0000000000000110 t fsdev_seek
000000000000bf80 0000000000000230 t fsdev_open
000000000000c1b0 0000000000000324 T fsdevMountDevice
000000000000c4e0 0000000000000040 T fsdevMountSdmc
000000000000c520 00000000000000bc T __libnx_init_cwd
000000000000c5e0 0000000000000064 T fsdevUnmountAll
000000000000c650 0000000000000128 T decode_utf8
000000000000c778 T armDCacheFlush
000000000000c7a8 t armDCacheFlush_L0
000000000000c7c4 W __libnx_exception_entry
000000000000c850 t __libnx_exception_entry_start
000000000000c978 t __libnx_exception_entry_abort
000000000000c97c t __libnx_exception_entry_end
000000000000c984 T __libnx_exception_returnentry
000000000000c99c T __aarch64_read_tp
000000000000c9b0 0000000000000070 T condvarWaitTimeout
000000000000ca20 0000000000000410 T randomGet
000000000000ce30 0000000000000020 T randomGet64
000000000000ce50 0000000000000014 T shmemLoadRemote
000000000000ce70 0000000000000070 T shmemMap
000000000000cee0 0000000000000034 T shmemUnmap
000000000000cf20 000000000000004c T shmemClose
000000000000cf70 00000000000000b0 T __libnx_init_thread
000000000000d020 0000000000000010 T threadTlsGet
000000000000d030 0000000000000010 T threadTlsSet
000000000000d040 00000000000000d8 T threadTlsAlloc
000000000000d120 0000000000000044 T threadTlsFree
000000000000d170 00000000000000b4 t _fsCleanup
000000000000d230 00000000000001c0 t _fsCmdNoIO
000000000000d3f0 00000000000001e0 t _fsFsCmdWithInPath
000000000000d5d0 00000000000001f8 t _fsFsCmdWithTwoInPaths
000000000000d7d0 000000000000028c t _fsFsOpenCommon
000000000000da60 00000000000001fc t _fsFsCmdWithInPathAndOutU64
000000000000dc60 00000000000000f8 t _fsObjectClose
000000000000dd60 000000000000017c t _fsCmdGetSession.constprop.0
000000000000dee0 00000000000002f8 T fsInitialize
000000000000e1e0 0000000000000048 T fsExit
000000000000e230 0000000000000008 T fsOpenSdCardFileSystem
000000000000e240 00000000000001ec T fsFsCreateFile
000000000000e430 0000000000000008 T fsFsDeleteFile
000000000000e440 0000000000000008 T fsFsCreateDirectory
000000000000e450 0000000000000008 T fsFsDeleteDirectory
000000000000e460 0000000000000008 T fsFsRenameFile
000000000000e470 0000000000000008 T fsFsRenameDirectory
000000000000e480 00000000000001f0 T fsFsGetEntryType
000000000000e670 0000000000000008 T fsFsOpenFile
000000000000e680 0000000000000008 T fsFsOpenDirectory
000000000000e690 0000000000000008 T fsFsGetFreeSpace
000000000000e6a0 0000000000000008 T fsFsGetTotalSpace
000000000000e6b0 0000000000000230 T fsFsGetFileTimeStampRaw
000000000000e8e0 0000000000000004 T fsFsClose
000000000000e8f0 0000000000000214 T fsFileRead
000000000000eb10 00000000000001f8 T fsFileWrite
000000000000ed10 0000000000000008 T fsFileFlush
000000000000ed20 00000000000001c0 T fsFileSetSize
000000000000ed20 00000000000001c0 t fsFileSetSize.localalias
000000000000eee0 00000000000001d4 T fsFileGetSize
000000000000eee0 00000000000001d4 t fsFileGetSize.localalias
000000000000f0c0 0000000000000004 T fsFileClose
000000000000f0d0 0000000000000004 T fsDirClose
000000000000f0e0 0000000000000204 T fsDirRead
000000000000f2f0 00000000000000d0 t _nvCleanup
000000000000f3c0 00000000000000d4 t _nvCmdInitialize.constprop.0
000000000000f4a0 0000000000000018 W __nx_nv_create_tmem
000000000000f4c0 00000000000003a8 T nvInitialize
000000000000f870 0000000000000048 T nvExit
000000000000f8c0 00000000000000f4 T nvConvertError
000000000000f9c0 0000000000000114 T nvOpen
000000000000fae0 0000000000000310 T nvIoctl
000000000000fdf0 00000000000000d4 T nvClose
000000000000fed0 000000000000010c T nvQueryEvent
000000000000ffe0 00000000000000d0 t _setsysGetFirmwareVersionImpl
00000000000100b0 0000000000000078 t _setsysCleanup
0000000000010130 00000000000000a0 T setsysInitialize
00000000000101d0 0000000000000048 T setsysExit
0000000000010220 0000000000000048 T setsysGetFirmwareVersion
0000000000010270 000000000000027c t _timeCleanup
00000000000104f0 0000000000000100 t _timeCmdGetSession.constprop.0
00000000000105f0 0000000000000104 t _timeReadClockFromSharedMem
0000000000010700 0000000000000300 T timeInitialize
0000000000010a00 0000000000000048 T timeExit
0000000000010a50 0000000000000038 T timeGetServiceSession_SystemClock
0000000000010a90 00000000000000fc T timeGetCurrentTime
0000000000010b90 0000000000000108 T timeToCalendarTimeWithMyRule
0000000000010ca0 0000000000000114 T timeToPosixTimeWithMyRule
0000000000010dc0 0000000000000230 t _viCleanup
0000000000010ff0 0000000000000100 t _viCmdGetSessionNoParams.constprop.0
00000000000110f0 0000000000000368 T viInitialize
0000000000011460 0000000000000048 T viExit
00000000000114b0 000000000000000c T viGetSession_IHOSBinderDriverRelay
00000000000114c0 000000000000010c T viOpenDisplay
00000000000115d0 00000000000000ec T viCloseDisplay
00000000000116c0 00000000000000f4 T viCloseLayer
00000000000117c0 0000000000000394 T viCreateLayer
0000000000011b60 00000000000000d8 T viSetLayerScalingMode
0000000000011c40 0000000000000074 t _nvFenceCleanup
0000000000011cc0 0000000000000098 T nvFenceInit
0000000000011d60 0000000000000048 T nvFenceExit
0000000000011db0 0000000000000290 T nvFenceWait
0000000000012040 000000000000007c T nvMultiFenceWait
00000000000120c0 00000000000000ac T nvMapInit
0000000000012170 0000000000000074 T nvMapExit
00000000000121f0 000000000000008c T nvMapClose
0000000000012280 0000000000000160 T nvMapCreate
00000000000123e0 0000000000000024 T nvioctlNvhostCtrl_EventSignal
0000000000012410 000000000000003c T nvioctlNvhostCtrl_EventWait
0000000000012450 0000000000000028 T nvioctlNvhostCtrl_EventWaitAsync
0000000000012480 0000000000000024 T nvioctlNvhostCtrl_EventRegister
00000000000124b0 0000000000000024 T nvioctlNvhostCtrl_EventUnregister
00000000000124e0 000000000000003c T nvioctlNvmap_Create
0000000000012520 0000000000000030 T nvioctlNvmap_Alloc
0000000000012550 0000000000000030 T nvioctlNvmap_Free
0000000000012580 000000000000003c T nvioctlNvmap_GetId
00000000000125c0 000000000000001c T binderCreate
00000000000125e0 000000000000035c T binderTransactParcel
0000000000012940 00000000000000e8 T binderConvertErrorCode
0000000000012a30 0000000000000124 T binderAdjustRefcount
0000000000012b60 000000000000009c T binderInitSession
0000000000012c00 000000000000005c T binderClose
0000000000012c60 0000000000000154 T binderGetNativeHandle
0000000000012dc0 00000000000000c8 T bqRequestBuffer
0000000000012e90 0000000000000128 T bqDequeueBuffer
0000000000012fc0 00000000000000c8 T bqQueueBuffer
0000000000013090 0000000000000084 T bqCancelBuffer
0000000000013120 00000000000000d0 T bqConnect
00000000000131f0 0000000000000088 T bqDisconnect
0000000000013280 0000000000000194 T bqSetPreallocatedBuffer
0000000000013420 0000000000000030 T parcelCreate
0000000000013450 0000000000000174 T parcelTransact
00000000000135d0 0000000000000080 T parcelWriteData
0000000000013650 0000000000000088 T parcelReadData
00000000000136e0 0000000000000020 T parcelWriteInt32
0000000000013700 0000000000000020 T parcelWriteUInt32
0000000000013720 000000000000007c T parcelWriteString16
00000000000137a0 0000000000000030 T parcelWriteInterfaceToken
00000000000137d0 0000000000000024 T parcelReadInt32
0000000000013800 0000000000000068 T parcelReadFlattenedObject
0000000000013870 0000000000000044 T parcelWriteFlattenedObject
00000000000138c0 0000000000000184 T sessionmgrCreate
0000000000013a50 0000000000000084 T sessionmgrClose
0000000000013ae0 00000000000000a8 T sessionmgrAttachClient
0000000000013b90 0000000000000060 T sessionmgrDetachClient
0000000000013c00 0000000000000004 T operator delete(void*, unsigned long)
0000000000013c20 0000000000000004 T operator delete[](void*)
0000000000013c40 0000000000000068 T operator new(unsigned long)
0000000000013cc0 0000000000000004 T operator new[](unsigned long)
0000000000013ce0 000000000000005c W std::__cxx11::basic_string<char, std::char_traits<char>, std::allocator<char> >::_M_create(unsigned long&, unsigned long)
0000000000013d40 0000000000000018 W std::__cxx11::basic_string<char, std::char_traits<char>, std::allocator<char> >::_M_dispose()
0000000000013d60 000000000000000c T std::bad_alloc::what() const
0000000000013d80 0000000000000014 T std::bad_alloc::~bad_alloc()
0000000000013d80 0000000000000014 T std::bad_alloc::~bad_alloc()
0000000000013da0 0000000000000020 T std::bad_alloc::~bad_alloc()
0000000000013dc0 0000000000000004 T operator delete(void*)
0000000000013de0 000000000000000c W __gnu_cxx::__concurrence_lock_error::what() const
0000000000013e00 000000000000000c W __gnu_cxx::__concurrence_unlock_error::what() const
0000000000013e20 0000000000000014 W __gnu_cxx::__concurrence_lock_error::~__concurrence_lock_error()
0000000000013e20 0000000000000014 W __gnu_cxx::__concurrence_lock_error::~__concurrence_lock_error()
0000000000013e40 0000000000000038 W __gnu_cxx::__concurrence_lock_error::~__concurrence_lock_error()
0000000000013e80 0000000000000014 W __gnu_cxx::__concurrence_unlock_error::~__concurrence_unlock_error()
0000000000013e80 0000000000000014 W __gnu_cxx::__concurrence_unlock_error::~__concurrence_unlock_error()
0000000000013ea0 0000000000000038 W __gnu_cxx::__concurrence_unlock_error::~__concurrence_unlock_error()
0000000000013ee0 0000000000000110 t (anonymous namespace)::pool::free(void*) [clone .constprop.0]
0000000000014000 00000000000000cc t (anonymous namespace)::pool::allocate(unsigned long) [clone .constprop.0]
00000000000140e0 0000000000000058 T __cxa_allocate_exception
0000000000014140 0000000000000028 T __cxa_free_exception
0000000000014180 000000000000009c T __cxa_begin_catch
0000000000014220 0000000000000004 T std::exception::~exception()
0000000000014220 0000000000000004 T std::exception::~exception()
0000000000014240 0000000000000044 t eh_globals_dtor(void*)
00000000000142a0 0000000000000080 T __cxa_get_globals
0000000000014320 000000000000007c t get_adjusted_ptr(std::type_info const*, std::type_info const*, void**)
00000000000143a0 0000000000000138 t read_encoded_value_with_base(unsigned char, unsigned long, unsigned char const*, unsigned long*)
00000000000144e0 0000000000000064 t base_of_encoded_value(unsigned char, _Unwind_Context*)
0000000000014560 0000000000000108 t check_exception_spec(lsda_header_info*, std::type_info const*, void*, long)
0000000000014680 00000000000000f8 t parse_lsda_header(_Unwind_Context*, unsigned char const*, lsda_header_info*)
0000000000014780 0000000000000630 T __gxx_personality_v0
0000000000014dc0 0000000000000018 T __cxxabiv1::__terminate(void (*)())
0000000000014de0 0000000000000010 T std::get_terminate()
0000000000014e00 0000000000000010 T __cxxabiv1::__unexpected(void (*)())
0000000000014e20 0000000000000010 T std::get_unexpected()
0000000000014e40 0000000000000058 t __gxx_exception_cleanup(_Unwind_Reason_Code, _Unwind_Exception*)
0000000000014ea0 0000000000000054 T __cxa_init_primary_exception
0000000000014f00 000000000000005c T __cxa_throw
0000000000014f60 0000000000000010 T std::get_new_handler()
0000000000014f80 0000000000000014 T __cxxabiv1::__si_class_type_info::~__si_class_type_info()
0000000000014f80 0000000000000014 T __cxxabiv1::__si_class_type_info::~__si_class_type_info()
0000000000014fa0 0000000000000020 T __cxxabiv1::__si_class_type_info::~__si_class_type_info()
0000000000014fc0 0000000000000194 T __cxxabiv1::__si_class_type_info::__do_dyncast(long, __cxxabiv1::__class_type_info::__sub_kind, __cxxabiv1::__class_type_info const*, void const*, __cxxabiv1::__class_type_info const*, void const*, __cxxabiv1::__class_type_info::__dyncast_result&) const
0000000000015160 00000000000000a8 T __cxxabiv1::__si_class_type_info::__do_find_public_src(long, void const*, __cxxabiv1::__class_type_info const*, void const*) const
0000000000015220 0000000000000064 T __cxxabiv1::__si_class_type_info::__do_upcast(__cxxabiv1::__class_type_info const*, void const*, __cxxabiv1::__class_type_info::__upcast_result&) const
00000000000152a0 0000000000000004 T std::type_info::~type_info()
00000000000152a0 0000000000000004 T std::type_info::~type_info()
00000000000152c0 0000000000000008 T std::type_info::__is_pointer_p() const
00000000000152c0 0000000000000008 T std::type_info::__is_function_p() const
00000000000152e0 0000000000000008 T std::logic_error::what() const
00000000000152e0 0000000000000008 T std::runtime_error::what() const
0000000000015300 0000000000000074 T std::logic_error::~logic_error()
0000000000015300 0000000000000074 T std::logic_error::~logic_error()
0000000000015380 000000000000001c T std::logic_error::~logic_error()
00000000000153a0 0000000000000014 T std::length_error::~length_error()
00000000000153a0 0000000000000014 T std::length_error::~length_error()
00000000000153c0 000000000000001c T std::length_error::~length_error()
00000000000153e0 00000000000000f8 T std::logic_error::logic_error(char const*)
00000000000153e0 00000000000000f8 T std::logic_error::logic_error(char const*)
00000000000154e0 0000000000000030 T std::length_error::length_error(char const*)
00000000000154e0 0000000000000030 T std::length_error::length_error(char const*)
0000000000015520 0000000000000080 W std::string::_Rep::_S_create(unsigned long, unsigned long, std::allocator<char> const&)
00000000000155a0 0000000000000004 W std::string::_Rep::_M_destroy(std::allocator<char> const&)
00000000000155c0 0000000000000068 T __cxxabiv1::__class_type_info::__do_upcast(__cxxabiv1::__class_type_info const*, void**) const
0000000000015640 0000000000000010 T __cxxabiv1::__class_type_info::__do_find_public_src(long, void const*, __cxxabiv1::__class_type_info const*, void const*) const
0000000000015660 0000000000000014 T __cxxabiv1::__class_type_info::~__class_type_info()
0000000000015660 0000000000000014 T __cxxabiv1::__class_type_info::~__class_type_info()
0000000000015680 0000000000000020 T __cxxabiv1::__class_type_info::~__class_type_info()
00000000000156a0 0000000000000090 T __cxxabiv1::__class_type_info::__do_upcast(__cxxabiv1::__class_type_info const*, void const*, __cxxabiv1::__class_type_info::__upcast_result&) const
0000000000015740 00000000000000a8 T __cxxabiv1::__class_type_info::__do_catch(std::type_info const*, void**, unsigned int) const
0000000000015800 00000000000000ec T __cxxabiv1::__class_type_info::__do_dyncast(long, __cxxabiv1::__class_type_info::__sub_kind, __cxxabiv1::__class_type_info const*, void const*, __cxxabiv1::__class_type_info const*, void const*, __cxxabiv1::__class_type_info::__dyncast_result&) const
0000000000015900 0000000000000298 t init_dwarf_reg_size_table
0000000000015ba0 000000000000018c t uw_install_context_1
0000000000015d40 000000000000018c t read_encoded_value
0000000000015ee0 00000000000007f8 t execute_stack_op
00000000000166e0 0000000000000334 t uw_update_context_1
0000000000016a20 00000000000000f8 t uw_update_context
0000000000016b20 0000000000000868 t execute_cfa_program_specialized
00000000000173a0 0000000000000898 t execute_cfa_program_generic
0000000000017c40 000000000000043c t uw_frame_state_for
0000000000018080 000000000000036c t uw_init_context_1
0000000000018400 0000000000000140 t _Unwind_RaiseException_Phase2
0000000000018540 0000000000000154 t _Unwind_ForcedUnwind_Phase2
00000000000186a0 0000000000000050 t _Unwind_SetGR
0000000000018700 0000000000000014 t _Unwind_GetIPInfo
0000000000018720 0000000000000008 t _Unwind_SetIP
0000000000018740 0000000000000008 t _Unwind_GetLanguageSpecificData
0000000000018760 0000000000000008 t _Unwind_GetRegionStart
0000000000018780 0000000000000008 t _Unwind_GetDataRelBase
00000000000187a0 0000000000000008 t _Unwind_GetTextRelBase
00000000000187c0 0000000000000004 t _Unwind_DebugHook
00000000000187e0 00000000000001a4 t _Unwind_RaiseException
00000000000189a0 000000000000012c t _Unwind_Resume
0000000000018ae0 000000000000001c t _Unwind_DeleteException
0000000000018b00 0000000000000018 t fde_unencoded_compare
0000000000018b20 000000000000002c t fde_unencoded_extract
0000000000018b60 00000000000000ec t frame_downheap
0000000000018c60 0000000000000138 t read_encoded_value_with_base
0000000000018da0 0000000000000220 t fde_radixsort
0000000000018fc0 0000000000000110 t __deregister_frame_info_bases.part.0
00000000000190e0 0000000000000124 t get_cie_encoding
0000000000019220 00000000000000d8 t fde_mixed_encoding_extract
0000000000019300 00000000000001e0 t classify_object_over_fdes.constprop.0
00000000000194e0 00000000000000bc t fde_single_encoding_extract
00000000000195a0 00000000000000a8 t fde_single_encoding_compare
0000000000019660 000000000000010c t fde_mixed_encoding_compare
0000000000019780 0000000000000234 t add_fdes.isra.0
00000000000199c0 00000000000002e8 t linear_search_fdes
0000000000019cc0 0000000000000558 t search_object
000000000001a220 0000000000000060 t __register_frame_info
000000000001a280 0000000000000018 t __deregister_frame_info
000000000001a2a0 00000000000001d0 t _Unwind_Find_FDE
000000000001a470 0000000000000030 T __arm_za_disable
000000000001a470 0000000000000030 t __libgcc_arm_za_disable
000000000001a4a0 00000000000000a0 T __arm_tpidr2_save
000000000001a4a0 00000000000000a0 t __libgcc_arm_tpidr2_save
000000000001a540 0000000000000024 T getenv
000000000001a580 0000000000000104 T memset
000000000001a6a0 0000000000000034 T setenv
000000000001a700 0000000000000134 T strcmp
000000000001a840 00000000000001b4 T strncmp
000000000001aa00 00000000000000dc T memchr
000000000001aae0 000000000000001c t stdio_exit_handler
000000000001ab00 000000000000006c t cleanup_stdio
000000000001ab80 0000000000000134 t global_stdio_init.part.0
000000000001acc0 000000000000000c T __sfp_lock_acquire
000000000001ace0 000000000000000c T __sfp_lock_release
000000000001ad00 0000000000000054 T __sinit
000000000001ad60 00000000000001a4 t _strtoul_l.isra.0
000000000001af20 0000000000000034 T _strtoul_r
000000000001af60 0000000000000040 T strtoul
000000000001afa0 00000000000000a4 T __libc_init_array
000000000001b060 0000000000000088 T strncat
000000000001b100 0000000000000098 T _fwalk_sglue
000000000001b1a0 00000000000000b4 T bsearch
000000000001b260 0000000000000014 T __errno
000000000001b280 00000000000000cc T strchr
000000000001b360 000000000000002c T aligned_alloc
000000000001b3a0 0000000000000018 T abort
000000000001b3c0 00000000000000d4 T _puts_r
000000000001b4a0 000000000000001c T puts
000000000001b4c0 000000000000022c T memcpy
000000000001b4c0 T memmove
000000000001b700 0000000000000840 T _malloc_r
000000000001bf40 000000000000011c T _malloc_trim_r
000000000001c060 00000000000002d8 T _free_r
000000000001c340 0000000000000080 T printf
000000000001c3c0 0000000000000038 T malloc
000000000001c400 000000000000001c T free
000000000001c420 0000000000000028 T gmtime
000000000001c480 0000000000000130 T strlen
000000000001c5c0 00000000000000f4 T _findenv_r
000000000001c6c0 00000000000000b8 T strnlen
000000000001c780 000000000000000c T __malloc_lock
000000000001c7a0 000000000000000c T __malloc_unlock
000000000001c7c0 0000000000000258 T _setenv_r
000000000001ca40 00000000000001c8 T memcmp
000000000001cc20 0000000000000004 W __call_exitprocs
000000000001cc40 0000000000000278 T setvbuf
000000000001cec0 00000000000000ac T strncpy
000000000001cf80 00000000000000b0 T sscanf
000000000001d040 00000000000004a4 T __sfvwrite_r
000000000001d500 000000000000004c T __sread
000000000001d560 0000000000000008 T __seofread
000000000001d580 0000000000000070 T __swrite
000000000001d600 0000000000000050 T __sseek
000000000001d660 0000000000000008 T __sclose
000000000001d680 000000000000009c T _raise_r
000000000001d720 000000000000001c T raise
000000000001d740 000000000000000c T __env_lock
000000000001d760 000000000000000c T __env_unlock
000000000001d780 0000000000000130 T _fclose_r
000000000001d8c0 00000000000002a0 T gmtime_r
000000000001db60 000000000000018c T _memalign_r
000000000001dcec 0000000000000790 t get_arg
000000000001e47c 0000000000003bd4 T _vfprintf_r
0000000000022050 00000000000000d0 t __sbprintf
0000000000022120 00000000000001a4 t quorem
00000000000222e0 0000000000001320 T _dtoa_r
0000000000023600 00000000000000d0 T _wcrtomb_r
00000000000236e0 0000000000000044 T __libc_fini_array
0000000000023740 00000000000001ec T __sflush_r
0000000000023940 00000000000000bc T _fflush_r
0000000000023a00 00000000000000b0 T __swhatbuf_r
0000000000023ac0 00000000000000e8 T __smakebuf_r
0000000000023bc0 0000000000000568 T _realloc_r
0000000000024128 0000000000000074 t get_arg
000000000002419c 0000000000003260 T __ssvfscanf_r
0000000000027400 00000000000001a4 t _strtoull_l.isra.0
00000000000275c0 0000000000000034 T _strtoull_r
0000000000027600 0000000000000010 T _wcsrtombs_r
0000000000027620 00000000000000d8 T _mbrtowc_r
0000000000027700 000000000000012c T __swsetup_r
0000000000027840 000000000000000c T nanf
0000000000027860 000000000000007c T frexp
00000000000278e0 0000000000000064 T __assert_func
0000000000027960 00000000000000a4 T _Balloc
0000000000027a20 0000000000000020 T _Bfree
0000000000027a40 0000000000000118 T __multadd
0000000000027b60 0000000000000144 T __s2b
0000000000027cc0 0000000000000094 T __hi0bits
0000000000027d60 0000000000000100 T __lo0bits
0000000000027e60 000000000000004c T __i2b
0000000000027ec0 0000000000000210 T __multiply
00000000000280e0 0000000000000104 T __pow5mult
0000000000028200 0000000000000174 T __lshift
0000000000028380 0000000000000050 T __mcmp
00000000000283e0 00000000000001c4 T __mdiff
00000000000285c0 0000000000000084 T __ulp
0000000000028660 0000000000000168 T __b2d
00000000000287e0 000000000000014c T __d2b
0000000000028940 00000000000000b0 T __ratio
0000000000028a00 0000000000000074 T __copybits
0000000000028a80 0000000000000068 T __any_on
0000000000028b00 00000000000002c0 t _strtoll_l.isra.0
0000000000028dc0 0000000000000034 T _strtoll_r
0000000000028e00 000000000000002c T __locale_mb_cur_max
0000000000028e40 0000000000000058 t sulp
0000000000028ea0 00000000000012f4 T _strtod_l
000000000002a1a0 0000000000000040 T _strtod_r
000000000002a1e0 00000000000000c8 T __ssprint_r
000000000002a2c0 0000000000000080 T fiprintf
000000000002a340 0000000000000188 T _wcsnrtombs_l
000000000002a4e0 0000000000000054 T _wcsnrtombs_r
000000000002a534 00000000000000f0 T _sungetc_r
000000000002a624 0000000000000070 T __ssrefill_r
000000000002a694 00000000000000dc T _sfread_r
000000000002a780 0000000000000110 t rshift
000000000002a8a0 0000000000000860 T __gethex
000000000002b100 000000000000009c T sprintf
000000000002b1a0 00000000000002dc T __utf8_mbtowc
000000000002b480 0000000000000038 T __sprint_r
000000000002b4c0 0000000000000008 T iswspace
000000000002b4e0 0000000000000008 T __localeconv_l
000000000002b500 0000000000000028 T _localeconv_r
000000000002b540 00000000000000bc T _calloc_r
000000000002b600 000000000000002c T realloc
000000000002b62c 0000000000000790 t get_arg
000000000002bdbc 0000000000003a84 T _svfprintf_r
000000000002f840 00000000000002c0 t _strtol_l.part.0
000000000002fb00 0000000000000070 T _strtol_r
000000000002fb80 00000000000000d0 T __sccl
000000000002fc60 00000000000000ac T stpncpy
000000000002fd20 0000000000000188 T __ssputs_r
000000000002fec0 00000000000000e0 T __utf8_wctomb
000000000002ffa0 0000000000000048 T __match
0000000000030000 000000000000025c T __hexnan
0000000000030260 000000000000000c T nan
0000000000030280 0000000000000048 T iswspace_l
00000000000302e0 00000000000000b8 T __submore
0000000000030398 0000000000000790 t get_arg
0000000000030b28 0000000000002964 T _vfiprintf_r
000000000003348c 00000000000000d0 t __sbprintf
0000000000033560 0000000000000084 T category
0000000000033600 0000000000000020 T _exit
0000000000033620 000000000000016c T chdir
00000000000337a0 0000000000000218 T _concatenate_path
00000000000339c0 000000000000009c T _fstat_r
0000000000033a60 0000000000000010 T _getpid_r
0000000000033a80 0000000000000020 T __getreent
0000000000033aa0 0000000000000060 T __get_handle
0000000000033b00 00000000000000f4 T _close_r
0000000000033c00 0000000000000008 t null_write
0000000000033c20 0000000000000018 T setDefaultDevice
0000000000033c40 0000000000000110 T FindDevice
0000000000033d60 0000000000000034 T RemoveDevice
0000000000033da0 00000000000000c4 T AddDevice
0000000000033e80 0000000000000034 T GetDeviceOpTab
0000000000033ec0 0000000000000008 T _isatty_r
0000000000033ee0 0000000000000010 T _kill_r
0000000000033f00 00000000000000a0 T _lseek_r
0000000000033fa0 000000000000006c T pthread_mutex_lock
0000000000034020 000000000000006c T pthread_mutex_unlock
00000000000340a0 00000000000000d4 T pthread_once
0000000000034180 0000000000000024 T pthread_key_create
00000000000341c0 0000000000000018 T pthread_setspecific
00000000000341e0 0000000000000018 T pthread_getspecific
0000000000034200 0000000000000018 T pthread_key_delete
0000000000034220 00000000000000b0 T _read_r
00000000000342e0 0000000000000078 W _sbrk_r
0000000000034360 0000000000000014 T __libc_lock_acquire
0000000000034380 0000000000000014 T __libc_lock_release
00000000000343a0 0000000000000014 T __libc_lock_acquire_recursive
00000000000343c0 0000000000000014 T __libc_lock_release_recursive
00000000000343e0 0000000000000018 T __libc_cond_broadcast
0000000000034400 0000000000000018 T __libc_cond_wait
0000000000034420 00000000000000b0 T _write_r
00000000000344e0 0000000000000134 t __extenddftf2
0000000000034620 0000000000000380 t __trunctfdf2
00000000000349a0 0000000000000070 t __sfp_handle_exceptions
0000000000034a40 0000000000000104 T strrchr
0000000000034b48 T _init
0000000000034b80 T _fini
0000000000035630 0000000000000014 r CSWTCH.1000
0000000000035730 0000000000000018 r grayScale
0000000000035748 0000000000000006 r colorCube
0000000000035750 0000000000000030 r colorTable
0000000000035780 R default_font_bin
0000000000037780 R default_font_bin_end
0000000000037780 0000000000000038 r g_nvColorFmtTable
00000000000377b8 0000000000000024 r s_emptyFence.0
00000000000377e0 0000000000000020 r error_table
0000000000037890 0000000000000023 r g_bq_InterfaceDescriptor
00000000000378b8 000000000000000d V typeinfo name for std::bad_alloc
00000000000378c8 0000000000000027 V typeinfo name for __gnu_cxx::__concurrence_lock_error
00000000000378f0 0000000000000029 V typeinfo name for __gnu_cxx::__concurrence_unlock_error
0000000000037920 000000000000000d V typeinfo name for std::exception
0000000000037930 0000000000000020 V typeinfo name for __cxxabiv1::__forced_unwind
0000000000037950 0000000000000024 V typeinfo name for __cxxabiv1::__foreign_exception
0000000000037978 0000000000000025 V typeinfo name for __cxxabiv1::__si_class_type_info
00000000000379a0 000000000000000d V typeinfo name for std::type_info
00000000000379b0 0000000000000010 V typeinfo name for std::logic_error
00000000000379c0 0000000000000011 V typeinfo name for std::length_error
00000000000379d8 0000000000000022 V typeinfo name for __cxxabiv1::__class_type_info
0000000000037b18 0000000000000008 r terminator.0
0000000000037b20 0000000000000001 R __aarch64_have_sme
0000000000037b28 0000000000000101 R _ctype_
0000000000037d70 0000000000000010 r zeroes.0
0000000000037d80 0000000000000010 r blanks.1
0000000000037ec0 0000000000000022 r basefix.0
0000000000037ee8 000000000000006c R __action_table
0000000000037f58 000000000000006c R __state_table
0000000000037fc8 0000000000000100 R __chclass
00000000000380c8 000000000000000c r p05.0
00000000000380d8 0000000000000028 R __mprec_bigtens
0000000000038100 00000000000000c8 R __mprec_tens
00000000000381c8 0000000000000014 r fpinan.0
00000000000381e0 0000000000000014 r fpi.1
0000000000038200 0000000000000028 r tinytens
0000000000038228 0000000000000100 R __hexdig
0000000000038420 0000000000000010 r zeroes.0
0000000000038430 0000000000000010 r blanks.1
0000000000038540 0000000000000010 r zeroes.0
0000000000038550 0000000000000010 r blanks.1
0000000000038560 00000000000035dc r categories
000000000003bb40 r __tls_align
000000000003bbac r __eh_frame_hdr_end
000000000003bbac r __eh_frame_hdr_start
000000000003bbb0 r __EH_FRAME_BEGIN__
000000000004294c r __FRAME_END__
0000000000043000 d __frame_dummy_init_array_entry
0000000000043000 d __init_array_start
0000000000043000 d __preinit_array_end
0000000000043000 d __preinit_array_start
0000000000043000 d __relro_start
0000000000043018 d __do_global_dtors_aux_fini_array_entry
0000000000043018 d __fini_array_start
0000000000043018 d __init_array_end
0000000000043028 d __fini_array_end
0000000000043030 0000000000000030 d servarray.0
0000000000043060 0000000000000100 d dotab_stdout
0000000000043160 0000000000000100 d fsdev_devoptab
0000000000043260 0000000000000100 D dotab_stdnull
0000000000043360 0000000000000018 V typeinfo for std::bad_alloc
0000000000043378 0000000000000028 V vtable for std::bad_alloc
00000000000433a0 0000000000000018 V typeinfo for __gnu_cxx::__concurrence_lock_error
00000000000433b8 0000000000000018 V typeinfo for __gnu_cxx::__concurrence_unlock_error
00000000000433d0 0000000000000028 V vtable for __gnu_cxx::__concurrence_lock_error
00000000000433f8 0000000000000028 V vtable for __gnu_cxx::__concurrence_unlock_error
0000000000043420 0000000000000010 V typeinfo for std::exception
0000000000043430 0000000000000010 V typeinfo for __cxxabiv1::__forced_unwind
0000000000043440 0000000000000010 V typeinfo for __cxxabiv1::__foreign_exception
0000000000043450 0000000000000018 V typeinfo for __cxxabiv1::__si_class_type_info
0000000000043468 0000000000000058 V vtable for __cxxabiv1::__si_class_type_info
00000000000434c0 0000000000000010 V typeinfo for std::type_info
00000000000434d0 0000000000000018 V typeinfo for std::logic_error
00000000000434e8 0000000000000018 V typeinfo for std::length_error
0000000000043500 0000000000000028 V vtable for std::logic_error
0000000000043528 0000000000000028 V vtable for std::length_error
0000000000043550 0000000000000018 V typeinfo for __cxxabiv1::__class_type_info
0000000000043568 0000000000000058 V vtable for __cxxabiv1::__class_type_info
00000000000435c0 a _DYNAMIC
0000000000043710 d __got_start__
0000000000043710 a _GLOBAL_OFFSET_TABLE_
0000000000043a98 d __got_end__
0000000000044000 d __data_start
0000000000044000 0000000000000008 V __nx_applet_init_timeout
0000000000044008 0000000000000001 V __nx_applet_auto_notifyrunning
000000000004400c 0000000000000004 V __nx_applet_type
0000000000044010 0000000000000008 d currentConsole
0000000000044018 0000000000000050 d defaultConsole
0000000000044068 0000000000000088 d s_consoleSwRenderer
00000000000440f0 0000000000000008 V __nx_exception_stack_size
00000000000440f8 0000000000000001 V __nx_fsdev_support_cwd
00000000000440fc 0000000000000004 V __nx_fsdev_direntry_cache_size
0000000000044100 0000000000000004 V __nx_fs_num_sessions
0000000000044104 0000000000000004 V __nx_nv_transfermem_size
0000000000044108 0000000000000004 V __nx_nv_service_type
000000000004410c 0000000000000004 d g_viServiceType
0000000000044110 0000000000000004 V __nx_vi_stray_layer_flags
0000000000044114 0000000000000004 d g_ctrl_fd
0000000000044118 0000000000000004 d g_nvmap_fd
0000000000044120 0000000000000008 V DW.ref.__gxx_personality_v0
0000000000044128 0000000000000008 D __cxxabiv1::__unexpected_handler
0000000000044130 0000000000000008 D __cxxabiv1::__terminate_handler
0000000000044138 0000000000000018 D __sglue
0000000000044150 0000000000000008 D __malloc_sbrk_base
0000000000044158 0000000000000008 D __malloc_trim_threshold
0000000000044160 0000000000000810 D __malloc_av_
0000000000044970 0000000000000008 D _impure_ptr
0000000000044978 0000000000000180 D _impure_data
0000000000044af8 0000000000000008 D environ
0000000000044b00 00000000000001a8 D __global_locale
0000000000044cb0 0000000000000400 d _current_working_directory
00000000000450c0 0000000000002000 d handles
00000000000470c0 0000000000000010 d __stderr_handle
00000000000470d0 0000000000000010 d __stdout_handle
00000000000470e0 0000000000000010 d __stdin_handle
00000000000470f0 0000000000000118 D devoptab_list
0000000000047208 0000000000000004 d defaultDevice
0000000000047210 b __bss_start__
0000000000047210 d __tdata_lma
0000000000047210 d __tdata_lma_end
0000000000047210 b completed.1
0000000000047218 b object.0
0000000000047248 0000000000000008 b g_appletGuard
0000000000047250 0000000000000001 b g_appletInfoInitialized
0000000000047258 0000000000000050 b g_appletInfo
00000000000472a8 0000000000000004 b g_appletCpuBoostMode
00000000000472b0 000000000000000c b g_appletLibraryAppletLaunchableEvent
00000000000472bc 0000000000000001 b g_appletSuspendedTickInitialized
00000000000472c0 0000000000000008 b g_appletSuspendedTick
00000000000472c8 0000000000000008 b g_appletInitTickBase
00000000000472d0 000000000000000c b g_appletSuspendedTickEvent
00000000000472dc 0000000000000001 b g_appletCopyrightInitialized
00000000000472e0 0000000000000028 b g_appletCopyrightTmem
0000000000047308 0000000000000004 b g_appletRecordingInitialized
0000000000047310 0000000000000028 b g_appletRecordingTmem
0000000000047338 0000000000000018 b g_appletFirstHook
0000000000047350 0000000000000001 b g_appletNotifiedRunning
0000000000047351 0000000000000001 b g_appletFocusState
0000000000047354 0000000000000004 b g_appletPerformanceMode
0000000000047358 0000000000000001 b g_appletOperationMode
0000000000047360 0000000000000008 b g_appletResourceUserId
0000000000047368 000000000000000c b g_appletMessageEvent
0000000000047378 0000000000000010 b g_appletIDebugFunctions
0000000000047388 0000000000000010 b g_appletIDisplayController
0000000000047398 0000000000000010 b g_appletIAudioController
00000000000473a8 0000000000000010 b g_appletIWindowController
00000000000473b8 0000000000000010 b g_appletISelfController
00000000000473c8 0000000000000010 b g_appletICommonStateGetter
00000000000473d8 0000000000000010 b g_appletILibraryAppletCreator
00000000000473e8 0000000000000010 b g_appletIProcessWindingController
00000000000473f8 0000000000000010 b g_appletILibraryAppletSelfAccessor
0000000000047408 0000000000000010 b g_appletIApplicationCreator
0000000000047418 0000000000000010 b g_appletIGlobalStateController
0000000000047428 0000000000000010 b g_appletIFunctions
0000000000047438 0000000000000010 b g_appletIAppletCommonFunctions
0000000000047448 0000000000000004 b g_appletExitProcessResult
000000000004744c 0000000000000001 b g_appletExitProcessFlag
000000000004744d 0000000000000001 b g_appletLeftInitialized
0000000000047450 0000000000000010 b g_appletProxySession
0000000000047460 0000000000000010 b g_appletSrv
0000000000047470 0000000000000004 V __nx_applet_exit_mode
0000000000047478 0000000000000008 V __nx_applet_PerformanceConfiguration
0000000000047480 0000000000000080 V __nx_applet_AppletAttribute
0000000000047500 0000000000000008 b g_nsGuard
0000000000047508 0000000000000010 b g_nsGetterSrv
0000000000047518 0000000000000010 b g_nsAppManSrv
0000000000047528 0000000000000008 b g_smGuard
0000000000047530 0000000000000008 b g_smOverridesNum
0000000000047538 0000000000000180 b g_smOverrides
00000000000476b8 0000000000000010 b g_smSrv
00000000000476c8 0000000000000008 b g_userIdStorage
00000000000476d0 0000000000000010 b g_randomSeed
00000000000476e0 0000000000000001 b g_hasRandomSeed
00000000000476e4 0000000000000004 b g_lastLoadResult
00000000000476e8 0000000000000008 b g_nextLoadArgv
00000000000476f0 0000000000000008 b g_nextLoadPath
00000000000476f8 0000000000000004 b g_processHandle
0000000000047700 0000000000000018 b g_syscallHints
0000000000047718 0000000000000008 b g_overrideArgv
0000000000047720 0000000000000008 b g_overrideHeapSize
0000000000047728 0000000000000008 b g_overrideHeapAddr
0000000000047730 0000000000000008 b g_loaderRetAddr
0000000000047738 0000000000000004 b g_mainThreadHandle
0000000000047740 0000000000000008 b g_loaderInfoSize
0000000000047748 0000000000000008 b g_loaderInfo
0000000000047750 0000000000000001 b g_isNso
0000000000047754 0000000000000004 b g_hosVersion
0000000000047758 0000000000000001 b didFirstConsoleInit.0
0000000000047760 0000000000000050 b currentCopy
00000000000477b0 B __stack_top
00000000000477b8 0000000000000001 b g_IsLegacyKernel
00000000000477c0 0000000000000008 b g_Reservations
00000000000477d0 0000000000000010 b g_StackRegion
00000000000477e0 0000000000000010 b g_AslrRegion
00000000000477f0 0000000000000010 b g_HeapRegion
0000000000047800 0000000000000010 b g_AliasRegion
0000000000047810 0000000000000004 b g_VirtmemMutex
0000000000047818 0000000000000008 b g_apmGuard
0000000000047820 0000000000000010 b g_apmISession
0000000000047830 0000000000000010 b g_apmSrv
0000000000047840 0000000000000008 b g_hidGuard
0000000000047848 0000000000000008 b g_sevenSixAxisSensorBuffer
0000000000047850 0000000000000020 b g_hidSharedmem
0000000000047870 0000000000000010 b g_hidIActiveVibrationDeviceList
0000000000047880 0000000000000010 b g_hidIAppletResource
0000000000047890 0000000000000010 b g_hidSrv
00000000000478a0 0000000000000080 b g_defaultWin
0000000000047920 0000000000000010 b g_viLayer
0000000000047930 0000000000000050 b g_viDisplay
0000000000047980 0000000000000008 b g_argv_empty
0000000000047988 0000000000000008 B __system_argv
0000000000047990 0000000000000004 B __system_argc
00000000000479a0 0000000000000340 B __nx_exceptiondump
0000000000047ce0 0000000000000004 V __nx_exception_ignoredebug
0000000000047cf0 0000000000000400 V __nx_exception_stack
00000000000480f0 0000000000000008 V __nx_heap_size
00000000000480f8 0000000000000008 b __bootticks
0000000000048100 0000000000000008 b __boottime
0000000000048108 0000000000000004 V __nx_time_type
0000000000048110 0000000000000004 B __nxlink_host
0000000000048120 0000000000002800 b fsdev_fsdevices
000000000004a920 0000000000000004 b fsdev_fsdevice_cwd
000000000004a924 0000000000000001 b fsdev_initialised
000000000004a928 0000000000000004 b g_randMutex
000000000004a92c 0000000000000001 b g_randInit
000000000004a930 0000000000000040 b g_chacha
000000000004a970 00000000000000d8 b g_tlsDestructors
000000000004aa48 0000000000000008 b g_tlsUsageMask
000000000004aa50 0000000000000038 b g_mainThread
000000000004aa88 0000000000000008 b g_threadList
000000000004aa90 0000000000000004 b g_threadMutex
000000000004aa98 0000000000000008 b g_fsGuard
000000000004aaa0 0000000000000054 b g_fsSessionMgr
000000000004aaf8 0000000000000010 b g_fsSrv
000000000004ab08 0000000000000008 b g_nvGuard
000000000004ab10 0000000000000028 b g_nvTransfermem
000000000004ab38 0000000000000010 b g_nvSrvClone
000000000004ab48 0000000000000010 b g_nvSrv
000000000004ab58 0000000000000008 b g_setsysGuard
000000000004ab60 0000000000000010 b g_setsysSrv
000000000004ab70 0000000000000008 b g_timeGuard
000000000004ab78 0000000000000020 b g_timeSharedmem
000000000004ab98 0000000000000010 b g_timeLocalSystemClock
000000000004aba8 0000000000000010 b g_timeTimeZoneService
000000000004abb8 0000000000000010 b g_timeSteadyClock
000000000004abc8 0000000000000010 b g_timeNetworkSystemClock
000000000004abd8 0000000000000010 b g_timeUserSystemClock
000000000004abe8 0000000000000010 b g_timeSrv
000000000004abf8 0000000000000004 V __nx_time_service_type
000000000004ac00 0000000000000008 b g_viGuard
000000000004ac08 0000000000000010 b g_viIHOSBinderDriverIndirect
000000000004ac18 0000000000000010 b g_viIManagerDisplayService
000000000004ac28 0000000000000010 b g_viISystemDisplayService
000000000004ac38 0000000000000010 b g_viIHOSBinderDriverRelay
000000000004ac48 0000000000000010 b g_viIApplicationDisplayService
000000000004ac58 0000000000000010 b g_viRootService
000000000004ac68 0000000000000008 V __nx_vi_layer_id
000000000004ac70 0000000000000008 b g_nvFenceGuard
000000000004ac78 0000000000000300 b g_NvEvents
000000000004af78 0000000000000008 b g_NvEventUsedMask
000000000004af80 0000000000000008 b g_nvMapGuard
000000000004af90 0000000000000028 b (anonymous namespace)::emergency_pool
000000000004afb8 0000000000000004 b init
000000000004afbc 0000000000000001 B __eh_globals_init::_S_init
000000000004afc0 0000000000000010 b (anonymous namespace)::eh_globals
000000000004afd0 0000000000000008 b (anonymous namespace)::__new_handler
000000000004afd8 0000000000000020 V std::string::_Rep::_S_empty_rep_storage
000000000004aff8 0000000000000004 b once_regsizes.0
000000000004b000 0000000000000062 b dwarf_reg_size_table
000000000004b068 0000000000000010 b object_mutex
000000000004b078 0000000000000008 b seen_objects
000000000004b080 0000000000000008 b unseen_objects
000000000004b088 000000000000000c b __sfp_recursive_mutex
000000000004b098 0000000000000228 B __sf
000000000004b2c0 0000000000000008 B __stdio_exit_handler
000000000004b2c8 0000000000000050 B __malloc_current_mallinfo
000000000004b318 0000000000000008 B __malloc_max_total_mem
000000000004b320 0000000000000008 B __malloc_max_sbrked_mem
000000000004b328 0000000000000008 B __malloc_top_pad
000000000004b330 000000000000000c b __malloc_recursive_mutex
000000000004b33c 0000000000000004 b alloced.0
000000000004b340 000000000000000c b __env_recursive_mutex
000000000004b350 0000000000000008 b initial_env
000000000004b360 0000000000000400 b temp_cwd
000000000004b760 0000000000000004 b __hndl_lock
000000000004b768 0000000000000008 B fake_heap_start
000000000004b770 0000000000000008 B fake_heap_end
000000000004b778 0000000000000004 b __pthread_once_cv
000000000004b77c 0000000000000004 b __pthread_once_lock
000000000004b780 0000000000000008 b heap_start.0
000000000004b788 b __tls_start
000000000004bb98 b __bss_end__
000000000004bb98 b __end__
000000000004bb98 b __tls_end
000000000004c000 b __argdata__
